[  6%] Built target SDL_uclibc
[ 98%] Built target SDL3-shared
[ 98%] Built target SDL3_net-shared
[100%] Building CXX object CMakeFiles/Tetris1.dir/src/main.cpp.o
[0;1;35mwarning: [0m[1minvalid configuration value 'PascalCase' for option 'readability-identifier-naming.ClassCase' [clang-tidy-config][0m
[0;1;35mwarning: [0m[1minvalid configuration value 'PascalCase' for option 'readability-identifier-naming.EnumCase' [clang-tidy-config][0m
[0;1;35mwarning: [0m[1minvalid configuration value 'PascalCase' for option 'readability-identifier-naming.StructCase' [clang-tidy-config][0m
[0;1;35mwarning: [0m[1minvalid configuration value 'snake_case' for option 'readability-identifier-naming.FunctionCase' [clang-tidy-config][0m
[0;1;35mwarning: [0m[1minvalid configuration value 'snake_case' for option 'readability-identifier-naming.MemberCase' [clang-tidy-config][0m
[0;1;35mwarning: [0m[1minvalid configuration value 'snake_case' for option 'readability-identifier-naming.MethodCase' [clang-tidy-config][0m
[0;1;35mwarning: [0m[1minvalid configuration value 'snake_case' for option 'readability-identifier-naming.VariableCase' [clang-tidy-config][0m
[1m/home/fors/proj/tetris/src/main.cpp:9:9: [0m[0;1;35mwarning: [0m[1mvariable name 'x' is too short, expected at least 3 characters [readability-identifier-length][0m
    9 |     int x = 10;[0m
      | [0;1;32m        ^
[0m[1m/home/fors/proj/tetris/src/main.cpp:9:13: [0m[0;1;35mwarning: [0m[1m10 is a magic number; consider replacing it with a named constant [cppcoreguidelines-avoid-magic-numbers][0m
    9 |     int x = 10;[0m
      | [0;1;32m            ^
[0m[1m/home/fors/proj/tetris/src/main.cpp:38:5: [0m[0;1;35mwarning: [0m[1muninitialized record type: 'layout' [cppcoreguidelines-pro-type-member-init][0m
   38 |     UILayout layout;[0m
      | [0;1;32m    ^              
[0m      | [0;32m                   {}
[0m[1m/home/fors/proj/tetris/src/main.cpp:39:66: [0m[0;1;35mwarning: [0m[1m0.015f is a magic number; consider replacing it with a named constant [cppcoreguidelines-avoid-magic-numbers][0m
   39 |     layout.padding = SDL_min((float)render_w, (float)render_h) * 0.015f; [0m
      | [0;1;32m                                                                 ^
[0m[1m/home/fors/proj/tetris/src/main.cpp:39:66: [0m[0;1;35mwarning: [0m[1mfloating point literal has suffix 'f', which is not uppercase [readability-uppercase-literal-suffix][0m
   39 |     layout.padding = SDL_min((float)render_w, (float)render_h) * 0.015f; [0m
      | [0;1;32m                                                                 ^    ~
[0m      | [0;32m                                                                      F
[0m[1m/home/fors/proj/tetris/src/main.cpp:40:47: [0m[0;1;35mwarning: [0m[1m0.5f is a magic number; consider replacing it with a named constant [cppcoreguidelines-avoid-magic-numbers][0m
   40 |     layout.section_padding = layout.padding * 0.5f; [0m
      | [0;1;32m                                              ^
[0m[1m/home/fors/proj/tetris/src/main.cpp:40:47: [0m[0;1;35mwarning: [0m[1mfloating point literal has suffix 'f', which is not uppercase [readability-uppercase-literal-suffix][0m
   40 |     layout.section_padding = layout.padding * 0.5f; [0m
      | [0;1;32m                                              ^  ~
[0m      | [0;32m                                                 F
[0m[1m/home/fors/proj/tetris/src/main.cpp:42:36: [0m[0;1;35mwarning: [0m[1m0.70f is a magic number; consider replacing it with a named constant [cppcoreguidelines-avoid-magic-numbers][0m
   42 |     float s2_w = (float)render_w * 0.70f;[0m
      | [0;1;32m                                   ^
[0m[1m/home/fors/proj/tetris/src/main.cpp:42:36: [0m[0;1;35mwarning: [0m[1mfloating point literal has suffix 'f', which is not uppercase [readability-uppercase-literal-suffix][0m
   42 |     float s2_w = (float)render_w * 0.70f;[0m
      | [0;1;32m                                   ^   ~
[0m      | [0;32m                                       F
[0m[1m/home/fors/proj/tetris/src/main.cpp:43:36: [0m[0;1;35mwarning: [0m[1m0.15f is a magic number; consider replacing it with a named constant [cppcoreguidelines-avoid-magic-numbers][0m
   43 |     float s1_w = (float)render_w * 0.15f;[0m
      | [0;1;32m                                   ^
[0m[1m/home/fors/proj/tetris/src/main.cpp:43:36: [0m[0;1;35mwarning: [0m[1mfloating point literal has suffix 'f', which is not uppercase [readability-uppercase-literal-suffix][0m
   43 |     float s1_w = (float)render_w * 0.15f;[0m
      | [0;1;32m                                   ^   ~
[0m      | [0;32m                                       F
[0m[1m/home/fors/proj/tetris/src/main.cpp:44:36: [0m[0;1;35mwarning: [0m[1m0.15f is a magic number; consider replacing it with a named constant [cppcoreguidelines-avoid-magic-numbers][0m
   44 |     float s3_w = (float)render_w * 0.15f;[0m
      | [0;1;32m                                   ^
[0m[1m/home/fors/proj/tetris/src/main.cpp:44:36: [0m[0;1;35mwarning: [0m[1mfloating point literal has suffix 'f', which is not uppercase [readability-uppercase-literal-suffix][0m
   44 |     float s3_w = (float)render_w * 0.15f;[0m
      | [0;1;32m                                   ^   ~
[0m      | [0;32m                                       F
[0m[1m/home/fors/proj/tetris/src/main.cpp:46:105: [0m[0;1;35mwarning: [0m[1m2.0f is a magic number; consider replacing it with a named constant [cppcoreguidelines-avoid-magic-numbers][0m
   46 |     layout.section1 = { layout.section_padding, layout.section_padding, s1_w - layout.section_padding * 2.0f, (float)render_h - layout.section_padding * 2.0f };[0m
      | [0;1;32m                                                                                                        ^
[0m[1m/home/fors/proj/tetris/src/main.cpp:46:105: [0m[0;1;35mwarning: [0m[1mfloating point literal has suffix 'f', which is not uppercase [readability-uppercase-literal-suffix][0m
   46 |     layout.section1 = { layout.section_padding, layout.section_padding, s1_w - layout.section_padding * 2.0f, (float)render_h - layout.section_padding * 2.0f };[0m
      | [0;1;32m                                                                                                        ^  ~
[0m      | [0;32m                                                                                                           F
[0m[1m/home/fors/proj/tetris/src/main.cpp:46:154: [0m[0;1;35mwarning: [0m[1m2.0f is a magic number; consider replacing it with a named constant [cppcoreguidelines-avoid-magic-numbers][0m
   46 |     layout.section1 = { layout.section_padding, layout.section_padding, s1_w - layout.section_padding * 2.0f, (float)render_h - layout.section_padding * 2.0f };[0m
      | [0;1;32m                                                                                                                                                         ^
[0m[1m/home/fors/proj/tetris/src/main.cpp:46:154: [0m[0;1;35mwarning: [0m[1mfloating point literal has suffix 'f', which is not uppercase [readability-uppercase-literal-suffix][0m
   46 |     layout.section1 = { layout.section_padding, layout.section_padding, s1_w - layout.section_padding * 2.0f, (float)render_h - layout.section_padding * 2.0f };[0m
      | [0;1;32m                                                                                                                                                         ^  ~
[0m      | [0;32m                                                                                                                                                            F
[0m[1m/home/fors/proj/tetris/src/main.cpp:47:104: [0m[0;1;35mwarning: [0m[1m2.0f is a magic number; consider replacing it with a named constant [cppcoreguidelines-avoid-magic-numbers][0m
   47 |     layout.section2 = { s1_w, layout.section_padding, s2_w, (float)render_h - layout.section_padding * 2.0f };[0m
      | [0;1;32m                                                                                                       ^
[0m[1m/home/fors/proj/tetris/src/main.cpp:47:104: [0m[0;1;35mwarning: [0m[1mfloating point literal has suffix 'f', which is not uppercase [readability-uppercase-literal-suffix][0m
   47 |     layout.section2 = { s1_w, layout.section_padding, s2_w, (float)render_h - layout.section_padding * 2.0f };[0m
      | [0;1;32m                                                                                                       ^  ~
[0m      | [0;32m                                                                                                          F
[0m[1m/home/fors/proj/tetris/src/main.cpp:48:119: [0m[0;1;35mwarning: [0m[1m2.0f is a magic number; consider replacing it with a named constant [cppcoreguidelines-avoid-magic-numbers][0m
   48 |     layout.section3 = { s1_w + s2_w + layout.section_padding, layout.section_padding, s3_w - layout.section_padding * 2.0f, (float)render_h - layout.section_padding * 2.0f };[0m
      | [0;1;32m                                                                                                                      ^
[0m[1m/home/fors/proj/tetris/src/main.cpp:48:119: [0m[0;1;35mwarning: [0m[1mfloating point literal has suffix 'f', which is not uppercase [readability-uppercase-literal-suffix][0m
   48 |     layout.section3 = { s1_w + s2_w + layout.section_padding, layout.section_padding, s3_w - layout.section_padding * 2.0f, (float)render_h - layout.section_padding * 2.0f };[0m
      | [0;1;32m                                                                                                                      ^  ~
[0m      | [0;32m                                                                                                                         F
[0m[1m/home/fors/proj/tetris/src/main.cpp:48:168: [0m[0;1;35mwarning: [0m[1m2.0f is a magic number; consider replacing it with a named constant [cppcoreguidelines-avoid-magic-numbers][0m
   48 |     layout.section3 = { s1_w + s2_w + layout.section_padding, layout.section_padding, s3_w - layout.section_padding * 2.0f, (float)render_h - layout.section_padding * 2.0f };[0m
      | [0;1;32m                                                                                                                                                                       ^
[0m[1m/home/fors/proj/tetris/src/main.cpp:48:168: [0m[0;1;35mwarning: [0m[1mfloating point literal has suffix 'f', which is not uppercase [readability-uppercase-literal-suffix][0m
   48 |     layout.section3 = { s1_w + s2_w + layout.section_padding, layout.section_padding, s3_w - layout.section_padding * 2.0f, (float)render_h - layout.section_padding * 2.0f };[0m
      | [0;1;32m                                                                                                                                                                       ^  ~
[0m      | [0;32m                                                                                                                                                                          F
[0m[1m/home/fors/proj/tetris/src/main.cpp:50:46: [0m[0;1;35mwarning: [0m[1mfloating point literal has suffix 'f', which is not uppercase [readability-uppercase-literal-suffix][0m
   50 |     layout.text_scale = (layout.section1.w / 100.0f);[0m
      | [0;1;32m                                             ^    ~
[0m      | [0;32m                                                  F
[0m[1m/home/fors/proj/tetris/src/main.cpp:51:29: [0m[0;1;35mwarning: [0m[1m0.4f is a magic number; consider replacing it with a named constant [cppcoreguidelines-avoid-magic-numbers][0m
   51 |     if (layout.text_scale < 0.4f) layout.text_scale = 0.4f;[0m
      | [0;1;32m                            ^
[0m[1m/home/fors/proj/tetris/src/main.cpp:51:29: [0m[0;1;35mwarning: [0m[1mfloating point literal has suffix 'f', which is not uppercase [readability-uppercase-literal-suffix][0m
   51 |     if (layout.text_scale < 0.4f) layout.text_scale = 0.4f;[0m
      | [0;1;32m                            ^  ~
[0m      | [0;32m                               F
[0m[1m/home/fors/proj/tetris/src/main.cpp:51:55: [0m[0;1;35mwarning: [0m[1m0.4f is a magic number; consider replacing it with a named constant [cppcoreguidelines-avoid-magic-numbers][0m
   51 |     if (layout.text_scale < 0.4f) layout.text_scale = 0.4f;[0m
      | [0;1;32m                                                      ^
[0m[1m/home/fors/proj/tetris/src/main.cpp:51:55: [0m[0;1;35mwarning: [0m[1mfloating point literal has suffix 'f', which is not uppercase [readability-uppercase-literal-suffix][0m
   51 |     if (layout.text_scale < 0.4f) layout.text_scale = 0.4f;[0m
      | [0;1;32m                                                      ^  ~
[0m      | [0;32m                                                         F
[0m[1m/home/fors/proj/tetris/src/main.cpp:56:89: [0m[0;1;35mwarning: [0m[1m0.06f is a magic number; consider replacing it with a named constant [cppcoreguidelines-avoid-magic-numbers][0m
   56 |     layout.menu_btn = { layout.section1.x, layout.section1.y, item_w, (float)render_h * 0.06f };[0m
      | [0;1;32m                                                                                        ^
[0m[1m/home/fors/proj/tetris/src/main.cpp:56:89: [0m[0;1;35mwarning: [0m[1mfloating point literal has suffix 'f', which is not uppercase [readability-uppercase-literal-suffix][0m
   56 |     layout.menu_btn = { layout.section1.x, layout.section1.y, item_w, (float)render_h * 0.06f };[0m
      | [0;1;32m                                                                                        ^   ~
[0m      | [0;32m                                                                                            F
[0m[1m/home/fors/proj/tetris/src/main.cpp:59:37: [0m[0;1;35mwarning: [0m[1m0.08f is a magic number; consider replacing it with a named constant [cppcoreguidelines-avoid-magic-numbers][0m
   59 |     float btn_h = (float)render_h * 0.08f; // Make buttons proportional to screen height[0m
      | [0;1;32m                                    ^
[0m[1m/home/fors/proj/tetris/src/main.cpp:59:37: [0m[0;1;35mwarning: [0m[1mfloating point literal has suffix 'f', which is not uppercase [readability-uppercase-literal-suffix][0m
   59 |     float btn_h = (float)render_h * 0.08f; // Make buttons proportional to screen height[0m
      | [0;1;32m                                    ^   ~
[0m      | [0;32m                                        F
[0m[1m/home/fors/proj/tetris/src/main.cpp:72:38: [0m[0;1;35mwarning: [0m[1m0.25f is a magic number; consider replacing it with a named constant [cppcoreguidelines-avoid-magic-numbers][0m
   72 |     float next_h = (float)render_h * 0.25f; [0m
      | [0;1;32m                                     ^
[0m[1m/home/fors/proj/tetris/src/main.cpp:72:38: [0m[0;1;35mwarning: [0m[1mfloating point literal has suffix 'f', which is not uppercase [readability-uppercase-literal-suffix][0m
   72 |     float next_h = (float)render_h * 0.25f; [0m
      | [0;1;32m                                     ^   ~
[0m      | [0;32m                                         F
[0m[1m/home/fors/proj/tetris/src/main.cpp:76:27: [0m[0;1;35mwarning: [0m[1m40.0f is a magic number; consider replacing it with a named constant [cppcoreguidelines-avoid-magic-numbers][0m
   76 |     float timer_level_h = 40.0f * layout.text_scale;[0m
      | [0;1;32m                          ^
[0m[1m/home/fors/proj/tetris/src/main.cpp:76:27: [0m[0;1;35mwarning: [0m[1mfloating point literal has suffix 'f', which is not uppercase [readability-uppercase-literal-suffix][0m
   76 |     float timer_level_h = 40.0f * layout.text_scale;[0m
      | [0;1;32m                          ^   ~
[0m      | [0;32m                              F
[0m[1m/home/fors/proj/tetris/src/main.cpp:105:5: [0m[0;1;35mwarning: [0m[1mdo not call c-style vararg functions [cppcoreguidelines-pro-type-vararg][0m
  105 |     SDL_LogError(SDL_LOG_CATEGORY_CUSTOM, "Error: %s", SDL_GetError());[0m
      | [0;1;32m    ^
[0m[1m/home/fors/proj/tetris/src/main.cpp:109:62: [0m[0;1;35mwarning: [0m[1mparameter name 'cx' is too short, expected at least 3 characters [readability-identifier-length][0m
  109 | static void RenderCenteredText(SDL_Renderer* renderer, float cx, float cy, float scale, const char* fmt, ...) {[0m
      | [0;1;32m                                                             ^
[0m[1m/home/fors/proj/tetris/src/main.cpp:109:72: [0m[0;1;35mwarning: [0m[1mparameter name 'cy' is too short, expected at least 3 characters [readability-identifier-length][0m
  109 | static void RenderCenteredText(SDL_Renderer* renderer, float cx, float cy, float scale, const char* fmt, ...) {[0m
      | [0;1;32m                                                                       ^
[0m[1m/home/fors/proj/tetris/src/main.cpp:110:5: [0m[0;1;35mwarning: [0m[1mdo not declare C-style arrays, use std::array<> instead [cppcoreguidelines-avoid-c-arrays,modernize-avoid-c-arrays][0m
  110 |     char buf[256];[0m
      | [0;1;32m    ^
[0m[1m/home/fors/proj/tetris/src/main.cpp:110:14: [0m[0;1;35mwarning: [0m[1m256 is a magic number; consider replacing it with a named constant [cppcoreguidelines-avoid-magic-numbers][0m
  110 |     char buf[256];[0m
      | [0;1;32m             ^
[0m[1m/home/fors/proj/tetris/src/main.cpp:111:5: [0m[0;1;35mwarning: [0m[1mdo not declare variables of type va_list; use variadic templates instead [cppcoreguidelines-pro-type-vararg][0m
  111 |     va_list args;[0m
      | [0;1;32m    ^
[0m[1m/home/fors/proj/tetris/src/main.cpp:112:14: [0m[0;1;35mwarning: [0m[1mdo not implicitly decay an array into a pointer; consider using gsl::array_view or an explicit cast instead [cppcoreguidelines-pro-bounds-array-to-pointer-decay][0m
  112 |     va_start(args, fmt);[0m
      | [0;1;32m             ^
[0m[1m/home/fors/proj/tetris/src/main.cpp:113:15: [0m[0;1;35mwarning: [0m[1mdo not implicitly decay an array into a pointer; consider using gsl::array_view or an explicit cast instead [cppcoreguidelines-pro-bounds-array-to-pointer-decay][0m
  113 |     vsnprintf(buf, sizeof(buf), fmt, args);[0m
      | [0;1;32m              ^
[0m[1m/home/fors/proj/tetris/src/main.cpp:113:38: [0m[0;1;35mwarning: [0m[1mdo not implicitly decay an array into a pointer; consider using gsl::array_view or an explicit cast instead [cppcoreguidelines-pro-bounds-array-to-pointer-decay][0m
  113 |     vsnprintf(buf, sizeof(buf), fmt, args);[0m
      | [0;1;32m                                     ^
[0m[1m/home/fors/proj/tetris/src/main.cpp:114:12: [0m[0;1;35mwarning: [0m[1mdo not implicitly decay an array into a pointer; consider using gsl::array_view or an explicit cast instead [cppcoreguidelines-pro-bounds-array-to-pointer-decay][0m
  114 |     va_end(args);[0m
      | [0;1;32m           ^
[0m[1m/home/fors/proj/tetris/src/main.cpp:116:29: [0m[0;1;35mwarning: [0m[1mdo not implicitly decay an array into a pointer; consider using gsl::array_view or an explicit cast instead [cppcoreguidelines-pro-bounds-array-to-pointer-decay][0m
  116 |     size_t len = SDL_strlen(buf);[0m
      | [0;1;32m                            ^
[0m[1m/home/fors/proj/tetris/src/main.cpp:117:11: [0m[0;1;35mwarning: [0m[1mvariable name 'tw' is too short, expected at least 3 characters [readability-identifier-length][0m
  117 |     float tw = len * 8.0f;[0m
      | [0;1;32m          ^
[0m[1m/home/fors/proj/tetris/src/main.cpp:117:16: [0m[0;1;35mwarning: [0m[1mnarrowing conversion from 'size_t' (aka 'unsigned long') to 'float' [bugprone-narrowing-conversions,cppcoreguidelines-narrowing-conversions][0m
  117 |     float tw = len * 8.0f;[0m
      | [0;1;32m               ^
[0m[1m/home/fors/proj/tetris/src/main.cpp:117:22: [0m[0;1;35mwarning: [0m[1m8.0f is a magic number; consider replacing it with a named constant [cppcoreguidelines-avoid-magic-numbers][0m
  117 |     float tw = len * 8.0f;[0m
      | [0;1;32m                     ^
[0m[1m/home/fors/proj/tetris/src/main.cpp:117:22: [0m[0;1;35mwarning: [0m[1mfloating point literal has suffix 'f', which is not uppercase [readability-uppercase-literal-suffix][0m
  117 |     float tw = len * 8.0f;[0m
      | [0;1;32m                     ^  ~
[0m      | [0;32m                        F
[0m[1m/home/fors/proj/tetris/src/main.cpp:118:11: [0m[0;1;35mwarning: [0m[1mvariable name 'th' is too short, expected at least 3 characters [readability-identifier-length][0m
  118 |     float th = 8.0f;[0m
      | [0;1;32m          ^
[0m[1m/home/fors/proj/tetris/src/main.cpp:118:16: [0m[0;1;35mwarning: [0m[1m8.0f is a magic number; consider replacing it with a named constant [cppcoreguidelines-avoid-magic-numbers][0m
  118 |     float th = 8.0f;[0m
      | [0;1;32m               ^
[0m[1m/home/fors/proj/tetris/src/main.cpp:118:16: [0m[0;1;35mwarning: [0m[1mfloating point literal has suffix 'f', which is not uppercase [readability-uppercase-literal-suffix][0m
  118 |     float th = 8.0f;[0m
      | [0;1;32m               ^  ~
[0m      | [0;32m                  F
[0m[1m/home/fors/proj/tetris/src/main.cpp:121:56: [0m[0;1;35mwarning: [0m[1m2.0f is a magic number; consider replacing it with a named constant [cppcoreguidelines-avoid-magic-numbers][0m
  121 |     SDL_RenderDebugText(renderer, (cx / scale) - (tw / 2.0f), (cy / scale) - (th / 2.0f), buf);[0m
      | [0;1;32m                                                       ^
[0m[1m/home/fors/proj/tetris/src/main.cpp:121:56: [0m[0;1;35mwarning: [0m[1mfloating point literal has suffix 'f', which is not uppercase [readability-uppercase-literal-suffix][0m
  121 |     SDL_RenderDebugText(renderer, (cx / scale) - (tw / 2.0f), (cy / scale) - (th / 2.0f), buf);[0m
      | [0;1;32m                                                       ^  ~
[0m      | [0;32m                                                          F
[0m[1m/home/fors/proj/tetris/src/main.cpp:121:84: [0m[0;1;35mwarning: [0m[1m2.0f is a magic number; consider replacing it with a named constant [cppcoreguidelines-avoid-magic-numbers][0m
  121 |     SDL_RenderDebugText(renderer, (cx / scale) - (tw / 2.0f), (cy / scale) - (th / 2.0f), buf);[0m
      | [0;1;32m                                                                                   ^
[0m[1m/home/fors/proj/tetris/src/main.cpp:121:84: [0m[0;1;35mwarning: [0m[1mfloating point literal has suffix 'f', which is not uppercase [readability-uppercase-literal-suffix][0m
  121 |     SDL_RenderDebugText(renderer, (cx / scale) - (tw / 2.0f), (cy / scale) - (th / 2.0f), buf);[0m
      | [0;1;32m                                                                                   ^  ~
[0m      | [0;32m                                                                                      F
[0m[1m/home/fors/proj/tetris/src/main.cpp:121:91: [0m[0;1;35mwarning: [0m[1mdo not implicitly decay an array into a pointer; consider using gsl::array_view or an explicit cast instead [cppcoreguidelines-pro-bounds-array-to-pointer-decay][0m
  121 |     SDL_RenderDebugText(renderer, (cx / scale) - (tw / 2.0f), (cy / scale) - (th / 2.0f), buf);[0m
      | [0;1;32m                                                                                          ^
[0m[1m/home/fors/proj/tetris/src/main.cpp:122:34: [0m[0;1;35mwarning: [0m[1mfloating point literal has suffix 'f', which is not uppercase [readability-uppercase-literal-suffix][0m
  122 |     SDL_SetRenderScale(renderer, 1.0f, 1.0f);[0m
      | [0;1;32m                                 ^  ~
[0m      | [0;32m                                    F
[0m[1m/home/fors/proj/tetris/src/main.cpp:122:40: [0m[0;1;35mwarning: [0m[1mfloating point literal has suffix 'f', which is not uppercase [readability-uppercase-literal-suffix][0m
  122 |     SDL_SetRenderScale(renderer, 1.0f, 1.0f);[0m
      | [0;1;32m                                       ^  ~
[0m      | [0;32m                                          F
[0m[1m/home/fors/proj/tetris/src/main.cpp:130:23: [0m[0;1;35mwarning: [0m[1m32 is a magic number; consider replacing it with a named constant [cppcoreguidelines-avoid-magic-numbers][0m
  130 |     char window_title[32];[0m
      | [0;1;32m                      ^
[0m[1m/home/fors/proj/tetris/src/main.cpp:131:5: [0m[0;1;35mwarning: [0m[1mdo not call c-style vararg functions [cppcoreguidelines-pro-type-vararg][0m
  131 |     SDL_snprintf(window_title, sizeof(window_title), "Tetris Client %d", CLIENT_ID);[0m
      | [0;1;32m    ^
[0m[1m/home/fors/proj/tetris/external/SDL/include/SDL3/SDL_stdinc.h:6070:22: [0m[0;1;36mnote: [0mexpanded from macro 'SDL_snprintf'[0m
 6070 | #define SDL_snprintf snprintf[0m
      | [0;1;32m                     ^
[0m[1m/home/fors/proj/tetris/src/main.cpp:131:18: [0m[0;1;35mwarning: [0m[1mdo not implicitly decay an array into a pointer; consider using gsl::array_view or an explicit cast instead [cppcoreguidelines-pro-bounds-array-to-pointer-decay][0m
  131 |     SDL_snprintf(window_title, sizeof(window_title), "Tetris Client %d", CLIENT_ID);[0m
      | [0;1;32m                 ^
[0m[1m/home/fors/proj/tetris/src/main.cpp:141:16: [0m[0;1;35mwarning: [0m[1m800 is a magic number; consider replacing it with a named constant [cppcoreguidelines-avoid-magic-numbers][0m
  141 |     window_w = 800;[0m
      | [0;1;32m               ^
[0m[1m/home/fors/proj/tetris/src/main.cpp:142:16: [0m[0;1;35mwarning: [0m[1m800 is a magic number; consider replacing it with a named constant [cppcoreguidelines-avoid-magic-numbers][0m
  142 |     window_h = 800;[0m
      | [0;1;32m               ^
[0m[1m/home/fors/proj/tetris/src/main.cpp:147:38: [0m[0;1;35mwarning: [0m[1mdo not implicitly decay an array into a pointer; consider using gsl::array_view or an explicit cast instead [cppcoreguidelines-pro-bounds-array-to-pointer-decay][0m
  147 |     if (!SDL_CreateWindowAndRenderer(window_title, window_w, window_h, window_flags, &raw_window, &raw_renderer)) {[0m
      | [0;1;32m                                     ^
[0m[1m/home/fors/proj/tetris/src/main.cpp:174:17: [0m[0;1;35mwarning: [0m[1mdo not call c-style vararg functions [cppcoreguidelines-pro-type-vararg][0m
  174 |                 SDL_Log("[APP] Starting match, reset network...");[0m
      | [0;1;32m                ^
[0m[1m/home/fors/proj/tetris/src/main.cpp:181:17: [0m[0;1;35mwarning: [0m[1mdo not call c-style vararg functions [cppcoreguidelines-pro-type-vararg][0m
  181 |                 SDL_Log("[APP] Connecting to localhost...");[0m
      | [0;1;32m                ^
[0m[1m/home/fors/proj/tetris/src/main.cpp:182:55: [0m[0;1;35mwarning: [0m[1m12345 is a magic number; consider replacing it with a named constant [cppcoreguidelines-avoid-magic-numbers][0m
  182 |                 app->net_client->connect("127.0.0.1", 12345);[0m
      | [0;1;32m                                                      ^
[0m[1m/home/fors/proj/tetris/src/main.cpp:210:38: [0m[0;1;35mwarning: [0m[1mvariable name 'd' is too short, expected at least 3 characters [readability-identifier-length][0m
  210 |                     for (const auto& d : defs) {[0m
      | [0;1;32m                                     ^
[0m[1m/home/fors/proj/tetris/src/main.cpp:230:9: [0m[0;1;35mwarning: [0m[1mmultiple declarations in a single statement reduces readability [readability-isolate-declaration][0m
  230 |         float x, y;[0m
      | [0;1;32m        ^~~~~~~~~~~
[0m[1m/home/fors/proj/tetris/src/main.cpp:230:15: [0m[0;1;35mwarning: [0m[1mvariable 'x' is not initialized [cppcoreguidelines-init-variables][0m
  230 |         float x, y;[0m
      | [0;1;32m              ^
[0m[0;1;36mnote: [0mthis fix will not be applied because it overlaps with another fix[0m
[1m/home/fors/proj/tetris/src/main.cpp:230:15: [0m[0;1;35mwarning: [0m[1mvariable name 'x' is too short, expected at least 3 characters [readability-identifier-length][0m
[1m/home/fors/proj/tetris/src/main.cpp:230:18: [0m[0;1;35mwarning: [0m[1mvariable 'y' is not initialized [cppcoreguidelines-init-variables][0m
  230 |         float x, y;[0m
      | [0;1;32m                 ^
[0m[0;1;36mnote: [0mthis fix will not be applied because it overlaps with another fix[0m
[1m/home/fors/proj/tetris/src/main.cpp:230:18: [0m[0;1;35mwarning: [0m[1mvariable name 'y' is too short, expected at least 3 characters [readability-identifier-length][0m
[1m/home/fors/proj/tetris/src/main.cpp:236:13: [0m[0;1;35mwarning: [0m[1mmultiple declarations in a single statement reduces readability [readability-isolate-declaration][0m
  236 |             int w, h;[0m
      | [0;1;32m            ^~~~~~~~~
[0m[1m/home/fors/proj/tetris/src/main.cpp:236:17: [0m[0;1;35mwarning: [0m[1mvariable 'w' is not initialized [cppcoreguidelines-init-variables][0m
  236 |             int w, h;[0m
      | [0;1;32m                ^
[0m[0;1;36mnote: [0mthis fix will not be applied because it overlaps with another fix[0m
[1m/home/fors/proj/tetris/src/main.cpp:236:17: [0m[0;1;35mwarning: [0m[1mvariable name 'w' is too short, expected at least 3 characters [readability-identifier-length][0m
[1m/home/fors/proj/tetris/src/main.cpp:236:20: [0m[0;1;35mwarning: [0m[1mvariable 'h' is not initialized [cppcoreguidelines-init-variables][0m
  236 |             int w, h;[0m
      | [0;1;32m                   ^
[0m[0;1;36mnote: [0mthis fix will not be applied because it overlaps with another fix[0m
[1m/home/fors/proj/tetris/src/main.cpp:236:20: [0m[0;1;35mwarning: [0m[1mvariable name 'h' is too short, expected at least 3 characters [readability-identifier-length][0m
[1m/home/fors/proj/tetris/src/main.cpp:238:36: [0m[0;1;35mwarning: [0m[1mnarrowing conversion from 'int' to 'float' [bugprone-narrowing-conversions,cppcoreguidelines-narrowing-conversions][0m
  238 |             x = event->tfinger.x * w;[0m
      | [0;1;32m                                   ^
[0m[1m/home/fors/proj/tetris/src/main.cpp:239:36: [0m[0;1;35mwarning: [0m[1mnarrowing conversion from 'int' to 'float' [bugprone-narrowing-conversions,cppcoreguidelines-narrowing-conversions][0m
  239 |             y = event->tfinger.y * h;[0m
      | [0;1;32m                                   ^
[0m[1m/home/fors/proj/tetris/src/main.cpp:243:22: [0m[0;1;35mwarning: [0m[1m50.0f is a magic number; consider replacing it with a named constant [cppcoreguidelines-avoid-magic-numbers][0m
  243 |             if (x >= 50.0f * ui_scale && x <= 250.0f * ui_scale && y >= 150.0f * ui_scale && y <= 210.0f * ui_scale) {[0m
      | [0;1;32m                     ^
[0m[1m/home/fors/proj/tetris/src/main.cpp:243:22: [0m[0;1;35mwarning: [0m[1mfloating point literal has suffix 'f', which is not uppercase [readability-uppercase-literal-suffix][0m
  243 |             if (x >= 50.0f * ui_scale && x <= 250.0f * ui_scale && y >= 150.0f * ui_scale && y <= 210.0f * ui_scale) {[0m
      | [0;1;32m                     ^   ~
[0m      | [0;32m                         F
[0m[1m/home/fors/proj/tetris/src/main.cpp:243:47: [0m[0;1;35mwarning: [0m[1m250.0f is a magic number; consider replacing it with a named constant [cppcoreguidelines-avoid-magic-numbers][0m
  243 |             if (x >= 50.0f * ui_scale && x <= 250.0f * ui_scale && y >= 150.0f * ui_scale && y <= 210.0f * ui_scale) {[0m
      | [0;1;32m                                              ^
[0m[1m/home/fors/proj/tetris/src/main.cpp:243:47: [0m[0;1;35mwarning: [0m[1mfloating point literal has suffix 'f', which is not uppercase [readability-uppercase-literal-suffix][0m
  243 |             if (x >= 50.0f * ui_scale && x <= 250.0f * ui_scale && y >= 150.0f * ui_scale && y <= 210.0f * ui_scale) {[0m
      | [0;1;32m                                              ^    ~
[0m      | [0;32m                                                   F
[0m[1m/home/fors/proj/tetris/src/main.cpp:243:73: [0m[0;1;35mwarning: [0m[1m150.0f is a magic number; consider replacing it with a named constant [cppcoreguidelines-avoid-magic-numbers][0m
  243 |             if (x >= 50.0f * ui_scale && x <= 250.0f * ui_scale && y >= 150.0f * ui_scale && y <= 210.0f * ui_scale) {[0m
      | [0;1;32m                                                                        ^
[0m[1m/home/fors/proj/tetris/src/main.cpp:243:73: [0m[0;1;35mwarning: [0m[1mfloating point literal has suffix 'f', which is not uppercase [readability-uppercase-literal-suffix][0m
  243 |             if (x >= 50.0f * ui_scale && x <= 250.0f * ui_scale && y >= 150.0f * ui_scale && y <= 210.0f * ui_scale) {[0m
      | [0;1;32m                                                                        ^    ~
[0m      | [0;32m                                                                             F
[0m[1m/home/fors/proj/tetris/src/main.cpp:243:99: [0m[0;1;35mwarning: [0m[1m210.0f is a magic number; consider replacing it with a named constant [cppcoreguidelines-avoid-magic-numbers][0m
  243 |             if (x >= 50.0f * ui_scale && x <= 250.0f * ui_scale && y >= 150.0f * ui_scale && y <= 210.0f * ui_scale) {[0m
      | [0;1;32m                                                                                                  ^
[0m[1m/home/fors/proj/tetris/src/main.cpp:243:99: [0m[0;1;35mwarning: [0m[1mfloating point literal has suffix 'f', which is not uppercase [readability-uppercase-literal-suffix][0m
  243 |             if (x >= 50.0f * ui_scale && x <= 250.0f * ui_scale && y >= 150.0f * ui_scale && y <= 210.0f * ui_scale) {[0m
      | [0;1;32m                                                                                                  ^    ~
[0m      | [0;32m                                                                                                       F
[0m[1m/home/fors/proj/tetris/src/main.cpp:247:13: [0m[0;1;35mwarning: [0m[1mmultiple declarations in a single statement reduces readability [readability-isolate-declaration][0m
  247 |             int render_w, render_h;[0m
      | [0;1;32m            ^~~~~~~~~~~~~~~~~~~~~~~
[0m[1m/home/fors/proj/tetris/src/main.cpp:247:17: [0m[0;1;35mwarning: [0m[1mvariable 'render_w' is not initialized [cppcoreguidelines-init-variables][0m
  247 |             int render_w, render_h;[0m
      | [0;1;32m                ^
[0m[0;1;36mnote: [0mthis fix will not be applied because it overlaps with another fix[0m
[1m/home/fors/proj/tetris/src/main.cpp:247:27: [0m[0;1;35mwarning: [0m[1mvariable 'render_h' is not initialized [cppcoreguidelines-init-variables][0m
  247 |             int render_w, render_h;[0m
      | [0;1;32m                          ^
[0m[0;1;36mnote: [0mthis fix will not be applied because it overlaps with another fix[0m
[1m/home/fors/proj/tetris/src/main.cpp:251:49: [0m[0;1;35mwarning: [0m[1mparameter name 'r' is too short, expected at least 3 characters [readability-identifier-length][0m
  251 |             auto in_rect = [&](const SDL_FRect& r) {[0m
      | [0;1;32m                                                ^
[0m[1m/home/fors/proj/tetris/src/main.cpp:268:55: [0m[0;1;35mwarning: [0m[1m250 is a magic number; consider replacing it with a named constant [cppcoreguidelines-avoid-magic-numbers][0m
  268 |                 if (now - app->last_down_press_time < 250) { // Double tap[0m
      | [0;1;32m                                                      ^
[0m[1m/home/fors/proj/tetris/src/main.cpp:284:38: [0m[0;1;35mwarning: [0m[1mvariable name 'd' is too short, expected at least 3 characters [readability-identifier-length][0m
  284 |                     for (const auto& d : defs) {[0m
      | [0;1;32m                                     ^
[0m[1m/home/fors/proj/tetris/src/main.cpp:304:49: [0m[0;1;35mwarning: [0m[1m40 is a magic number; consider replacing it with a named constant [cppcoreguidelines-avoid-magic-numbers][0m
  304 |     SDL_SetRenderDrawColor(app->renderer.get(), 40, 40, 45, 255); [0m
      | [0;1;32m                                                ^
[0m[1m/home/fors/proj/tetris/src/main.cpp:304:53: [0m[0;1;35mwarning: [0m[1m40 is a magic number; consider replacing it with a named constant [cppcoreguidelines-avoid-magic-numbers][0m
  304 |     SDL_SetRenderDrawColor(app->renderer.get(), 40, 40, 45, 255); [0m
      | [0;1;32m                                                    ^
[0m[1m/home/fors/proj/tetris/src/main.cpp:304:57: [0m[0;1;35mwarning: [0m[1m45 is a magic number; consider replacing it with a named constant [cppcoreguidelines-avoid-magic-numbers][0m
  304 |     SDL_SetRenderDrawColor(app->renderer.get(), 40, 40, 45, 255); [0m
      | [0;1;32m                                                        ^
[0m[1m/home/fors/proj/tetris/src/main.cpp:304:61: [0m[0;1;35mwarning: [0m[1m255 is a magic number; consider replacing it with a named constant [cppcoreguidelines-avoid-magic-numbers][0m
  304 |     SDL_SetRenderDrawColor(app->renderer.get(), 40, 40, 45, 255); [0m
      | [0;1;32m                                                            ^
[0m[1m/home/fors/proj/tetris/src/main.cpp:306:49: [0m[0;1;35mwarning: [0m[1m255 is a magic number; consider replacing it with a named constant [cppcoreguidelines-avoid-magic-numbers][0m
  306 |     SDL_SetRenderDrawColor(app->renderer.get(), 255, 255, 255, 255);[0m
      | [0;1;32m                                                ^
[0m[1m/home/fors/proj/tetris/src/main.cpp:306:54: [0m[0;1;35mwarning: [0m[1m255 is a magic number; consider replacing it with a named constant [cppcoreguidelines-avoid-magic-numbers][0m
  306 |     SDL_SetRenderDrawColor(app->renderer.get(), 255, 255, 255, 255);[0m
      | [0;1;32m                                                     ^
[0m[1m/home/fors/proj/tetris/src/main.cpp:306:59: [0m[0;1;35mwarning: [0m[1m255 is a magic number; consider replacing it with a named constant [cppcoreguidelines-avoid-magic-numbers][0m
  306 |     SDL_SetRenderDrawColor(app->renderer.get(), 255, 255, 255, 255);[0m
      | [0;1;32m                                                          ^
[0m[1m/home/fors/proj/tetris/src/main.cpp:306:64: [0m[0;1;35mwarning: [0m[1m255 is a magic number; consider replacing it with a named constant [cppcoreguidelines-avoid-magic-numbers][0m
  306 |     SDL_SetRenderDrawColor(app->renderer.get(), 255, 255, 255, 255);[0m
      | [0;1;32m                                                               ^
[0m[1m/home/fors/proj/tetris/src/main.cpp:316:47: [0m[0;1;35mwarning: [0m[1m12345 is a magic number; consider replacing it with a named constant [cppcoreguidelines-avoid-magic-numbers][0m
  316 |         app->net_client->connect("127.0.0.1", 12345);[0m
      | [0;1;32m                                              ^
[0m[1m/home/fors/proj/tetris/src/main.cpp:324:5: [0m[0;1;35mwarning: [0m[1mmultiple declarations in a single statement reduces readability [readability-isolate-declaration][0m
  324 |     int render_w, render_h;[0m
      | [0;1;32m    ^~~~~~~~~~~~~~~~~~~~~~~
[0m[1m/home/fors/proj/tetris/src/main.cpp:324:9: [0m[0;1;35mwarning: [0m[1mvariable 'render_w' is not initialized [cppcoreguidelines-init-variables][0m
  324 |     int render_w, render_h;[0m
      | [0;1;32m        ^
[0m[0;1;36mnote: [0mthis fix will not be applied because it overlaps with another fix[0m
[1m/home/fors/proj/tetris/src/main.cpp:324:19: [0m[0;1;35mwarning: [0m[1mvariable 'render_h' is not initialized [cppcoreguidelines-init-variables][0m
  324 |     int render_w, render_h;[0m
      | [0;1;32m                  ^
[0m[0;1;36mnote: [0mthis fix will not be applied because it overlaps with another fix[0m
[1m/home/fors/proj/tetris/src/main.cpp:329:46: [0m[0;1;35mwarning: [0m[1m0.50f is a magic number; consider replacing it with a named constant [cppcoreguidelines-avoid-magic-numbers][0m
  329 |     float center_panel_w = (float)render_w * 0.50f;[0m
      | [0;1;32m                                             ^
[0m[1m/home/fors/proj/tetris/src/main.cpp:329:46: [0m[0;1;35mwarning: [0m[1mfloating point literal has suffix 'f', which is not uppercase [readability-uppercase-literal-suffix][0m
  329 |     float center_panel_w = (float)render_w * 0.50f;[0m
      | [0;1;32m                                             ^   ~
[0m      | [0;32m                                                 F
[0m[1m/home/fors/proj/tetris/src/main.cpp:330:44: [0m[0;1;35mwarning: [0m[1m0.25f is a magic number; consider replacing it with a named constant [cppcoreguidelines-avoid-magic-numbers][0m
  330 |     float left_panel_w = (float)render_w * 0.25f;[0m
      | [0;1;32m                                           ^
[0m[1m/home/fors/proj/tetris/src/main.cpp:330:44: [0m[0;1;35mwarning: [0m[1mfloating point literal has suffix 'f', which is not uppercase [readability-uppercase-literal-suffix][0m
  330 |     float left_panel_w = (float)render_w * 0.25f;[0m
      | [0;1;32m                                           ^   ~
[0m      | [0;32m                                               F
[0m[1m/home/fors/proj/tetris/src/main.cpp:331:45: [0m[0;1;35mwarning: [0m[1m0.25f is a magic number; consider replacing it with a named constant [cppcoreguidelines-avoid-magic-numbers][0m
  331 |     float right_panel_w = (float)render_w * 0.25f;[0m
      | [0;1;32m                                            ^
[0m[1m/home/fors/proj/tetris/src/main.cpp:331:45: [0m[0;1;35mwarning: [0m[1mfloating point literal has suffix 'f', which is not uppercase [readability-uppercase-literal-suffix][0m
  331 |     float right_panel_w = (float)render_w * 0.25f;[0m
      | [0;1;32m                                            ^   ~
[0m      | [0;32m                                                F
[0m[1m/home/fors/proj/tetris/src/main.cpp:334:44: [0m[0;1;35mwarning: [0m[1m0.6f is a magic number; consider replacing it with a named constant [cppcoreguidelines-avoid-magic-numbers][0m
  334 |     if (center_panel_w > (float)render_h * 0.6f) {[0m
      | [0;1;32m                                           ^
[0m[1m/home/fors/proj/tetris/src/main.cpp:334:44: [0m[0;1;35mwarning: [0m[1mfloating point literal has suffix 'f', which is not uppercase [readability-uppercase-literal-suffix][0m
  334 |     if (center_panel_w > (float)render_h * 0.6f) {[0m
      | [0;1;32m                                           ^  ~
[0m      | [0;32m                                              F
[0m[1m/home/fors/proj/tetris/src/main.cpp:335:44: [0m[0;1;35mwarning: [0m[1m0.6f is a magic number; consider replacing it with a named constant [cppcoreguidelines-avoid-magic-numbers][0m
  335 |         center_panel_w = (float)render_h * 0.6f;[0m
      | [0;1;32m                                           ^
[0m[1m/home/fors/proj/tetris/src/main.cpp:335:44: [0m[0;1;35mwarning: [0m[1mfloating point literal has suffix 'f', which is not uppercase [readability-uppercase-literal-suffix][0m
  335 |         center_panel_w = (float)render_h * 0.6f;[0m
      | [0;1;32m                                           ^  ~
[0m      | [0;32m                                              F
[0m[1m/home/fors/proj/tetris/src/main.cpp:336:25: [0m[0;1;35mwarning: [0m[1mnarrowing conversion from 'int' to 'float' [bugprone-narrowing-conversions,cppcoreguidelines-narrowing-conversions][0m
  336 |         left_panel_w = (render_w - center_panel_w) * 0.5f;[0m
      | [0;1;32m                        ^
[0m[1m/home/fors/proj/tetris/src/main.cpp:336:54: [0m[0;1;35mwarning: [0m[1m0.5f is a magic number; consider replacing it with a named constant [cppcoreguidelines-avoid-magic-numbers][0m
  336 |         left_panel_w = (render_w - center_panel_w) * 0.5f;[0m
      | [0;1;32m                                                     ^
[0m[1m/home/fors/proj/tetris/src/main.cpp:336:54: [0m[0;1;35mwarning: [0m[1mfloating point literal has suffix 'f', which is not uppercase [readability-uppercase-literal-suffix][0m
  336 |         left_panel_w = (render_w - center_panel_w) * 0.5f;[0m
      | [0;1;32m                                                     ^  ~
[0m      | [0;32m                                                        F
[0m[1m/home/fors/proj/tetris/src/main.cpp:340:68: [0m[0;1;35mwarning: [0m[1m0.02f is a magic number; consider replacing it with a named constant [cppcoreguidelines-avoid-magic-numbers][0m
  340 |     float ui_padding = SDL_min((float)render_w, (float)render_h) * 0.02f;[0m
      | [0;1;32m                                                                   ^
[0m[1m/home/fors/proj/tetris/src/main.cpp:340:68: [0m[0;1;35mwarning: [0m[1mfloating point literal has suffix 'f', which is not uppercase [readability-uppercase-literal-suffix][0m
  340 |     float ui_padding = SDL_min((float)render_w, (float)render_h) * 0.02f;[0m
      | [0;1;32m                                                                   ^   ~
[0m      | [0;32m                                                                       F
[0m[1m/home/fors/proj/tetris/src/main.cpp:342:44: [0m[0;1;35mwarning: [0m[1m800.0f is a magic number; consider replacing it with a named constant [cppcoreguidelines-avoid-magic-numbers][0m
  342 |     float window_scale = (float)render_h / 800.0f; // Kept for compatibility where needed[0m
      | [0;1;32m                                           ^
[0m[1m/home/fors/proj/tetris/src/main.cpp:342:44: [0m[0;1;35mwarning: [0m[1mfloating point literal has suffix 'f', which is not uppercase [readability-uppercase-literal-suffix][0m
  342 |     float window_scale = (float)render_h / 800.0f; // Kept for compatibility where needed[0m
      | [0;1;32m                                           ^    ~
[0m      | [0;32m                                                F
[0m[1m/home/fors/proj/tetris/src/main.cpp:345:43: [0m[0;1;35mwarning: [0m[1m150.0f is a magic number; consider replacing it with a named constant [cppcoreguidelines-avoid-magic-numbers][0m
  345 |     float ui_text_scale = (left_panel_w / 150.0f);[0m
      | [0;1;32m                                          ^
[0m[1m/home/fors/proj/tetris/src/main.cpp:345:43: [0m[0;1;35mwarning: [0m[1mfloating point literal has suffix 'f', which is not uppercase [readability-uppercase-literal-suffix][0m
  345 |     float ui_text_scale = (left_panel_w / 150.0f);[0m
      | [0;1;32m                                          ^    ~
[0m      | [0;32m                                               F
[0m[1m/home/fors/proj/tetris/src/main.cpp:346:25: [0m[0;1;35mwarning: [0m[1m0.4f is a magic number; consider replacing it with a named constant [cppcoreguidelines-avoid-magic-numbers][0m
  346 |     if (ui_text_scale < 0.4f) ui_text_scale = 0.4f;[0m
      | [0;1;32m                        ^
[0m[1m/home/fors/proj/tetris/src/main.cpp:346:25: [0m[0;1;35mwarning: [0m[1mfloating point literal has suffix 'f', which is not uppercase [readability-uppercase-literal-suffix][0m
  346 |     if (ui_text_scale < 0.4f) ui_text_scale = 0.4f;[0m
      | [0;1;32m                        ^  ~
[0m      | [0;32m                           F
[0m[1m/home/fors/proj/tetris/src/main.cpp:346:47: [0m[0;1;35mwarning: [0m[1m0.4f is a magic number; consider replacing it with a named constant [cppcoreguidelines-avoid-magic-numbers][0m
  346 |     if (ui_text_scale < 0.4f) ui_text_scale = 0.4f;[0m
      | [0;1;32m                                              ^
[0m[1m/home/fors/proj/tetris/src/main.cpp:346:47: [0m[0;1;35mwarning: [0m[1mfloating point literal has suffix 'f', which is not uppercase [readability-uppercase-literal-suffix][0m
  346 |     if (ui_text_scale < 0.4f) ui_text_scale = 0.4f;[0m
      | [0;1;32m                                              ^  ~
[0m      | [0;32m                                                 F
[0m[1m/home/fors/proj/tetris/src/main.cpp:349:33: [0m[0;1;35mwarning: [0m[1m2.0f is a magic number; consider replacing it with a named constant [cppcoreguidelines-avoid-magic-numbers][0m
  349 |         float menu_text_scale = 2.0f * ui_scale;[0m
      | [0;1;32m                                ^
[0m[1m/home/fors/proj/tetris/src/main.cpp:349:33: [0m[0;1;35mwarning: [0m[1mfloating point literal has suffix 'f', which is not uppercase [readability-uppercase-literal-suffix][0m
  349 |         float menu_text_scale = 2.0f * ui_scale;[0m
      | [0;1;32m                                ^  ~
[0m      | [0;32m                                   F
[0m[1m/home/fors/proj/tetris/src/main.cpp:351:9: [0m[0;1;35mwarning: [0m[1mdo not call c-style vararg functions [cppcoreguidelines-pro-type-vararg][0m
  351 |         RenderCenteredText(app->renderer.get(), render_w * 0.5f, render_h * 0.3f, menu_text_scale, "CLIENT 1 - TETRIS BATTLE");[0m
      | [0;1;32m        ^
[0m[1m/home/fors/proj/tetris/src/main.cpp:351:49: [0m[0;1;35mwarning: [0m[1mnarrowing conversion from 'int' to 'float' [bugprone-narrowing-conversions,cppcoreguidelines-narrowing-conversions][0m
  351 |         RenderCenteredText(app->renderer.get(), render_w * 0.5f, render_h * 0.3f, menu_text_scale, "CLIENT 1 - TETRIS BATTLE");[0m
      | [0;1;32m                                                ^
[0m[1m/home/fors/proj/tetris/src/main.cpp:351:60: [0m[0;1;35mwarning: [0m[1m0.5f is a magic number; consider replacing it with a named constant [cppcoreguidelines-avoid-magic-numbers][0m
  351 |         RenderCenteredText(app->renderer.get(), render_w * 0.5f, render_h * 0.3f, menu_text_scale, "CLIENT 1 - TETRIS BATTLE");[0m
      | [0;1;32m                                                           ^
[0m[1m/home/fors/proj/tetris/src/main.cpp:351:60: [0m[0;1;35mwarning: [0m[1mfloating point literal has suffix 'f', which is not uppercase [readability-uppercase-literal-suffix][0m
  351 |         RenderCenteredText(app->renderer.get(), render_w * 0.5f, render_h * 0.3f, menu_text_scale, "CLIENT 1 - TETRIS BATTLE");[0m
      | [0;1;32m                                                           ^  ~
[0m      | [0;32m                                                              F
[0m[1m/home/fors/proj/tetris/src/main.cpp:351:66: [0m[0;1;35mwarning: [0m[1mnarrowing conversion from 'int' to 'float' [bugprone-narrowing-conversions,cppcoreguidelines-narrowing-conversions][0m
  351 |         RenderCenteredText(app->renderer.get(), render_w * 0.5f, render_h * 0.3f, menu_text_scale, "CLIENT 1 - TETRIS BATTLE");[0m
      | [0;1;32m                                                                 ^
[0m[1m/home/fors/proj/tetris/src/main.cpp:351:77: [0m[0;1;35mwarning: [0m[1m0.3f is a magic number; consider replacing it with a named constant [cppcoreguidelines-avoid-magic-numbers][0m
  351 |         RenderCenteredText(app->renderer.get(), render_w * 0.5f, render_h * 0.3f, menu_text_scale, "CLIENT 1 - TETRIS BATTLE");[0m
      | [0;1;32m                                                                            ^
[0m[1m/home/fors/proj/tetris/src/main.cpp:351:77: [0m[0;1;35mwarning: [0m[1mfloating point literal has suffix 'f', which is not uppercase [readability-uppercase-literal-suffix][0m
  351 |         RenderCenteredText(app->renderer.get(), render_w * 0.5f, render_h * 0.3f, menu_text_scale, "CLIENT 1 - TETRIS BATTLE");[0m
      | [0;1;32m                                                                            ^  ~
[0m      | [0;32m                                                                               F
[0m[1m/home/fors/proj/tetris/src/main.cpp:357:9: [0m[0;1;35mwarning: [0m[1mdo not call c-style vararg functions [cppcoreguidelines-pro-type-vararg][0m
  357 |         RenderCenteredText(app->renderer.get(), render_w * 0.5f, render_h * 0.4f, menu_text_scale, "Press ENTER to Start");[0m
      | [0;1;32m        ^
[0m[1m/home/fors/proj/tetris/src/main.cpp:357:49: [0m[0;1;35mwarning: [0m[1mnarrowing conversion from 'int' to 'float' [bugprone-narrowing-conversions,cppcoreguidelines-narrowing-conversions][0m
  357 |         RenderCenteredText(app->renderer.get(), render_w * 0.5f, render_h * 0.4f, menu_text_scale, "Press ENTER to Start");[0m
      | [0;1;32m                                                ^
[0m[1m/home/fors/proj/tetris/src/main.cpp:357:60: [0m[0;1;35mwarning: [0m[1m0.5f is a magic number; consider replacing it with a named constant [cppcoreguidelines-avoid-magic-numbers][0m
  357 |         RenderCenteredText(app->renderer.get(), render_w * 0.5f, render_h * 0.4f, menu_text_scale, "Press ENTER to Start");[0m
      | [0;1;32m                                                           ^
[0m[1m/home/fors/proj/tetris/src/main.cpp:357:60: [0m[0;1;35mwarning: [0m[1mfloating point literal has suffix 'f', which is not uppercase [readability-uppercase-literal-suffix][0m
  357 |         RenderCenteredText(app->renderer.get(), render_w * 0.5f, render_h * 0.4f, menu_text_scale, "Press ENTER to Start");[0m
      | [0;1;32m                                                           ^  ~
[0m      | [0;32m                                                              F
[0m[1m/home/fors/proj/tetris/src/main.cpp:357:66: [0m[0;1;35mwarning: [0m[1mnarrowing conversion from 'int' to 'float' [bugprone-narrowing-conversions,cppcoreguidelines-narrowing-conversions][0m
  357 |         RenderCenteredText(app->renderer.get(), render_w * 0.5f, render_h * 0.4f, menu_text_scale, "Press ENTER to Start");[0m
      | [0;1;32m                                                                 ^
[0m[1m/home/fors/proj/tetris/src/main.cpp:357:77: [0m[0;1;35mwarning: [0m[1m0.4f is a magic number; consider replacing it with a named constant [cppcoreguidelines-avoid-magic-numbers][0m
  357 |         RenderCenteredText(app->renderer.get(), render_w * 0.5f, render_h * 0.4f, menu_text_scale, "Press ENTER to Start");[0m
      | [0;1;32m                                                                            ^
[0m[1m/home/fors/proj/tetris/src/main.cpp:357:77: [0m[0;1;35mwarning: [0m[1mfloating point literal has suffix 'f', which is not uppercase [readability-uppercase-literal-suffix][0m
  357 |         RenderCenteredText(app->renderer.get(), render_w * 0.5f, render_h * 0.4f, menu_text_scale, "Press ENTER to Start");[0m
      | [0;1;32m                                                                            ^  ~
[0m      | [0;32m                                                                               F
[0m[1m/home/fors/proj/tetris/src/main.cpp:359:53: [0m[0;1;35mwarning: [0m[1m200 is a magic number; consider replacing it with a named constant [cppcoreguidelines-avoid-magic-numbers][0m
  359 |         SDL_SetRenderDrawColor(app->renderer.get(), 200, 50, 50, 255);[0m
      | [0;1;32m                                                    ^
[0m[1m/home/fors/proj/tetris/src/main.cpp:359:58: [0m[0;1;35mwarning: [0m[1m50 is a magic number; consider replacing it with a named constant [cppcoreguidelines-avoid-magic-numbers][0m
  359 |         SDL_SetRenderDrawColor(app->renderer.get(), 200, 50, 50, 255);[0m
      | [0;1;32m                                                         ^
[0m[1m/home/fors/proj/tetris/src/main.cpp:359:62: [0m[0;1;35mwarning: [0m[1m50 is a magic number; consider replacing it with a named constant [cppcoreguidelines-avoid-magic-numbers][0m
  359 |         SDL_SetRenderDrawColor(app->renderer.get(), 200, 50, 50, 255);[0m
      | [0;1;32m                                                             ^
[0m[1m/home/fors/proj/tetris/src/main.cpp:359:66: [0m[0;1;35mwarning: [0m[1m255 is a magic number; consider replacing it with a named constant [cppcoreguidelines-avoid-magic-numbers][0m
  359 |         SDL_SetRenderDrawColor(app->renderer.get(), 200, 50, 50, 255);[0m
      | [0;1;32m                                                                 ^
[0m[1m/home/fors/proj/tetris/src/main.cpp:360:31: [0m[0;1;35mwarning: [0m[1mnarrowing conversion from 'int' to 'float' [bugprone-narrowing-conversions,cppcoreguidelines-narrowing-conversions][0m
  360 |         SDL_FRect exit_btn = {render_w * 0.5f - 100.0f * ui_scale, render_h * 0.6f, 200.0f * ui_scale, 60.0f * ui_scale};[0m
      | [0;1;32m                              ^
[0m[1m/home/fors/proj/tetris/src/main.cpp:360:42: [0m[0;1;35mwarning: [0m[1m0.5f is a magic number; consider replacing it with a named constant [cppcoreguidelines-avoid-magic-numbers][0m
  360 |         SDL_FRect exit_btn = {render_w * 0.5f - 100.0f * ui_scale, render_h * 0.6f, 200.0f * ui_scale, 60.0f * ui_scale};[0m
      | [0;1;32m                                         ^
[0m[1m/home/fors/proj/tetris/src/main.cpp:360:42: [0m[0;1;35mwarning: [0m[1mfloating point literal has suffix 'f', which is not uppercase [readability-uppercase-literal-suffix][0m
  360 |         SDL_FRect exit_btn = {render_w * 0.5f - 100.0f * ui_scale, render_h * 0.6f, 200.0f * ui_scale, 60.0f * ui_scale};[0m
      | [0;1;32m                                         ^  ~
[0m      | [0;32m                                            F
[0m[1m/home/fors/proj/tetris/src/main.cpp:360:49: [0m[0;1;35mwarning: [0m[1mfloating point literal has suffix 'f', which is not uppercase [readability-uppercase-literal-suffix][0m
  360 |         SDL_FRect exit_btn = {render_w * 0.5f - 100.0f * ui_scale, render_h * 0.6f, 200.0f * ui_scale, 60.0f * ui_scale};[0m
      | [0;1;32m                                                ^    ~
[0m      | [0;32m                                                     F
[0m[1m/home/fors/proj/tetris/src/main.cpp:360:68: [0m[0;1;35mwarning: [0m[1mnarrowing conversion from 'int' to 'float' [bugprone-narrowing-conversions,cppcoreguidelines-narrowing-conversions][0m
  360 |         SDL_FRect exit_btn = {render_w * 0.5f - 100.0f * ui_scale, render_h * 0.6f, 200.0f * ui_scale, 60.0f * ui_scale};[0m
      | [0;1;32m                                                                   ^
[0m[1m/home/fors/proj/tetris/src/main.cpp:360:79: [0m[0;1;35mwarning: [0m[1m0.6f is a magic number; consider replacing it with a named constant [cppcoreguidelines-avoid-magic-numbers][0m
  360 |         SDL_FRect exit_btn = {render_w * 0.5f - 100.0f * ui_scale, render_h * 0.6f, 200.0f * ui_scale, 60.0f * ui_scale};[0m
      | [0;1;32m                                                                              ^
[0m[1m/home/fors/proj/tetris/src/main.cpp:360:79: [0m[0;1;35mwarning: [0m[1mfloating point literal has suffix 'f', which is not uppercase [readability-uppercase-literal-suffix][0m
  360 |         SDL_FRect exit_btn = {render_w * 0.5f - 100.0f * ui_scale, render_h * 0.6f, 200.0f * ui_scale, 60.0f * ui_scale};[0m
      | [0;1;32m                                                                              ^  ~
[0m      | [0;32m                                                                                 F
[0m[1m/home/fors/proj/tetris/src/main.cpp:360:85: [0m[0;1;35mwarning: [0m[1m200.0f is a magic number; consider replacing it with a named constant [cppcoreguidelines-avoid-magic-numbers][0m
  360 |         SDL_FRect exit_btn = {render_w * 0.5f - 100.0f * ui_scale, render_h * 0.6f, 200.0f * ui_scale, 60.0f * ui_scale};[0m
      | [0;1;32m                                                                                    ^
[0m[1m/home/fors/proj/tetris/src/main.cpp:360:85: [0m[0;1;35mwarning: [0m[1mfloating point literal has suffix 'f', which is not uppercase [readability-uppercase-literal-suffix][0m
  360 |         SDL_FRect exit_btn = {render_w * 0.5f - 100.0f * ui_scale, render_h * 0.6f, 200.0f * ui_scale, 60.0f * ui_scale};[0m
      | [0;1;32m                                                                                    ^    ~
[0m      | [0;32m                                                                                         F
[0m[1m/home/fors/proj/tetris/src/main.cpp:360:104: [0m[0;1;35mwarning: [0m[1m60.0f is a magic number; consider replacing it with a named constant [cppcoreguidelines-avoid-magic-numbers][0m
  360 |         SDL_FRect exit_btn = {render_w * 0.5f - 100.0f * ui_scale, render_h * 0.6f, 200.0f * ui_scale, 60.0f * ui_scale};[0m
      | [0;1;32m                                                                                                       ^
[0m[1m/home/fors/proj/tetris/src/main.cpp:360:104: [0m[0;1;35mwarning: [0m[1mfloating point literal has suffix 'f', which is not uppercase [readability-uppercase-literal-suffix][0m
  360 |         SDL_FRect exit_btn = {render_w * 0.5f - 100.0f * ui_scale, render_h * 0.6f, 200.0f * ui_scale, 60.0f * ui_scale};[0m
      | [0;1;32m                                                                                                       ^   ~
[0m      | [0;32m                                                                                                           F
[0m[1m/home/fors/proj/tetris/src/main.cpp:363:53: [0m[0;1;35mwarning: [0m[1m255 is a magic number; consider replacing it with a named constant [cppcoreguidelines-avoid-magic-numbers][0m
  363 |         SDL_SetRenderDrawColor(app->renderer.get(), 255, 255, 255, 255);[0m
      | [0;1;32m                                                    ^
[0m[1m/home/fors/proj/tetris/src/main.cpp:363:58: [0m[0;1;35mwarning: [0m[1m255 is a magic number; consider replacing it with a named constant [cppcoreguidelines-avoid-magic-numbers][0m
  363 |         SDL_SetRenderDrawColor(app->renderer.get(), 255, 255, 255, 255);[0m
      | [0;1;32m                                                         ^
[0m[1m/home/fors/proj/tetris/src/main.cpp:363:63: [0m[0;1;35mwarning: [0m[1m255 is a magic number; consider replacing it with a named constant [cppcoreguidelines-avoid-magic-numbers][0m
  363 |         SDL_SetRenderDrawColor(app->renderer.get(), 255, 255, 255, 255);[0m
      | [0;1;32m                                                              ^
[0m[1m/home/fors/proj/tetris/src/main.cpp:363:68: [0m[0;1;35mwarning: [0m[1m255 is a magic number; consider replacing it with a named constant [cppcoreguidelines-avoid-magic-numbers][0m
  363 |         SDL_SetRenderDrawColor(app->renderer.get(), 255, 255, 255, 255);[0m
      | [0;1;32m                                                                   ^
[0m[1m/home/fors/proj/tetris/src/main.cpp:364:9: [0m[0;1;35mwarning: [0m[1mdo not call c-style vararg functions [cppcoreguidelines-pro-type-vararg][0m
  364 |         RenderCenteredText(app->renderer.get(), exit_btn.x + exit_btn.w * 0.5f, exit_btn.y + exit_btn.h * 0.5f, menu_text_scale, "EXIT");[0m
      | [0;1;32m        ^
[0m[1m/home/fors/proj/tetris/src/main.cpp:364:75: [0m[0;1;35mwarning: [0m[1m0.5f is a magic number; consider replacing it with a named constant [cppcoreguidelines-avoid-magic-numbers][0m
  364 |         RenderCenteredText(app->renderer.get(), exit_btn.x + exit_btn.w * 0.5f, exit_btn.y + exit_btn.h * 0.5f, menu_text_scale, "EXIT");[0m
      | [0;1;32m                                                                          ^
[0m[1m/home/fors/proj/tetris/src/main.cpp:364:75: [0m[0;1;35mwarning: [0m[1mfloating point literal has suffix 'f', which is not uppercase [readability-uppercase-literal-suffix][0m
  364 |         RenderCenteredText(app->renderer.get(), exit_btn.x + exit_btn.w * 0.5f, exit_btn.y + exit_btn.h * 0.5f, menu_text_scale, "EXIT");[0m
      | [0;1;32m                                                                          ^  ~
[0m      | [0;32m                                                                             F
[0m[1m/home/fors/proj/tetris/src/main.cpp:364:107: [0m[0;1;35mwarning: [0m[1m0.5f is a magic number; consider replacing it with a named constant [cppcoreguidelines-avoid-magic-numbers][0m
  364 |         RenderCenteredText(app->renderer.get(), exit_btn.x + exit_btn.w * 0.5f, exit_btn.y + exit_btn.h * 0.5f, menu_text_scale, "EXIT");[0m
      | [0;1;32m                                                                                                          ^
[0m[1m/home/fors/proj/tetris/src/main.cpp:364:107: [0m[0;1;35mwarning: [0m[1mfloating point literal has suffix 'f', which is not uppercase [readability-uppercase-literal-suffix][0m
  364 |         RenderCenteredText(app->renderer.get(), exit_btn.x + exit_btn.w * 0.5f, exit_btn.y + exit_btn.h * 0.5f, menu_text_scale, "EXIT");[0m
      | [0;1;32m                                                                                                          ^  ~
[0m      | [0;32m                                                                                                             F
[0m[1m/home/fors/proj/tetris/src/main.cpp:367:31: [0m[0;1;35mwarning: [0m[1m2.0f is a magic number; consider replacing it with a named constant [cppcoreguidelines-avoid-magic-numbers][0m
  367 |         float go_text_scale = 2.0f * ui_scale;[0m
      | [0;1;32m                              ^
[0m[1m/home/fors/proj/tetris/src/main.cpp:367:31: [0m[0;1;35mwarning: [0m[1mfloating point literal has suffix 'f', which is not uppercase [readability-uppercase-literal-suffix][0m
  367 |         float go_text_scale = 2.0f * ui_scale;[0m
      | [0;1;32m                              ^  ~
[0m      | [0;32m                                 F
[0m[1m/home/fors/proj/tetris/src/main.cpp:370:64: [0m[0;1;35mwarning: [0m[1m255 is a magic number; consider replacing it with a named constant [cppcoreguidelines-avoid-magic-numbers][0m
  370 |                 SDL_SetRenderDrawColor(app->renderer.get(), 0, 255, 0, 255);[0m
      | [0;1;32m                                                               ^
[0m[1m/home/fors/proj/tetris/src/main.cpp:370:72: [0m[0;1;35mwarning: [0m[1m255 is a magic number; consider replacing it with a named constant [cppcoreguidelines-avoid-magic-numbers][0m
  370 |                 SDL_SetRenderDrawColor(app->renderer.get(), 0, 255, 0, 255);[0m
      | [0;1;32m                                                                       ^
[0m[1m/home/fors/proj/tetris/src/main.cpp:371:17: [0m[0;1;35mwarning: [0m[1mdo not call c-style vararg functions [cppcoreguidelines-pro-type-vararg][0m
  371 |                 RenderCenteredText(app->renderer.get(), render_w * 0.5f, render_h * 0.4f, go_text_scale, "YOU WIN!");[0m
      | [0;1;32m                ^
[0m[1m/home/fors/proj/tetris/src/main.cpp:371:57: [0m[0;1;35mwarning: [0m[1mnarrowing conversion from 'int' to 'float' [bugprone-narrowing-conversions,cppcoreguidelines-narrowing-conversions][0m
  371 |                 RenderCenteredText(app->renderer.get(), render_w * 0.5f, render_h * 0.4f, go_text_scale, "YOU WIN!");[0m
      | [0;1;32m                                                        ^
[0m[1m/home/fors/proj/tetris/src/main.cpp:371:68: [0m[0;1;35mwarning: [0m[1m0.5f is a magic number; consider replacing it with a named constant [cppcoreguidelines-avoid-magic-numbers][0m
  371 |                 RenderCenteredText(app->renderer.get(), render_w * 0.5f, render_h * 0.4f, go_text_scale, "YOU WIN!");[0m
      | [0;1;32m                                                                   ^
[0m[1m/home/fors/proj/tetris/src/main.cpp:371:68: [0m[0;1;35mwarning: [0m[1mfloating point literal has suffix 'f', which is not uppercase [readability-uppercase-literal-suffix][0m
  371 |                 RenderCenteredText(app->renderer.get(), render_w * 0.5f, render_h * 0.4f, go_text_scale, "YOU WIN!");[0m
      | [0;1;32m                                                                   ^  ~
[0m      | [0;32m                                                                      F
[0m[1m/home/fors/proj/tetris/src/main.cpp:371:74: [0m[0;1;35mwarning: [0m[1mnarrowing conversion from 'int' to 'float' [bugprone-narrowing-conversions,cppcoreguidelines-narrowing-conversions][0m
  371 |                 RenderCenteredText(app->renderer.get(), render_w * 0.5f, render_h * 0.4f, go_text_scale, "YOU WIN!");[0m
      | [0;1;32m                                                                         ^
[0m[1m/home/fors/proj/tetris/src/main.cpp:371:85: [0m[0;1;35mwarning: [0m[1m0.4f is a magic number; consider replacing it with a named constant [cppcoreguidelines-avoid-magic-numbers][0m
  371 |                 RenderCenteredText(app->renderer.get(), render_w * 0.5f, render_h * 0.4f, go_text_scale, "YOU WIN!");[0m
      | [0;1;32m                                                                                    ^
[0m[1m/home/fors/proj/tetris/src/main.cpp:371:85: [0m[0;1;35mwarning: [0m[1mfloating point literal has suffix 'f', which is not uppercase [readability-uppercase-literal-suffix][0m
  371 |                 RenderCenteredText(app->renderer.get(), render_w * 0.5f, render_h * 0.4f, go_text_scale, "YOU WIN!");[0m
      | [0;1;32m                                                                                    ^  ~
[0m      | [0;32m                                                                                       F
[0m[1m/home/fors/proj/tetris/src/main.cpp:373:61: [0m[0;1;35mwarning: [0m[1m255 is a magic number; consider replacing it with a named constant [cppcoreguidelines-avoid-magic-numbers][0m
  373 |                 SDL_SetRenderDrawColor(app->renderer.get(), 255, 50, 50, 255);[0m
      | [0;1;32m                                                            ^
[0m[1m/home/fors/proj/tetris/src/main.cpp:373:66: [0m[0;1;35mwarning: [0m[1m50 is a magic number; consider replacing it with a named constant [cppcoreguidelines-avoid-magic-numbers][0m
  373 |                 SDL_SetRenderDrawColor(app->renderer.get(), 255, 50, 50, 255);[0m
      | [0;1;32m                                                                 ^
[0m[1m/home/fors/proj/tetris/src/main.cpp:373:70: [0m[0;1;35mwarning: [0m[1m50 is a magic number; consider replacing it with a named constant [cppcoreguidelines-avoid-magic-numbers][0m
  373 |                 SDL_SetRenderDrawColor(app->renderer.get(), 255, 50, 50, 255);[0m
      | [0;1;32m                                                                     ^
[0m[1m/home/fors/proj/tetris/src/main.cpp:373:74: [0m[0;1;35mwarning: [0m[1m255 is a magic number; consider replacing it with a named constant [cppcoreguidelines-avoid-magic-numbers][0m
  373 |                 SDL_SetRenderDrawColor(app->renderer.get(), 255, 50, 50, 255);[0m
      | [0;1;32m                                                                         ^
[0m[1m/home/fors/proj/tetris/src/main.cpp:374:17: [0m[0;1;35mwarning: [0m[1mdo not call c-style vararg functions [cppcoreguidelines-pro-type-vararg][0m
  374 |                 RenderCenteredText(app->renderer.get(), render_w * 0.5f, render_h * 0.4f, go_text_scale, "YOU LOSE!");[0m
      | [0;1;32m                ^
[0m[1m/home/fors/proj/tetris/src/main.cpp:374:57: [0m[0;1;35mwarning: [0m[1mnarrowing conversion from 'int' to 'float' [bugprone-narrowing-conversions,cppcoreguidelines-narrowing-conversions][0m
  374 |                 RenderCenteredText(app->renderer.get(), render_w * 0.5f, render_h * 0.4f, go_text_scale, "YOU LOSE!");[0m
      | [0;1;32m                                                        ^
[0m[1m/home/fors/proj/tetris/src/main.cpp:374:68: [0m[0;1;35mwarning: [0m[1m0.5f is a magic number; consider replacing it with a named constant [cppcoreguidelines-avoid-magic-numbers][0m
  374 |                 RenderCenteredText(app->renderer.get(), render_w * 0.5f, render_h * 0.4f, go_text_scale, "YOU LOSE!");[0m
      | [0;1;32m                                                                   ^
[0m[1m/home/fors/proj/tetris/src/main.cpp:374:68: [0m[0;1;35mwarning: [0m[1mfloating point literal has suffix 'f', which is not uppercase [readability-uppercase-literal-suffix][0m
  374 |                 RenderCenteredText(app->renderer.get(), render_w * 0.5f, render_h * 0.4f, go_text_scale, "YOU LOSE!");[0m
      | [0;1;32m                                                                   ^  ~
[0m      | [0;32m                                                                      F
[0m[1m/home/fors/proj/tetris/src/main.cpp:374:74: [0m[0;1;35mwarning: [0m[1mnarrowing conversion from 'int' to 'float' [bugprone-narrowing-conversions,cppcoreguidelines-narrowing-conversions][0m
  374 |                 RenderCenteredText(app->renderer.get(), render_w * 0.5f, render_h * 0.4f, go_text_scale, "YOU LOSE!");[0m
      | [0;1;32m                                                                         ^
[0m[1m/home/fors/proj/tetris/src/main.cpp:374:85: [0m[0;1;35mwarning: [0m[1m0.4f is a magic number; consider replacing it with a named constant [cppcoreguidelines-avoid-magic-numbers][0m
  374 |                 RenderCenteredText(app->renderer.get(), render_w * 0.5f, render_h * 0.4f, go_text_scale, "YOU LOSE!");[0m
      | [0;1;32m                                                                                    ^
[0m[1m/home/fors/proj/tetris/src/main.cpp:374:85: [0m[0;1;35mwarning: [0m[1mfloating point literal has suffix 'f', which is not uppercase [readability-uppercase-literal-suffix][0m
  374 |                 RenderCenteredText(app->renderer.get(), render_w * 0.5f, render_h * 0.4f, go_text_scale, "YOU LOSE!");[0m
      | [0;1;32m                                                                                    ^  ~
[0m      | [0;32m                                                                                       F
[0m[1m/home/fors/proj/tetris/src/main.cpp:377:13: [0m[0;1;35mwarning: [0m[1mdo not call c-style vararg functions [cppcoreguidelines-pro-type-vararg][0m
  377 |             RenderCenteredText(app->renderer.get(), render_w * 0.5f, render_h * 0.4f, go_text_scale, "GAME OVER!");[0m
      | [0;1;32m            ^
[0m[1m/home/fors/proj/tetris/src/main.cpp:377:53: [0m[0;1;35mwarning: [0m[1mnarrowing conversion from 'int' to 'float' [bugprone-narrowing-conversions,cppcoreguidelines-narrowing-conversions][0m
  377 |             RenderCenteredText(app->renderer.get(), render_w * 0.5f, render_h * 0.4f, go_text_scale, "GAME OVER!");[0m
      | [0;1;32m                                                    ^
[0m[1m/home/fors/proj/tetris/src/main.cpp:377:64: [0m[0;1;35mwarning: [0m[1m0.5f is a magic number; consider replacing it with a named constant [cppcoreguidelines-avoid-magic-numbers][0m
  377 |             RenderCenteredText(app->renderer.get(), render_w * 0.5f, render_h * 0.4f, go_text_scale, "GAME OVER!");[0m
      | [0;1;32m                                                               ^
[0m[1m/home/fors/proj/tetris/src/main.cpp:377:64: [0m[0;1;35mwarning: [0m[1mfloating point literal has suffix 'f', which is not uppercase [readability-uppercase-literal-suffix][0m
  377 |             RenderCenteredText(app->renderer.get(), render_w * 0.5f, render_h * 0.4f, go_text_scale, "GAME OVER!");[0m
      | [0;1;32m                                                               ^  ~
[0m      | [0;32m                                                                  F
[0m[1m/home/fors/proj/tetris/src/main.cpp:377:70: [0m[0;1;35mwarning: [0m[1mnarrowing conversion from 'int' to 'float' [bugprone-narrowing-conversions,cppcoreguidelines-narrowing-conversions][0m
  377 |             RenderCenteredText(app->renderer.get(), render_w * 0.5f, render_h * 0.4f, go_text_scale, "GAME OVER!");[0m
      | [0;1;32m                                                                     ^
[0m[1m/home/fors/proj/tetris/src/main.cpp:377:81: [0m[0;1;35mwarning: [0m[1m0.4f is a magic number; consider replacing it with a named constant [cppcoreguidelines-avoid-magic-numbers][0m
  377 |             RenderCenteredText(app->renderer.get(), render_w * 0.5f, render_h * 0.4f, go_text_scale, "GAME OVER!");[0m
      | [0;1;32m                                                                                ^
[0m[1m/home/fors/proj/tetris/src/main.cpp:377:81: [0m[0;1;35mwarning: [0m[1mfloating point literal has suffix 'f', which is not uppercase [readability-uppercase-literal-suffix][0m
  377 |             RenderCenteredText(app->renderer.get(), render_w * 0.5f, render_h * 0.4f, go_text_scale, "GAME OVER!");[0m
      | [0;1;32m                                                                                ^  ~
[0m      | [0;32m                                                                                   F
[0m[1m/home/fors/proj/tetris/src/main.cpp:379:53: [0m[0;1;35mwarning: [0m[1m255 is a magic number; consider replacing it with a named constant [cppcoreguidelines-avoid-magic-numbers][0m
  379 |         SDL_SetRenderDrawColor(app->renderer.get(), 255, 255, 255, 255);[0m
      | [0;1;32m                                                    ^
[0m[1m/home/fors/proj/tetris/src/main.cpp:379:58: [0m[0;1;35mwarning: [0m[1m255 is a magic number; consider replacing it with a named constant [cppcoreguidelines-avoid-magic-numbers][0m
  379 |         SDL_SetRenderDrawColor(app->renderer.get(), 255, 255, 255, 255);[0m
      | [0;1;32m                                                         ^
[0m[1m/home/fors/proj/tetris/src/main.cpp:379:63: [0m[0;1;35mwarning: [0m[1m255 is a magic number; consider replacing it with a named constant [cppcoreguidelines-avoid-magic-numbers][0m
  379 |         SDL_SetRenderDrawColor(app->renderer.get(), 255, 255, 255, 255);[0m
      | [0;1;32m                                                              ^
[0m[1m/home/fors/proj/tetris/src/main.cpp:379:68: [0m[0;1;35mwarning: [0m[1m255 is a magic number; consider replacing it with a named constant [cppcoreguidelines-avoid-magic-numbers][0m
  379 |         SDL_SetRenderDrawColor(app->renderer.get(), 255, 255, 255, 255);[0m
      | [0;1;32m                                                                   ^
[0m[1m/home/fors/proj/tetris/src/main.cpp:380:9: [0m[0;1;35mwarning: [0m[1mdo not call c-style vararg functions [cppcoreguidelines-pro-type-vararg][0m
  380 |         RenderCenteredText(app->renderer.get(), render_w * 0.5f, render_h * 0.5f, go_text_scale, "Press ENTER to Restart");[0m
      | [0;1;32m        ^
[0m[1m/home/fors/proj/tetris/src/main.cpp:380:49: [0m[0;1;35mwarning: [0m[1mnarrowing conversion from 'int' to 'float' [bugprone-narrowing-conversions,cppcoreguidelines-narrowing-conversions][0m
  380 |         RenderCenteredText(app->renderer.get(), render_w * 0.5f, render_h * 0.5f, go_text_scale, "Press ENTER to Restart");[0m
      | [0;1;32m                                                ^
[0m[1m/home/fors/proj/tetris/src/main.cpp:380:60: [0m[0;1;35mwarning: [0m[1m0.5f is a magic number; consider replacing it with a named constant [cppcoreguidelines-avoid-magic-numbers][0m
  380 |         RenderCenteredText(app->renderer.get(), render_w * 0.5f, render_h * 0.5f, go_text_scale, "Press ENTER to Restart");[0m
      | [0;1;32m                                                           ^
[0m[1m/home/fors/proj/tetris/src/main.cpp:380:60: [0m[0;1;35mwarning: [0m[1mfloating point literal has suffix 'f', which is not uppercase [readability-uppercase-literal-suffix][0m
  380 |         RenderCenteredText(app->renderer.get(), render_w * 0.5f, render_h * 0.5f, go_text_scale, "Press ENTER to Restart");[0m
      | [0;1;32m                                                           ^  ~
[0m      | [0;32m                                                              F
[0m[1m/home/fors/proj/tetris/src/main.cpp:380:66: [0m[0;1;35mwarning: [0m[1mnarrowing conversion from 'int' to 'float' [bugprone-narrowing-conversions,cppcoreguidelines-narrowing-conversions][0m
  380 |         RenderCenteredText(app->renderer.get(), render_w * 0.5f, render_h * 0.5f, go_text_scale, "Press ENTER to Restart");[0m
      | [0;1;32m                                                                 ^
[0m[1m/home/fors/proj/tetris/src/main.cpp:380:77: [0m[0;1;35mwarning: [0m[1m0.5f is a magic number; consider replacing it with a named constant [cppcoreguidelines-avoid-magic-numbers][0m
  380 |         RenderCenteredText(app->renderer.get(), render_w * 0.5f, render_h * 0.5f, go_text_scale, "Press ENTER to Restart");[0m
      | [0;1;32m                                                                            ^
[0m[1m/home/fors/proj/tetris/src/main.cpp:380:77: [0m[0;1;35mwarning: [0m[1mfloating point literal has suffix 'f', which is not uppercase [readability-uppercase-literal-suffix][0m
  380 |         RenderCenteredText(app->renderer.get(), render_w * 0.5f, render_h * 0.5f, go_text_scale, "Press ENTER to Restart");[0m
      | [0;1;32m                                                                            ^  ~
[0m      | [0;32m                                                                               F
[0m[1m/home/fors/proj/tetris/src/main.cpp:388:30: [0m[0;1;35mwarning: [0m[1mvariable name 'ev' is too short, expected at least 3 characters [readability-identifier-length][0m
  388 |             for (const auto& ev : events) {[0m
      | [0;1;32m                             ^
[0m[1m/home/fors/proj/tetris/src/main.cpp:390:34: [0m[0;1;35mwarning: [0m[1mvariable name 'd' is too short, expected at least 3 characters [readability-identifier-length][0m
  390 |                 for (const auto& d : defs) {[0m
      | [0;1;32m                                 ^
[0m[1m/home/fors/proj/tetris/src/main.cpp:421:40: [0m[0;1;35mwarning: [0m[1m30000 is a magic number; consider replacing it with a named constant [cppcoreguidelines-avoid-magic-numbers][0m
  421 |         int level = (int)(elapsed_ms / 30000) + 1;[0m
      | [0;1;32m                                       ^
[0m[1m/home/fors/proj/tetris/src/main.cpp:424:13: [0m[0;1;35mwarning: [0m[1mdo not call c-style vararg functions [cppcoreguidelines-pro-type-vararg][0m
  424 |             SDL_Log("[GAME] Level changed to: %d", level);[0m
      | [0;1;32m            ^
[0m[1m/home/fors/proj/tetris/src/main.cpp:428:34: [0m[0;1;35mwarning: [0m[1m500 is a magic number; consider replacing it with a named constant [cppcoreguidelines-avoid-magic-numbers][0m
  428 |         uint64_t drop_interval = 500;[0m
      | [0;1;32m                                 ^
[0m[1m/home/fors/proj/tetris/src/main.cpp:430:26: [0m[0;1;35mwarning: [0m[1m20 is a magic number; consider replacing it with a named constant [cppcoreguidelines-avoid-magic-numbers][0m
  430 |             if (level >= 20) drop_interval = 50;[0m
      | [0;1;32m                         ^
[0m[1m/home/fors/proj/tetris/src/main.cpp:430:46: [0m[0;1;35mwarning: [0m[1m50 is a magic number; consider replacing it with a named constant [cppcoreguidelines-avoid-magic-numbers][0m
  430 |             if (level >= 20) drop_interval = 50;[0m
      | [0;1;32m                                             ^
[0m[1m/home/fors/proj/tetris/src/main.cpp:431:34: [0m[0;1;35mwarning: [0m[1m500 is a magic number; consider replacing it with a named constant [cppcoreguidelines-avoid-magic-numbers][0m
  431 |             else drop_interval = 500 - (level - 1) * 23;[0m
      | [0;1;32m                                 ^
[0m[1m/home/fors/proj/tetris/src/main.cpp:431:54: [0m[0;1;35mwarning: [0m[1m23 is a magic number; consider replacing it with a named constant [cppcoreguidelines-avoid-magic-numbers][0m
  431 |             else drop_interval = 500 - (level - 1) * 23;[0m
      | [0;1;32m                                                     ^
[0m[1m/home/fors/proj/tetris/src/main.cpp:443:59: [0m[0;1;35mwarning: [0m[1m200 is a magic number; consider replacing it with a named constant [cppcoreguidelines-avoid-magic-numbers][0m
  443 |             if (current_time - app->down_btn_hold_start > 200) { // Delay before repeat[0m
      | [0;1;32m                                                          ^
[0m[1m/home/fors/proj/tetris/src/main.cpp:444:63: [0m[0;1;35mwarning: [0m[1m50 is a magic number; consider replacing it with a named constant [cppcoreguidelines-avoid-magic-numbers][0m
  444 |                 if (current_time - app->last_soft_drop_time > 50) { // Repeat rate[0m
      | [0;1;32m                                                              ^
[0m[1m/home/fors/proj/tetris/src/main.cpp:454:49: [0m[0;1;35mwarning: [0m[1m30 is a magic number; consider replacing it with a named constant [cppcoreguidelines-avoid-magic-numbers][0m
  454 |     SDL_SetRenderDrawColor(app->renderer.get(), 30, 30, 35, 255); // Darker left[0m
      | [0;1;32m                                                ^
[0m[1m/home/fors/proj/tetris/src/main.cpp:454:53: [0m[0;1;35mwarning: [0m[1m30 is a magic number; consider replacing it with a named constant [cppcoreguidelines-avoid-magic-numbers][0m
  454 |     SDL_SetRenderDrawColor(app->renderer.get(), 30, 30, 35, 255); // Darker left[0m
      | [0;1;32m                                                    ^
[0m[1m/home/fors/proj/tetris/src/main.cpp:454:57: [0m[0;1;35mwarning: [0m[1m35 is a magic number; consider replacing it with a named constant [cppcoreguidelines-avoid-magic-numbers][0m
  454 |     SDL_SetRenderDrawColor(app->renderer.get(), 30, 30, 35, 255); // Darker left[0m
      | [0;1;32m                                                        ^
[0m[1m/home/fors/proj/tetris/src/main.cpp:454:61: [0m[0;1;35mwarning: [0m[1m255 is a magic number; consider replacing it with a named constant [cppcoreguidelines-avoid-magic-numbers][0m
  454 |     SDL_SetRenderDrawColor(app->renderer.get(), 30, 30, 35, 255); // Darker left[0m
      | [0;1;32m                                                            ^
[0m[1m/home/fors/proj/tetris/src/main.cpp:456:49: [0m[0;1;35mwarning: [0m[1m45 is a magic number; consider replacing it with a named constant [cppcoreguidelines-avoid-magic-numbers][0m
  456 |     SDL_SetRenderDrawColor(app->renderer.get(), 45, 45, 50, 255); // Lighter center[0m
      | [0;1;32m                                                ^
[0m[1m/home/fors/proj/tetris/src/main.cpp:456:53: [0m[0;1;35mwarning: [0m[1m45 is a magic number; consider replacing it with a named constant [cppcoreguidelines-avoid-magic-numbers][0m
  456 |     SDL_SetRenderDrawColor(app->renderer.get(), 45, 45, 50, 255); // Lighter center[0m
      | [0;1;32m                                                    ^
[0m[1m/home/fors/proj/tetris/src/main.cpp:456:57: [0m[0;1;35mwarning: [0m[1m50 is a magic number; consider replacing it with a named constant [cppcoreguidelines-avoid-magic-numbers][0m
  456 |     SDL_SetRenderDrawColor(app->renderer.get(), 45, 45, 50, 255); // Lighter center[0m
      | [0;1;32m                                                        ^
[0m[1m/home/fors/proj/tetris/src/main.cpp:456:61: [0m[0;1;35mwarning: [0m[1m255 is a magic number; consider replacing it with a named constant [cppcoreguidelines-avoid-magic-numbers][0m
  456 |     SDL_SetRenderDrawColor(app->renderer.get(), 45, 45, 50, 255); // Lighter center[0m
      | [0;1;32m                                                            ^
[0m[1m/home/fors/proj/tetris/src/main.cpp:458:49: [0m[0;1;35mwarning: [0m[1m30 is a magic number; consider replacing it with a named constant [cppcoreguidelines-avoid-magic-numbers][0m
  458 |     SDL_SetRenderDrawColor(app->renderer.get(), 30, 30, 35, 255); // Darker right[0m
      | [0;1;32m                                                ^
[0m[1m/home/fors/proj/tetris/src/main.cpp:458:53: [0m[0;1;35mwarning: [0m[1m30 is a magic number; consider replacing it with a named constant [cppcoreguidelines-avoid-magic-numbers][0m
  458 |     SDL_SetRenderDrawColor(app->renderer.get(), 30, 30, 35, 255); // Darker right[0m
      | [0;1;32m                                                    ^
[0m[1m/home/fors/proj/tetris/src/main.cpp:458:57: [0m[0;1;35mwarning: [0m[1m35 is a magic number; consider replacing it with a named constant [cppcoreguidelines-avoid-magic-numbers][0m
  458 |     SDL_SetRenderDrawColor(app->renderer.get(), 30, 30, 35, 255); // Darker right[0m
      | [0;1;32m                                                        ^
[0m[1m/home/fors/proj/tetris/src/main.cpp:458:61: [0m[0;1;35mwarning: [0m[1m255 is a magic number; consider replacing it with a named constant [cppcoreguidelines-avoid-magic-numbers][0m
  458 |     SDL_SetRenderDrawColor(app->renderer.get(), 30, 30, 35, 255); // Darker right[0m
      | [0;1;32m                                                            ^
[0m[1m/home/fors/proj/tetris/src/main.cpp:477:19: [0m[0;1;35mwarning: [0m[1mvariable 'offset_x' is not initialized [cppcoreguidelines-init-variables][0m
  477 |             float offset_x;[0m
      | [0;1;32m                  ^       
[0m      | [0;32m                           = NAN
[0m[1m/home/fors/proj/tetris/src/main.cpp:480:88: [0m[0;1;35mwarning: [0m[1m2.0f is a magic number; consider replacing it with a named constant [cppcoreguidelines-avoid-magic-numbers][0m
  480 |             else offset_x = panel_x + (grid_area_w - cell_size * TetrisBoard::WIDTH) / 2.0f;[0m
      | [0;1;32m                                                                                       ^
[0m[1m/home/fors/proj/tetris/src/main.cpp:480:88: [0m[0;1;35mwarning: [0m[1mfloating point literal has suffix 'f', which is not uppercase [readability-uppercase-literal-suffix][0m
  480 |             else offset_x = panel_x + (grid_area_w - cell_size * TetrisBoard::WIDTH) / 2.0f;[0m
      | [0;1;32m                                                                                       ^  ~
[0m      | [0;32m                                                                                          F
[0m[1m/home/fors/proj/tetris/src/main.cpp:482:19: [0m[0;1;35mwarning: [0m[1mvariable 'y_offset' is not initialized [cppcoreguidelines-init-variables][0m
  482 |             float y_offset;[0m
      | [0;1;32m                  ^       
[0m      | [0;32m                           = NAN
[0m[1m/home/fors/proj/tetris/src/main.cpp:485:89: [0m[0;1;35mwarning: [0m[1m2.0f is a magic number; consider replacing it with a named constant [cppcoreguidelines-avoid-magic-numbers][0m
  485 |             else y_offset = panel_y + (grid_area_h - cell_size * TetrisBoard::HEIGHT) / 2.0f;[0m
      | [0;1;32m                                                                                        ^
[0m[1m/home/fors/proj/tetris/src/main.cpp:485:89: [0m[0;1;35mwarning: [0m[1mfloating point literal has suffix 'f', which is not uppercase [readability-uppercase-literal-suffix][0m
  485 |             else y_offset = panel_y + (grid_area_h - cell_size * TetrisBoard::HEIGHT) / 2.0f;[0m
      | [0;1;32m                                                                                        ^  ~
[0m      | [0;32m                                                                                           F
[0m[1m/home/fors/proj/tetris/src/main.cpp:487:22: [0m[0;1;35mwarning: [0m[1mloop variable name 'y' is too short, expected at least 2 characters [readability-identifier-length][0m
  487 |             for (int y = 0; y < TetrisBoard::HEIGHT; ++y) {[0m
      | [0;1;32m                     ^
[0m[1m/home/fors/proj/tetris/src/main.cpp:488:26: [0m[0;1;35mwarning: [0m[1mloop variable name 'x' is too short, expected at least 2 characters [readability-identifier-length][0m
  488 |                 for (int x = 0; x < TetrisBoard::WIDTH; ++x) {[0m
      | [0;1;32m                         ^
[0m[1m/home/fors/proj/tetris/src/main.cpp:489:50: [0m[0;1;35mwarning: [0m[1mnarrowing conversion from 'int' to 'float' [bugprone-narrowing-conversions,cppcoreguidelines-narrowing-conversions][0m
  489 |                     SDL_FRect rect = {offset_x + x * cell_size, y_offset + y * cell_size, cell_size - 1.0f, cell_size - 1.0f};[0m
      | [0;1;32m                                                 ^
[0m[1m/home/fors/proj/tetris/src/main.cpp:489:76: [0m[0;1;35mwarning: [0m[1mnarrowing conversion from 'int' to 'float' [bugprone-narrowing-conversions,cppcoreguidelines-narrowing-conversions][0m
  489 |                     SDL_FRect rect = {offset_x + x * cell_size, y_offset + y * cell_size, cell_size - 1.0f, cell_size - 1.0f};[0m
      | [0;1;32m                                                                           ^
[0m[1m/home/fors/proj/tetris/src/main.cpp:489:103: [0m[0;1;35mwarning: [0m[1mfloating point literal has suffix 'f', which is not uppercase [readability-uppercase-literal-suffix][0m
  489 |                     SDL_FRect rect = {offset_x + x * cell_size, y_offset + y * cell_size, cell_size - 1.0f, cell_size - 1.0f};[0m
      | [0;1;32m                                                                                                      ^  ~
[0m      | [0;32m                                                                                                         F
[0m[1m/home/fors/proj/tetris/src/main.cpp:489:121: [0m[0;1;35mwarning: [0m[1mfloating point literal has suffix 'f', which is not uppercase [readability-uppercase-literal-suffix][0m
  489 |                     SDL_FRect rect = {offset_x + x * cell_size, y_offset + y * cell_size, cell_size - 1.0f, cell_size - 1.0f};[0m
      | [0;1;32m                                                                                                                        ^  ~
[0m      | [0;32m                                                                                                                           F
[0m[1m/home/fors/proj/tetris/src/main.cpp:490:37: [0m[0;1;35mwarning: [0m[1mdo not use array subscript when the index is not an integer constant expression [cppcoreguidelines-pro-bounds-constant-array-index][0m
  490 |                     int color_idx = board.grid[y][x].color;[0m
      | [0;1;32m                                    ^
[0m[1m/home/fors/proj/tetris/src/main.cpp:493:69: [0m[0;1;35mwarning: [0m[1m225 is a magic number; consider replacing it with a named constant [cppcoreguidelines-avoid-magic-numbers][0m
  493 |                         SDL_SetRenderDrawColor(app->renderer.get(), 225, 215, 185, 255);[0m
      | [0;1;32m                                                                    ^
[0m[1m/home/fors/proj/tetris/src/main.cpp:493:74: [0m[0;1;35mwarning: [0m[1m215 is a magic number; consider replacing it with a named constant [cppcoreguidelines-avoid-magic-numbers][0m
  493 |                         SDL_SetRenderDrawColor(app->renderer.get(), 225, 215, 185, 255);[0m
      | [0;1;32m                                                                         ^
[0m[1m/home/fors/proj/tetris/src/main.cpp:493:79: [0m[0;1;35mwarning: [0m[1m185 is a magic number; consider replacing it with a named constant [cppcoreguidelines-avoid-magic-numbers][0m
  493 |                         SDL_SetRenderDrawColor(app->renderer.get(), 225, 215, 185, 255);[0m
      | [0;1;32m                                                                              ^
[0m[1m/home/fors/proj/tetris/src/main.cpp:493:84: [0m[0;1;35mwarning: [0m[1m255 is a magic number; consider replacing it with a named constant [cppcoreguidelines-avoid-magic-numbers][0m
  493 |                         SDL_SetRenderDrawColor(app->renderer.get(), 225, 215, 185, 255);[0m
      | [0;1;32m                                                                                   ^
[0m[1m/home/fors/proj/tetris/src/main.cpp:495:29: [0m[0;1;35mwarning: [0m[1mdo not use array subscript when the index is not an integer constant expression [cppcoreguidelines-pro-bounds-constant-array-index][0m
  495 |                         if (board.grid[y][x].has_crystal) {[0m
      | [0;1;32m                            ^
[0m[1m/home/fors/proj/tetris/src/main.cpp:496:73: [0m[0;1;35mwarning: [0m[1m255 is a magic number; consider replacing it with a named constant [cppcoreguidelines-avoid-magic-numbers][0m
  496 |                             SDL_SetRenderDrawColor(app->renderer.get(), 255, 255, 0, 255);[0m
      | [0;1;32m                                                                        ^
[0m[1m/home/fors/proj/tetris/src/main.cpp:496:78: [0m[0;1;35mwarning: [0m[1m255 is a magic number; consider replacing it with a named constant [cppcoreguidelines-avoid-magic-numbers][0m
  496 |                             SDL_SetRenderDrawColor(app->renderer.get(), 255, 255, 0, 255);[0m
      | [0;1;32m                                                                             ^
[0m[1m/home/fors/proj/tetris/src/main.cpp:496:86: [0m[0;1;35mwarning: [0m[1m255 is a magic number; consider replacing it with a named constant [cppcoreguidelines-avoid-magic-numbers][0m
  496 |                             SDL_SetRenderDrawColor(app->renderer.get(), 255, 255, 0, 255);[0m
      | [0;1;32m                                                                                     ^
[0m[1m/home/fors/proj/tetris/src/main.cpp:497:58: [0m[0;1;35mwarning: [0m[1m0.2f is a magic number; consider replacing it with a named constant [cppcoreguidelines-avoid-magic-numbers][0m
  497 |                             float c_margin = cell_size * 0.2f;[0m
      | [0;1;32m                                                         ^
[0m[1m/home/fors/proj/tetris/src/main.cpp:497:58: [0m[0;1;35mwarning: [0m[1mfloating point literal has suffix 'f', which is not uppercase [readability-uppercase-literal-suffix][0m
  497 |                             float c_margin = cell_size * 0.2f;[0m
      | [0;1;32m                                                         ^  ~
[0m      | [0;32m                                                            F
[0m[1m/home/fors/proj/tetris/src/main.cpp:498:59: [0m[0;1;35mwarning: [0m[1mnarrowing conversion from 'int' to 'float' [bugprone-narrowing-conversions,cppcoreguidelines-narrowing-conversions][0m
  498 |                             SDL_FRect crect = {offset_x + x * cell_size + c_margin, y_offset + y * cell_size + c_margin, cell_size - c_margin * 2.0f, cell_size - c_margin * 2.0f};[0m
      | [0;1;32m                                                          ^
[0m[1m/home/fors/proj/tetris/src/main.cpp:498:96: [0m[0;1;35mwarning: [0m[1mnarrowing conversion from 'int' to 'float' [bugprone-narrowing-conversions,cppcoreguidelines-narrowing-conversions][0m
  498 |                             SDL_FRect crect = {offset_x + x * cell_size + c_margin, y_offset + y * cell_size + c_margin, cell_size - c_margin * 2.0f, cell_size - c_margin * 2.0f};[0m
      | [0;1;32m                                                                                               ^
[0m[1m/home/fors/proj/tetris/src/main.cpp:498:145: [0m[0;1;35mwarning: [0m[1m2.0f is a magic number; consider replacing it with a named constant [cppcoreguidelines-avoid-magic-numbers][0m
  498 |                             SDL_FRect crect = {offset_x + x * cell_size + c_margin, y_offset + y * cell_size + c_margin, cell_size - c_margin * 2.0f, cell_size - c_margin * 2.0f};[0m
      | [0;1;32m                                                                                                                                                ^
[0m[1m/home/fors/proj/tetris/src/main.cpp:498:145: [0m[0;1;35mwarning: [0m[1mfloating point literal has suffix 'f', which is not uppercase [readability-uppercase-literal-suffix][0m
  498 |                             SDL_FRect crect = {offset_x + x * cell_size + c_margin, y_offset + y * cell_size + c_margin, cell_size - c_margin * 2.0f, cell_size - c_margin * 2.0f};[0m
      | [0;1;32m                                                                                                                                                ^  ~
[0m      | [0;32m                                                                                                                                                   F
[0m[1m/home/fors/proj/tetris/src/main.cpp:498:174: [0m[0;1;35mwarning: [0m[1m2.0f is a magic number; consider replacing it with a named constant [cppcoreguidelines-avoid-magic-numbers][0m
  498 |                             SDL_FRect crect = {offset_x + x * cell_size + c_margin, y_offset + y * cell_size + c_margin, cell_size - c_margin * 2.0f, cell_size - c_margin * 2.0f};[0m
      | [0;1;32m                                                                                                                                                                             ^
[0m[1m/home/fors/proj/tetris/src/main.cpp:498:174: [0m[0;1;35mwarning: [0m[1mfloating point literal has suffix 'f', which is not uppercase [readability-uppercase-literal-suffix][0m
  498 |                             SDL_FRect crect = {offset_x + x * cell_size + c_margin, y_offset + y * cell_size + c_margin, cell_size - c_margin * 2.0f, cell_size - c_margin * 2.0f};[0m
      | [0;1;32m                                                                                                                                                                             ^  ~
[0m      | [0;32m                                                                                                                                                                                F
[0m[1m/home/fors/proj/tetris/src/main.cpp:502:69: [0m[0;1;35mwarning: [0m[1m80 is a magic number; consider replacing it with a named constant [cppcoreguidelines-avoid-magic-numbers][0m
  502 |                         SDL_SetRenderDrawColor(app->renderer.get(), 80, 80, 80, 255);[0m
      | [0;1;32m                                                                    ^
[0m[1m/home/fors/proj/tetris/src/main.cpp:502:73: [0m[0;1;35mwarning: [0m[1m80 is a magic number; consider replacing it with a named constant [cppcoreguidelines-avoid-magic-numbers][0m
  502 |                         SDL_SetRenderDrawColor(app->renderer.get(), 80, 80, 80, 255);[0m
      | [0;1;32m                                                                        ^
[0m[1m/home/fors/proj/tetris/src/main.cpp:502:77: [0m[0;1;35mwarning: [0m[1m80 is a magic number; consider replacing it with a named constant [cppcoreguidelines-avoid-magic-numbers][0m
  502 |                         SDL_SetRenderDrawColor(app->renderer.get(), 80, 80, 80, 255);[0m
      | [0;1;32m                                                                            ^
[0m[1m/home/fors/proj/tetris/src/main.cpp:502:81: [0m[0;1;35mwarning: [0m[1m255 is a magic number; consider replacing it with a named constant [cppcoreguidelines-avoid-magic-numbers][0m
  502 |                         SDL_SetRenderDrawColor(app->renderer.get(), 80, 80, 80, 255);[0m
      | [0;1;32m                                                                                ^
[0m[1m/home/fors/proj/tetris/src/main.cpp:507:77: [0m[0;1;35mwarning: [0m[1m7 is a magic number; consider replacing it with a named constant [cppcoreguidelines-avoid-magic-numbers][0m
  507 |             if (board.current_piece.type > 0 && board.current_piece.type <= 7) {[0m
      | [0;1;32m                                                                            ^
[0m[1m/home/fors/proj/tetris/src/main.cpp:508:29: [0m[0;1;35mwarning: [0m[1mvariable name 'c' is too short, expected at least 3 characters [readability-identifier-length][0m
  508 |                 const auto& c = TETROMINO_DEFS[board.current_piece.type].color;[0m
      | [0;1;32m                            ^
[0m[1m/home/fors/proj/tetris/src/main.cpp:525:29: [0m[0;1;35mwarning: [0m[1mloop variable name 'r' is too short, expected at least 2 characters [readability-identifier-length][0m
  525 |                     for(int r=0; r<4; r++) {[0m
      | [0;1;32m                            ^
[0m[1m/home/fors/proj/tetris/src/main.cpp:527:32: [0m[0;1;35mwarning: [0m[1mimplicit conversion 'int' -> 'bool' [readability-implicit-bool-conversion][0m
  527 |                             if(board.current_piece.shape[r][c_idx]) {[0m
      | [0;1;32m                               ^                                  
[0m      | [0;32m                                                                   != 0
[0m[1m/home/fors/proj/tetris/src/main.cpp:528:62: [0m[0;1;35mwarning: [0m[1mnarrowing conversion from 'int' to 'float' [bugprone-narrowing-conversions,cppcoreguidelines-narrowing-conversions][0m
  528 |                                 SDL_FRect rect = {offset_x + (board.current_piece.x + c_idx) * cell_size, y_offset + (ghost_y + r) * cell_size, cell_size - 1.0f, cell_size - 1.0f};[0m
      | [0;1;32m                                                             ^
[0m[1m/home/fors/proj/tetris/src/main.cpp:528:118: [0m[0;1;35mwarning: [0m[1mnarrowing conversion from 'int' to 'float' [bugprone-narrowing-conversions,cppcoreguidelines-narrowing-conversions][0m
  528 |                                 SDL_FRect rect = {offset_x + (board.current_piece.x + c_idx) * cell_size, y_offset + (ghost_y + r) * cell_size, cell_size - 1.0f, cell_size - 1.0f};[0m
      | [0;1;32m                                                                                                                     ^
[0m[1m/home/fors/proj/tetris/src/main.cpp:528:157: [0m[0;1;35mwarning: [0m[1mfloating point literal has suffix 'f', which is not uppercase [readability-uppercase-literal-suffix][0m
  528 |                                 SDL_FRect rect = {offset_x + (board.current_piece.x + c_idx) * cell_size, y_offset + (ghost_y + r) * cell_size, cell_size - 1.0f, cell_size - 1.0f};[0m
      | [0;1;32m                                                                                                                                                            ^  ~
[0m      | [0;32m                                                                                                                                                               F
[0m[1m/home/fors/proj/tetris/src/main.cpp:528:175: [0m[0;1;35mwarning: [0m[1mfloating point literal has suffix 'f', which is not uppercase [readability-uppercase-literal-suffix][0m
  528 |                                 SDL_FRect rect = {offset_x + (board.current_piece.x + c_idx) * cell_size, y_offset + (ghost_y + r) * cell_size, cell_size - 1.0f, cell_size - 1.0f};[0m
      | [0;1;32m                                                                                                                                                                              ^  ~
[0m      | [0;32m                                                                                                                                                                                 F
[0m[1m/home/fors/proj/tetris/src/main.cpp:530:77: [0m[0;1;35mwarning: [0m[1m225 is a magic number; consider replacing it with a named constant [cppcoreguidelines-avoid-magic-numbers][0m
  530 |                                 SDL_SetRenderDrawColor(app->renderer.get(), 225, 215, 185, 64);[0m
      | [0;1;32m                                                                            ^
[0m[1m/home/fors/proj/tetris/src/main.cpp:530:82: [0m[0;1;35mwarning: [0m[1m215 is a magic number; consider replacing it with a named constant [cppcoreguidelines-avoid-magic-numbers][0m
  530 |                                 SDL_SetRenderDrawColor(app->renderer.get(), 225, 215, 185, 64);[0m
      | [0;1;32m                                                                                 ^
[0m[1m/home/fors/proj/tetris/src/main.cpp:530:87: [0m[0;1;35mwarning: [0m[1m185 is a magic number; consider replacing it with a named constant [cppcoreguidelines-avoid-magic-numbers][0m
  530 |                                 SDL_SetRenderDrawColor(app->renderer.get(), 225, 215, 185, 64);[0m
      | [0;1;32m                                                                                      ^
[0m[1m/home/fors/proj/tetris/src/main.cpp:530:92: [0m[0;1;35mwarning: [0m[1m64 is a magic number; consider replacing it with a named constant [cppcoreguidelines-avoid-magic-numbers][0m
  530 |                                 SDL_SetRenderDrawColor(app->renderer.get(), 225, 215, 185, 64);[0m
      | [0;1;32m                                                                                           ^
[0m[1m/home/fors/proj/tetris/src/main.cpp:538:25: [0m[0;1;35mwarning: [0m[1mloop variable name 'r' is too short, expected at least 2 characters [readability-identifier-length][0m
  538 |                 for(int r=0; r<4; r++) {[0m
      | [0;1;32m                        ^
[0m[1m/home/fors/proj/tetris/src/main.cpp:540:28: [0m[0;1;35mwarning: [0m[1mimplicit conversion 'int' -> 'bool' [readability-implicit-bool-conversion][0m
  540 |                         if(board.current_piece.shape[r][c_idx]) {[0m
      | [0;1;32m                           ^                                  
[0m      | [0;32m                                                               != 0
[0m[1m/home/fors/proj/tetris/src/main.cpp:541:58: [0m[0;1;35mwarning: [0m[1mnarrowing conversion from 'int' to 'float' [bugprone-narrowing-conversions,cppcoreguidelines-narrowing-conversions][0m
  541 |                             SDL_FRect rect = {offset_x + (board.current_piece.x + c_idx) * cell_size, y_offset + (board.current_piece.y + r) * cell_size, cell_size - 1.0f, cell_size - 1.0f};[0m
      | [0;1;32m                                                         ^
[0m[1m/home/fors/proj/tetris/src/main.cpp:541:114: [0m[0;1;35mwarning: [0m[1mnarrowing conversion from 'int' to 'float' [bugprone-narrowing-conversions,cppcoreguidelines-narrowing-conversions][0m
  541 |                             SDL_FRect rect = {offset_x + (board.current_piece.x + c_idx) * cell_size, y_offset + (board.current_piece.y + r) * cell_size, cell_size - 1.0f, cell_size - 1.0f};[0m
      | [0;1;32m                                                                                                                 ^
[0m[1m/home/fors/proj/tetris/src/main.cpp:541:167: [0m[0;1;35mwarning: [0m[1mfloating point literal has suffix 'f', which is not uppercase [readability-uppercase-literal-suffix][0m
  541 |                             SDL_FRect rect = {offset_x + (board.current_piece.x + c_idx) * cell_size, y_offset + (board.current_piece.y + r) * cell_size, cell_size - 1.0f, cell_size - 1.0f};[0m
      | [0;1;32m                                                                                                                                                                      ^  ~
[0m      | [0;32m                                                                                                                                                                         F
[0m[1m/home/fors/proj/tetris/src/main.cpp:541:185: [0m[0;1;35mwarning: [0m[1mfloating point literal has suffix 'f', which is not uppercase [readability-uppercase-literal-suffix][0m
  541 |                             SDL_FRect rect = {offset_x + (board.current_piece.x + c_idx) * cell_size, y_offset + (board.current_piece.y + r) * cell_size, cell_size - 1.0f, cell_size - 1.0f};[0m
      | [0;1;32m                                                                                                                                                                                        ^  ~
[0m      | [0;32m                                                                                                                                                                                           F
[0m[1m/home/fors/proj/tetris/src/main.cpp:545:77: [0m[0;1;35mwarning: [0m[1m255 is a magic number; consider replacing it with a named constant [cppcoreguidelines-avoid-magic-numbers][0m
  545 |                                 SDL_SetRenderDrawColor(app->renderer.get(), 255, 255, 0, 255);[0m
      | [0;1;32m                                                                            ^
[0m[1m/home/fors/proj/tetris/src/main.cpp:545:82: [0m[0;1;35mwarning: [0m[1m255 is a magic number; consider replacing it with a named constant [cppcoreguidelines-avoid-magic-numbers][0m
  545 |                                 SDL_SetRenderDrawColor(app->renderer.get(), 255, 255, 0, 255);[0m
      | [0;1;32m                                                                                 ^
[0m[1m/home/fors/proj/tetris/src/main.cpp:545:90: [0m[0;1;35mwarning: [0m[1m255 is a magic number; consider replacing it with a named constant [cppcoreguidelines-avoid-magic-numbers][0m
  545 |                                 SDL_SetRenderDrawColor(app->renderer.get(), 255, 255, 0, 255);[0m
      | [0;1;32m                                                                                         ^
[0m[1m/home/fors/proj/tetris/src/main.cpp:546:62: [0m[0;1;35mwarning: [0m[1m0.2f is a magic number; consider replacing it with a named constant [cppcoreguidelines-avoid-magic-numbers][0m
  546 |                                 float c_margin = cell_size * 0.2f;[0m
      | [0;1;32m                                                             ^
[0m[1m/home/fors/proj/tetris/src/main.cpp:546:62: [0m[0;1;35mwarning: [0m[1mfloating point literal has suffix 'f', which is not uppercase [readability-uppercase-literal-suffix][0m
  546 |                                 float c_margin = cell_size * 0.2f;[0m
      | [0;1;32m                                                             ^  ~
[0m      | [0;32m                                                                F
[0m[1m/home/fors/proj/tetris/src/main.cpp:547:63: [0m[0;1;35mwarning: [0m[1mnarrowing conversion from 'int' to 'float' [bugprone-narrowing-conversions,cppcoreguidelines-narrowing-conversions][0m
  547 |                                 SDL_FRect crect = {offset_x + (board.current_piece.x + c_idx) * cell_size + c_margin, y_offset + (board.current_piece.y + r) * cell_size + c_margin, cell_size - c_margin * 2.0f, cell_size - c_margin * 2.0f};[0m
      | [0;1;32m                                                              ^
[0m[1m/home/fors/proj/tetris/src/main.cpp:547:130: [0m[0;1;35mwarning: [0m[1mnarrowing conversion from 'int' to 'float' [bugprone-narrowing-conversions,cppcoreguidelines-narrowing-conversions][0m
  547 |                                 SDL_FRect crect = {offset_x + (board.current_piece.x + c_idx) * cell_size + c_margin, y_offset + (board.current_piece.y + r) * cell_size + c_margin, cell_size - c_margin * 2.0f, cell_size - c_margin * 2.0f};[0m
      | [0;1;32m                                                                                                                                 ^
[0m[1m/home/fors/proj/tetris/src/main.cpp:547:205: [0m[0;1;35mwarning: [0m[1m2.0f is a magic number; consider replacing it with a named constant [cppcoreguidelines-avoid-magic-numbers][0m
  547 |                                 SDL_FRect crect = {offset_x + (board.current_piece.x + c_idx) * cell_size + c_margin, y_offset + (board.current_piece.y + r) * cell_size + c_margin, cell_size - c_margin * 2.0f, cell_size - c_margin * 2.0f};[0m
      | [0;1;32m                                                                                                                                                                                                            ^
[0m[1m/home/fors/proj/tetris/src/main.cpp:547:205: [0m[0;1;35mwarning: [0m[1mfloating point literal has suffix 'f', which is not uppercase [readability-uppercase-literal-suffix][0m
  547 |                                 SDL_FRect crect = {offset_x + (board.current_piece.x + c_idx) * cell_size + c_margin, y_offset + (board.current_piece.y + r) * cell_size + c_margin, cell_size - c_margin * 2.0f, cell_size - c_margin * 2.0f};[0m
      | [0;1;32m                                                                                                                                                                                                            ^  ~
[0m      | [0;32m                                                                                                                                                                                                               F
[0m[1m/home/fors/proj/tetris/src/main.cpp:547:234: [0m[0;1;35mwarning: [0m[1m2.0f is a magic number; consider replacing it with a named constant [cppcoreguidelines-avoid-magic-numbers][0m
  547 |                                 SDL_FRect crect = {offset_x + (board.current_piece.x + c_idx) * cell_size + c_margin, y_offset + (board.current_piece.y + r) * cell_size + c_margin, cell_size - c_margin * 2.0f, cell_size - c_margin * 2.0f};[0m
      | [0;1;32m                                                                                                                                                                                                                                         ^
[0m[1m/home/fors/proj/tetris/src/main.cpp:547:234: [0m[0;1;35mwarning: [0m[1mfloating point literal has suffix 'f', which is not uppercase [readability-uppercase-literal-suffix][0m
  547 |                                 SDL_FRect crect = {offset_x + (board.current_piece.x + c_idx) * cell_size + c_margin, y_offset + (board.current_piece.y + r) * cell_size + c_margin, cell_size - c_margin * 2.0f, cell_size - c_margin * 2.0f};[0m
      | [0;1;32m                                                                                                                                                                                                                                         ^  ~
[0m      | [0;32m                                                                                                                                                                                                                                            F
[0m[1m/home/fors/proj/tetris/src/main.cpp:559:53: [0m[0;1;35mwarning: [0m[1m200 is a magic number; consider replacing it with a named constant [cppcoreguidelines-avoid-magic-numbers][0m
  559 |         SDL_SetRenderDrawColor(app->renderer.get(), 200, 50, 50, 255);[0m
      | [0;1;32m                                                    ^
[0m[1m/home/fors/proj/tetris/src/main.cpp:559:58: [0m[0;1;35mwarning: [0m[1m50 is a magic number; consider replacing it with a named constant [cppcoreguidelines-avoid-magic-numbers][0m
  559 |         SDL_SetRenderDrawColor(app->renderer.get(), 200, 50, 50, 255);[0m
      | [0;1;32m                                                         ^
[0m[1m/home/fors/proj/tetris/src/main.cpp:559:62: [0m[0;1;35mwarning: [0m[1m50 is a magic number; consider replacing it with a named constant [cppcoreguidelines-avoid-magic-numbers][0m
  559 |         SDL_SetRenderDrawColor(app->renderer.get(), 200, 50, 50, 255);[0m
      | [0;1;32m                                                             ^
[0m[1m/home/fors/proj/tetris/src/main.cpp:559:66: [0m[0;1;35mwarning: [0m[1m255 is a magic number; consider replacing it with a named constant [cppcoreguidelines-avoid-magic-numbers][0m
  559 |         SDL_SetRenderDrawColor(app->renderer.get(), 200, 50, 50, 255);[0m
      | [0;1;32m                                                                 ^
[0m[1m/home/fors/proj/tetris/src/main.cpp:562:53: [0m[0;1;35mwarning: [0m[1m255 is a magic number; consider replacing it with a named constant [cppcoreguidelines-avoid-magic-numbers][0m
  562 |         SDL_SetRenderDrawColor(app->renderer.get(), 255, 255, 255, 255);[0m
      | [0;1;32m                                                    ^
[0m[1m/home/fors/proj/tetris/src/main.cpp:562:58: [0m[0;1;35mwarning: [0m[1m255 is a magic number; consider replacing it with a named constant [cppcoreguidelines-avoid-magic-numbers][0m
  562 |         SDL_SetRenderDrawColor(app->renderer.get(), 255, 255, 255, 255);[0m
      | [0;1;32m                                                         ^
[0m[1m/home/fors/proj/tetris/src/main.cpp:562:63: [0m[0;1;35mwarning: [0m[1m255 is a magic number; consider replacing it with a named constant [cppcoreguidelines-avoid-magic-numbers][0m
  562 |         SDL_SetRenderDrawColor(app->renderer.get(), 255, 255, 255, 255);[0m
      | [0;1;32m                                                              ^
[0m[1m/home/fors/proj/tetris/src/main.cpp:562:68: [0m[0;1;35mwarning: [0m[1m255 is a magic number; consider replacing it with a named constant [cppcoreguidelines-avoid-magic-numbers][0m
  562 |         SDL_SetRenderDrawColor(app->renderer.get(), 255, 255, 255, 255);[0m
      | [0;1;32m                                                                   ^
[0m[1m/home/fors/proj/tetris/src/main.cpp:565:9: [0m[0;1;35mwarning: [0m[1mdo not call c-style vararg functions [cppcoreguidelines-pro-type-vararg][0m
  565 |         RenderCenteredText(app->renderer.get(), layout.menu_btn.x + layout.menu_btn.w * 0.5f, layout.menu_btn.y + layout.menu_btn.h * 0.5f, layout.text_scale, "MENU");[0m
      | [0;1;32m        ^
[0m[1m/home/fors/proj/tetris/src/main.cpp:565:89: [0m[0;1;35mwarning: [0m[1m0.5f is a magic number; consider replacing it with a named constant [cppcoreguidelines-avoid-magic-numbers][0m
  565 |         RenderCenteredText(app->renderer.get(), layout.menu_btn.x + layout.menu_btn.w * 0.5f, layout.menu_btn.y + layout.menu_btn.h * 0.5f, layout.text_scale, "MENU");[0m
      | [0;1;32m                                                                                        ^
[0m[1m/home/fors/proj/tetris/src/main.cpp:565:89: [0m[0;1;35mwarning: [0m[1mfloating point literal has suffix 'f', which is not uppercase [readability-uppercase-literal-suffix][0m
  565 |         RenderCenteredText(app->renderer.get(), layout.menu_btn.x + layout.menu_btn.w * 0.5f, layout.menu_btn.y + layout.menu_btn.h * 0.5f, layout.text_scale, "MENU");[0m
      | [0;1;32m                                                                                        ^  ~
[0m      | [0;32m                                                                                           F
[0m[1m/home/fors/proj/tetris/src/main.cpp:565:135: [0m[0;1;35mwarning: [0m[1m0.5f is a magic number; consider replacing it with a named constant [cppcoreguidelines-avoid-magic-numbers][0m
  565 |         RenderCenteredText(app->renderer.get(), layout.menu_btn.x + layout.menu_btn.w * 0.5f, layout.menu_btn.y + layout.menu_btn.h * 0.5f, layout.text_scale, "MENU");[0m
      | [0;1;32m                                                                                                                                      ^
[0m[1m/home/fors/proj/tetris/src/main.cpp:565:135: [0m[0;1;35mwarning: [0m[1mfloating point literal has suffix 'f', which is not uppercase [readability-uppercase-literal-suffix][0m
  565 |         RenderCenteredText(app->renderer.get(), layout.menu_btn.x + layout.menu_btn.w * 0.5f, layout.menu_btn.y + layout.menu_btn.h * 0.5f, layout.text_scale, "MENU");[0m
      | [0;1;32m                                                                                                                                      ^  ~
[0m      | [0;32m                                                                                                                                         F
[0m[1m/home/fors/proj/tetris/src/main.cpp:568:53: [0m[0;1;35mwarning: [0m[1m255 is a magic number; consider replacing it with a named constant [cppcoreguidelines-avoid-magic-numbers][0m
  568 |         SDL_SetRenderDrawColor(app->renderer.get(), 255, 0, 255, 255); // Power color[0m
      | [0;1;32m                                                    ^
[0m[1m/home/fors/proj/tetris/src/main.cpp:568:61: [0m[0;1;35mwarning: [0m[1m255 is a magic number; consider replacing it with a named constant [cppcoreguidelines-avoid-magic-numbers][0m
  568 |         SDL_SetRenderDrawColor(app->renderer.get(), 255, 0, 255, 255); // Power color[0m
      | [0;1;32m                                                            ^
[0m[1m/home/fors/proj/tetris/src/main.cpp:568:66: [0m[0;1;35mwarning: [0m[1m255 is a magic number; consider replacing it with a named constant [cppcoreguidelines-avoid-magic-numbers][0m
  568 |         SDL_SetRenderDrawColor(app->renderer.get(), 255, 0, 255, 255); // Power color[0m
      | [0;1;32m                                                                 ^
[0m[1m/home/fors/proj/tetris/src/main.cpp:570:53: [0m[0;1;35mwarning: [0m[1m100 is a magic number; consider replacing it with a named constant [cppcoreguidelines-avoid-magic-numbers][0m
  570 |         SDL_SetRenderDrawColor(app->renderer.get(), 100, 100, 100, 255);[0m
      | [0;1;32m                                                    ^
[0m[1m/home/fors/proj/tetris/src/main.cpp:570:58: [0m[0;1;35mwarning: [0m[1m100 is a magic number; consider replacing it with a named constant [cppcoreguidelines-avoid-magic-numbers][0m
  570 |         SDL_SetRenderDrawColor(app->renderer.get(), 100, 100, 100, 255);[0m
      | [0;1;32m                                                         ^
[0m[1m/home/fors/proj/tetris/src/main.cpp:570:63: [0m[0;1;35mwarning: [0m[1m100 is a magic number; consider replacing it with a named constant [cppcoreguidelines-avoid-magic-numbers][0m
  570 |         SDL_SetRenderDrawColor(app->renderer.get(), 100, 100, 100, 255);[0m
      | [0;1;32m                                                              ^
[0m[1m/home/fors/proj/tetris/src/main.cpp:570:68: [0m[0;1;35mwarning: [0m[1m255 is a magic number; consider replacing it with a named constant [cppcoreguidelines-avoid-magic-numbers][0m
  570 |         SDL_SetRenderDrawColor(app->renderer.get(), 100, 100, 100, 255);[0m
      | [0;1;32m                                                                   ^
[0m[1m/home/fors/proj/tetris/src/main.cpp:582:58: [0m[0;1;35mwarning: [0m[1m5.0f is a magic number; consider replacing it with a named constant [cppcoreguidelines-avoid-magic-numbers][0m
  582 |             float next_cell_size = (layout.next_area.w / 5.0f);[0m
      | [0;1;32m                                                         ^
[0m[1m/home/fors/proj/tetris/src/main.cpp:582:58: [0m[0;1;35mwarning: [0m[1mfloating point literal has suffix 'f', which is not uppercase [readability-uppercase-literal-suffix][0m
  582 |             float next_cell_size = (layout.next_area.w / 5.0f);[0m
      | [0;1;32m                                                         ^  ~
[0m      | [0;32m                                                            F
[0m[1m/home/fors/proj/tetris/src/main.cpp:583:56: [0m[0;1;35mwarning: [0m[1m15.0f is a magic number; consider replacing it with a named constant [cppcoreguidelines-avoid-magic-numbers][0m
  583 |             float next_offset_y = layout.next_area.y + 15.0f * layout.text_scale;[0m
      | [0;1;32m                                                       ^
[0m[1m/home/fors/proj/tetris/src/main.cpp:583:56: [0m[0;1;35mwarning: [0m[1mfloating point literal has suffix 'f', which is not uppercase [readability-uppercase-literal-suffix][0m
  583 |             float next_offset_y = layout.next_area.y + 15.0f * layout.text_scale;[0m
      | [0;1;32m                                                       ^   ~
[0m      | [0;32m                                                           F
[0m[1m/home/fors/proj/tetris/src/main.cpp:587:35: [0m[0;1;35mwarning: [0m[1mdo not use array subscript when the index is not an integer constant expression [cppcoreguidelines-pro-bounds-constant-array-index][0m
  587 |                 const auto& def = TETROMINO_DEFS[info.type + 1];[0m
      | [0;1;32m                                  ^
[0m[1m/home/fors/proj/tetris/src/main.cpp:588:56: [0m[0;1;35mwarning: [0m[1mnarrowing conversion from 'int' to 'float' [bugprone-narrowing-conversions,cppcoreguidelines-narrowing-conversions][0m
  588 |                 float current_next_y = next_offset_y + i * (next_cell_size * 4.5f);[0m
      | [0;1;32m                                                       ^
[0m[1m/home/fors/proj/tetris/src/main.cpp:588:78: [0m[0;1;35mwarning: [0m[1m4.5f is a magic number; consider replacing it with a named constant [cppcoreguidelines-avoid-magic-numbers][0m
  588 |                 float current_next_y = next_offset_y + i * (next_cell_size * 4.5f);[0m
      | [0;1;32m                                                                             ^
[0m[1m/home/fors/proj/tetris/src/main.cpp:588:78: [0m[0;1;35mwarning: [0m[1mfloating point literal has suffix 'f', which is not uppercase [readability-uppercase-literal-suffix][0m
  588 |                 float current_next_y = next_offset_y + i * (next_cell_size * 4.5f);[0m
      | [0;1;32m                                                                             ^  ~
[0m      | [0;32m                                                                                F
[0m[1m/home/fors/proj/tetris/src/main.cpp:589:25: [0m[0;1;35mwarning: [0m[1mloop variable name 'r' is too short, expected at least 2 characters [readability-identifier-length][0m
  589 |                 for(int r=0; r<4; r++) {[0m
      | [0;1;32m                        ^
[0m[1m/home/fors/proj/tetris/src/main.cpp:590:29: [0m[0;1;35mwarning: [0m[1mloop variable name 'c' is too short, expected at least 2 characters [readability-identifier-length][0m
  590 |                     for(int c=0; c<4; c++) {[0m
      | [0;1;32m                            ^
[0m[1m/home/fors/proj/tetris/src/main.cpp:591:28: [0m[0;1;35mwarning: [0m[1mdo not use array subscript when the index is not an integer constant expression [cppcoreguidelines-pro-bounds-constant-array-index][0m
  591 |                         if(def.shape[r][c]) {[0m
      | [0;1;32m                           ^
[0m[1m/home/fors/proj/tetris/src/main.cpp:591:28: [0m[0;1;35mwarning: [0m[1mimplicit conversion 'int' -> 'bool' [readability-implicit-bool-conversion][0m
  591 |                         if(def.shape[r][c]) {[0m
      | [0;1;32m                           ^              
[0m      | [0;32m                                           != 0
[0m[1m/home/fors/proj/tetris/src/main.cpp:592:68: [0m[0;1;35mwarning: [0m[1mnarrowing conversion from 'int' to 'float' [bugprone-narrowing-conversions,cppcoreguidelines-narrowing-conversions][0m
  592 |                             SDL_FRect rect = {layout.next_area.x + c * next_cell_size, current_next_y + r * next_cell_size, next_cell_size - 1.0f, next_cell_size - 1.0f};[0m
      | [0;1;32m                                                                   ^
[0m[1m/home/fors/proj/tetris/src/main.cpp:592:105: [0m[0;1;35mwarning: [0m[1mnarrowing conversion from 'int' to 'float' [bugprone-narrowing-conversions,cppcoreguidelines-narrowing-conversions][0m
  592 |                             SDL_FRect rect = {layout.next_area.x + c * next_cell_size, current_next_y + r * next_cell_size, next_cell_size - 1.0f, next_cell_size - 1.0f};[0m
      | [0;1;32m                                                                                                        ^
[0m[1m/home/fors/proj/tetris/src/main.cpp:592:142: [0m[0;1;35mwarning: [0m[1mfloating point literal has suffix 'f', which is not uppercase [readability-uppercase-literal-suffix][0m
  592 |                             SDL_FRect rect = {layout.next_area.x + c * next_cell_size, current_next_y + r * next_cell_size, next_cell_size - 1.0f, next_cell_size - 1.0f};[0m
      | [0;1;32m                                                                                                                                             ^  ~
[0m      | [0;32m                                                                                                                                                F
[0m[1m/home/fors/proj/tetris/src/main.cpp:592:165: [0m[0;1;35mwarning: [0m[1mfloating point literal has suffix 'f', which is not uppercase [readability-uppercase-literal-suffix][0m
  592 |                             SDL_FRect rect = {layout.next_area.x + c * next_cell_size, current_next_y + r * next_cell_size, next_cell_size - 1.0f, next_cell_size - 1.0f};[0m
      | [0;1;32m                                                                                                                                                                    ^  ~
[0m      | [0;32m                                                                                                                                                                       F
[0m[1m/home/fors/proj/tetris/src/main.cpp:596:77: [0m[0;1;35mwarning: [0m[1m255 is a magic number; consider replacing it with a named constant [cppcoreguidelines-avoid-magic-numbers][0m
  596 |                                 SDL_SetRenderDrawColor(app->renderer.get(), 255, 255, 0, 255);[0m
      | [0;1;32m                                                                            ^
[0m[1m/home/fors/proj/tetris/src/main.cpp:596:82: [0m[0;1;35mwarning: [0m[1m255 is a magic number; consider replacing it with a named constant [cppcoreguidelines-avoid-magic-numbers][0m
  596 |                                 SDL_SetRenderDrawColor(app->renderer.get(), 255, 255, 0, 255);[0m
      | [0;1;32m                                                                                 ^
[0m[1m/home/fors/proj/tetris/src/main.cpp:596:90: [0m[0;1;35mwarning: [0m[1m255 is a magic number; consider replacing it with a named constant [cppcoreguidelines-avoid-magic-numbers][0m
  596 |                                 SDL_SetRenderDrawColor(app->renderer.get(), 255, 255, 0, 255);[0m
      | [0;1;32m                                                                                         ^
[0m[1m/home/fors/proj/tetris/src/main.cpp:597:67: [0m[0;1;35mwarning: [0m[1m0.2f is a magic number; consider replacing it with a named constant [cppcoreguidelines-avoid-magic-numbers][0m
  597 |                                 float c_margin = next_cell_size * 0.2f;[0m
      | [0;1;32m                                                                  ^
[0m[1m/home/fors/proj/tetris/src/main.cpp:597:67: [0m[0;1;35mwarning: [0m[1mfloating point literal has suffix 'f', which is not uppercase [readability-uppercase-literal-suffix][0m
  597 |                                 float c_margin = next_cell_size * 0.2f;[0m
      | [0;1;32m                                                                  ^  ~
[0m      | [0;32m                                                                     F
[0m[1m/home/fors/proj/tetris/src/main.cpp:598:73: [0m[0;1;35mwarning: [0m[1mnarrowing conversion from 'int' to 'float' [bugprone-narrowing-conversions,cppcoreguidelines-narrowing-conversions][0m
  598 |                                 SDL_FRect crect = {layout.next_area.x + c * next_cell_size + c_margin, current_next_y + r * next_cell_size + c_margin, next_cell_size - c_margin * 2.0f, next_cell_size - c_margin * 2.0f};[0m
      | [0;1;32m                                                                        ^
[0m[1m/home/fors/proj/tetris/src/main.cpp:598:121: [0m[0;1;35mwarning: [0m[1mnarrowing conversion from 'int' to 'float' [bugprone-narrowing-conversions,cppcoreguidelines-narrowing-conversions][0m
  598 |                                 SDL_FRect crect = {layout.next_area.x + c * next_cell_size + c_margin, current_next_y + r * next_cell_size + c_margin, next_cell_size - c_margin * 2.0f, next_cell_size - c_margin * 2.0f};[0m
      | [0;1;32m                                                                                                                        ^
[0m[1m/home/fors/proj/tetris/src/main.cpp:598:180: [0m[0;1;35mwarning: [0m[1m2.0f is a magic number; consider replacing it with a named constant [cppcoreguidelines-avoid-magic-numbers][0m
  598 |                                 SDL_FRect crect = {layout.next_area.x + c * next_cell_size + c_margin, current_next_y + r * next_cell_size + c_margin, next_cell_size - c_margin * 2.0f, next_cell_size - c_margin * 2.0f};[0m
      | [0;1;32m                                                                                                                                                                                   ^
[0m[1m/home/fors/proj/tetris/src/main.cpp:598:180: [0m[0;1;35mwarning: [0m[1mfloating point literal has suffix 'f', which is not uppercase [readability-uppercase-literal-suffix][0m
  598 |                                 SDL_FRect crect = {layout.next_area.x + c * next_cell_size + c_margin, current_next_y + r * next_cell_size + c_margin, next_cell_size - c_margin * 2.0f, next_cell_size - c_margin * 2.0f};[0m
      | [0;1;32m                                                                                                                                                                                   ^  ~
[0m      | [0;32m                                                                                                                                                                                      F
[0m[1m/home/fors/proj/tetris/src/main.cpp:598:214: [0m[0;1;35mwarning: [0m[1m2.0f is a magic number; consider replacing it with a named constant [cppcoreguidelines-avoid-magic-numbers][0m
  598 |                                 SDL_FRect crect = {layout.next_area.x + c * next_cell_size + c_margin, current_next_y + r * next_cell_size + c_margin, next_cell_size - c_margin * 2.0f, next_cell_size - c_margin * 2.0f};[0m
      | [0;1;32m                                                                                                                                                                                                                     ^
[0m[1m/home/fors/proj/tetris/src/main.cpp:598:214: [0m[0;1;35mwarning: [0m[1mfloating point literal has suffix 'f', which is not uppercase [readability-uppercase-literal-suffix][0m
  598 |                                 SDL_FRect crect = {layout.next_area.x + c * next_cell_size + c_margin, current_next_y + r * next_cell_size + c_margin, next_cell_size - c_margin * 2.0f, next_cell_size - c_margin * 2.0f};[0m
      | [0;1;32m                                                                                                                                                                                                                     ^  ~
[0m      | [0;32m                                                                                                                                                                                                                        F
[0m[1m/home/fors/proj/tetris/src/main.cpp:608:53: [0m[0;1;35mwarning: [0m[1m100 is a magic number; consider replacing it with a named constant [cppcoreguidelines-avoid-magic-numbers][0m
  608 |         SDL_SetRenderDrawColor(app->renderer.get(), 100, 100, 100, 255);[0m
      | [0;1;32m                                                    ^
[0m[1m/home/fors/proj/tetris/src/main.cpp:608:58: [0m[0;1;35mwarning: [0m[1m100 is a magic number; consider replacing it with a named constant [cppcoreguidelines-avoid-magic-numbers][0m
  608 |         SDL_SetRenderDrawColor(app->renderer.get(), 100, 100, 100, 255);[0m
      | [0;1;32m                                                         ^
[0m[1m/home/fors/proj/tetris/src/main.cpp:608:63: [0m[0;1;35mwarning: [0m[1m100 is a magic number; consider replacing it with a named constant [cppcoreguidelines-avoid-magic-numbers][0m
  608 |         SDL_SetRenderDrawColor(app->renderer.get(), 100, 100, 100, 255);[0m
      | [0;1;32m                                                              ^
[0m[1m/home/fors/proj/tetris/src/main.cpp:608:68: [0m[0;1;35mwarning: [0m[1m255 is a magic number; consider replacing it with a named constant [cppcoreguidelines-avoid-magic-numbers][0m
  608 |         SDL_SetRenderDrawColor(app->renderer.get(), 100, 100, 100, 255);[0m
      | [0;1;32m                                                                   ^
[0m[1m/home/fors/proj/tetris/src/main.cpp:613:29: [0m[0;1;35mwarning: [0m[1m2.0f is a magic number; consider replacing it with a named constant [cppcoreguidelines-avoid-magic-numbers][0m
  613 |         float label_scale = 2.0f * ui_scale * window_scale;[0m
      | [0;1;32m                            ^
[0m[1m/home/fors/proj/tetris/src/main.cpp:613:29: [0m[0;1;35mwarning: [0m[1mfloating point literal has suffix 'f', which is not uppercase [readability-uppercase-literal-suffix][0m
  613 |         float label_scale = 2.0f * ui_scale * window_scale;[0m
      | [0;1;32m                            ^  ~
[0m      | [0;32m                               F
[0m[1m/home/fors/proj/tetris/src/main.cpp:614:53: [0m[0;1;35mwarning: [0m[1m255 is a magic number; consider replacing it with a named constant [cppcoreguidelines-avoid-magic-numbers][0m
  614 |         SDL_SetRenderDrawColor(app->renderer.get(), 255, 255, 255, 255);[0m
      | [0;1;32m                                                    ^
[0m[1m/home/fors/proj/tetris/src/main.cpp:614:58: [0m[0;1;35mwarning: [0m[1m255 is a magic number; consider replacing it with a named constant [cppcoreguidelines-avoid-magic-numbers][0m
  614 |         SDL_SetRenderDrawColor(app->renderer.get(), 255, 255, 255, 255);[0m
      | [0;1;32m                                                         ^
[0m[1m/home/fors/proj/tetris/src/main.cpp:614:63: [0m[0;1;35mwarning: [0m[1m255 is a magic number; consider replacing it with a named constant [cppcoreguidelines-avoid-magic-numbers][0m
  614 |         SDL_SetRenderDrawColor(app->renderer.get(), 255, 255, 255, 255);[0m
      | [0;1;32m                                                              ^
[0m[1m/home/fors/proj/tetris/src/main.cpp:614:68: [0m[0;1;35mwarning: [0m[1m255 is a magic number; consider replacing it with a named constant [cppcoreguidelines-avoid-magic-numbers][0m
  614 |         SDL_SetRenderDrawColor(app->renderer.get(), 255, 255, 255, 255);[0m
      | [0;1;32m                                                                   ^
[0m[1m/home/fors/proj/tetris/src/main.cpp:616:48: [0m[0;1;35mwarning: [0m[1mparameter name 'r' is too short, expected at least 3 characters [readability-identifier-length][0m
  616 |         auto draw_label = [&](const SDL_FRect& r, const char* text) {[0m
      | [0;1;32m                                               ^
[0m[1m/home/fors/proj/tetris/src/main.cpp:617:13: [0m[0;1;35mwarning: [0m[1mdo not call c-style vararg functions [cppcoreguidelines-pro-type-vararg][0m
  617 |             RenderCenteredText(app->renderer.get(), r.x + r.w * 0.5f, r.y + r.h * 0.5f, label_scale, "%s", text);[0m
      | [0;1;32m            ^
[0m[1m/home/fors/proj/tetris/src/main.cpp:617:65: [0m[0;1;35mwarning: [0m[1m0.5f is a magic number; consider replacing it with a named constant [cppcoreguidelines-avoid-magic-numbers][0m
  617 |             RenderCenteredText(app->renderer.get(), r.x + r.w * 0.5f, r.y + r.h * 0.5f, label_scale, "%s", text);[0m
      | [0;1;32m                                                                ^
[0m[1m/home/fors/proj/tetris/src/main.cpp:617:65: [0m[0;1;35mwarning: [0m[1mfloating point literal has suffix 'f', which is not uppercase [readability-uppercase-literal-suffix][0m
  617 |             RenderCenteredText(app->renderer.get(), r.x + r.w * 0.5f, r.y + r.h * 0.5f, label_scale, "%s", text);[0m
      | [0;1;32m                                                                ^  ~
[0m      | [0;32m                                                                   F
[0m[1m/home/fors/proj/tetris/src/main.cpp:617:83: [0m[0;1;35mwarning: [0m[1m0.5f is a magic number; consider replacing it with a named constant [cppcoreguidelines-avoid-magic-numbers][0m
  617 |             RenderCenteredText(app->renderer.get(), r.x + r.w * 0.5f, r.y + r.h * 0.5f, label_scale, "%s", text);[0m
      | [0;1;32m                                                                                  ^
[0m[1m/home/fors/proj/tetris/src/main.cpp:617:83: [0m[0;1;35mwarning: [0m[1mfloating point literal has suffix 'f', which is not uppercase [readability-uppercase-literal-suffix][0m
  617 |             RenderCenteredText(app->renderer.get(), r.x + r.w * 0.5f, r.y + r.h * 0.5f, label_scale, "%s", text);[0m
      | [0;1;32m                                                                                  ^  ~
[0m      | [0;32m                                                                                     F
[0m[1m/home/fors/proj/tetris/src/main.cpp:625:9: [0m[0;1;35mwarning: [0m[1mdo not call c-style vararg functions [cppcoreguidelines-pro-type-vararg][0m
  625 |         SDL_snprintf(pwr_txt, sizeof(pwr_txt), "%d", app->board1.stored_powerups);[0m
      | [0;1;32m        ^
[0m[1m/home/fors/proj/tetris/external/SDL/include/SDL3/SDL_stdinc.h:6070:22: [0m[0;1;36mnote: [0mexpanded from macro 'SDL_snprintf'[0m
 6070 | #define SDL_snprintf snprintf[0m
      | [0;1;32m                     ^
[0m[1m/home/fors/proj/tetris/src/main.cpp:625:22: [0m[0;1;35mwarning: [0m[1mdo not implicitly decay an array into a pointer; consider using gsl::array_view or an explicit cast instead [cppcoreguidelines-pro-bounds-array-to-pointer-decay][0m
  625 |         SDL_snprintf(pwr_txt, sizeof(pwr_txt), "%d", app->board1.stored_powerups);[0m
      | [0;1;32m                     ^
[0m[1m/home/fors/proj/tetris/src/main.cpp:626:36: [0m[0;1;35mwarning: [0m[1mdo not implicitly decay an array into a pointer; consider using gsl::array_view or an explicit cast instead [cppcoreguidelines-pro-bounds-array-to-pointer-decay][0m
  626 |         draw_label(layout.pwr_btn, pwr_txt);[0m
      | [0;1;32m                                   ^
[0m[1m/home/fors/proj/tetris/src/main.cpp:630:55: [0m[0;1;35mwarning: [0m[1m1.5f is a magic number; consider replacing it with a named constant [cppcoreguidelines-avoid-magic-numbers][0m
  630 |             float overlay_scale = layout.text_scale * 1.5f;[0m
      | [0;1;32m                                                      ^
[0m[1m/home/fors/proj/tetris/src/main.cpp:630:55: [0m[0;1;35mwarning: [0m[1mfloating point literal has suffix 'f', which is not uppercase [readability-uppercase-literal-suffix][0m
  630 |             float overlay_scale = layout.text_scale * 1.5f;[0m
      | [0;1;32m                                                      ^  ~
[0m      | [0;32m                                                         F
[0m[1m/home/fors/proj/tetris/src/main.cpp:631:77: [0m[0;1;35mwarning: [0m[1m0.5f is a magic number; consider replacing it with a named constant [cppcoreguidelines-avoid-magic-numbers][0m
  631 |             float board_center_x = (layout.section2.x + layout.section2.w * 0.5f);[0m
      | [0;1;32m                                                                            ^
[0m[1m/home/fors/proj/tetris/src/main.cpp:631:77: [0m[0;1;35mwarning: [0m[1mfloating point literal has suffix 'f', which is not uppercase [readability-uppercase-literal-suffix][0m
  631 |             float board_center_x = (layout.section2.x + layout.section2.w * 0.5f);[0m
      | [0;1;32m                                                                            ^  ~
[0m      | [0;32m                                                                               F
[0m[1m/home/fors/proj/tetris/src/main.cpp:632:55: [0m[0;1;35mwarning: [0m[1m0.4f is a magic number; consider replacing it with a named constant [cppcoreguidelines-avoid-magic-numbers][0m
  632 |             float board_center_y = ((float)render_h * 0.4f);[0m
      | [0;1;32m                                                      ^
[0m[1m/home/fors/proj/tetris/src/main.cpp:632:55: [0m[0;1;35mwarning: [0m[1mfloating point literal has suffix 'f', which is not uppercase [readability-uppercase-literal-suffix][0m
  632 |             float board_center_y = ((float)render_h * 0.4f);[0m
      | [0;1;32m                                                      ^  ~
[0m      | [0;32m                                                         F
[0m[1m/home/fors/proj/tetris/src/main.cpp:635:61: [0m[0;1;35mwarning: [0m[1m255 is a magic number; consider replacing it with a named constant [cppcoreguidelines-avoid-magic-numbers][0m
  635 |                 SDL_SetRenderDrawColor(app->renderer.get(), 255, 100, 100, 255);[0m
      | [0;1;32m                                                            ^
[0m[1m/home/fors/proj/tetris/src/main.cpp:635:66: [0m[0;1;35mwarning: [0m[1m100 is a magic number; consider replacing it with a named constant [cppcoreguidelines-avoid-magic-numbers][0m
  635 |                 SDL_SetRenderDrawColor(app->renderer.get(), 255, 100, 100, 255);[0m
      | [0;1;32m                                                                 ^
[0m[1m/home/fors/proj/tetris/src/main.cpp:635:71: [0m[0;1;35mwarning: [0m[1m100 is a magic number; consider replacing it with a named constant [cppcoreguidelines-avoid-magic-numbers][0m
  635 |                 SDL_SetRenderDrawColor(app->renderer.get(), 255, 100, 100, 255);[0m
      | [0;1;32m                                                                      ^
[0m[1m/home/fors/proj/tetris/src/main.cpp:635:76: [0m[0;1;35mwarning: [0m[1m255 is a magic number; consider replacing it with a named constant [cppcoreguidelines-avoid-magic-numbers][0m
  635 |                 SDL_SetRenderDrawColor(app->renderer.get(), 255, 100, 100, 255);[0m
      | [0;1;32m                                                                           ^
[0m[1m/home/fors/proj/tetris/src/main.cpp:636:17: [0m[0;1;35mwarning: [0m[1mdo not call c-style vararg functions [cppcoreguidelines-pro-type-vararg][0m
  636 |                 RenderCenteredText(app->renderer.get(), board_center_x, board_center_y, overlay_scale, "Waiting for server...");[0m
      | [0;1;32m                ^
[0m[1m/home/fors/proj/tetris/src/main.cpp:638:61: [0m[0;1;35mwarning: [0m[1m255 is a magic number; consider replacing it with a named constant [cppcoreguidelines-avoid-magic-numbers][0m
  638 |                 SDL_SetRenderDrawColor(app->renderer.get(), 255, 255, 0, 255);[0m
      | [0;1;32m                                                            ^
[0m[1m/home/fors/proj/tetris/src/main.cpp:638:66: [0m[0;1;35mwarning: [0m[1m255 is a magic number; consider replacing it with a named constant [cppcoreguidelines-avoid-magic-numbers][0m
  638 |                 SDL_SetRenderDrawColor(app->renderer.get(), 255, 255, 0, 255);[0m
      | [0;1;32m                                                                 ^
[0m[1m/home/fors/proj/tetris/src/main.cpp:638:74: [0m[0;1;35mwarning: [0m[1m255 is a magic number; consider replacing it with a named constant [cppcoreguidelines-avoid-magic-numbers][0m
  638 |                 SDL_SetRenderDrawColor(app->renderer.get(), 255, 255, 0, 255);[0m
      | [0;1;32m                                                                         ^
[0m[1m/home/fors/proj/tetris/src/main.cpp:639:21: [0m[0;1;35mwarning: [0m[1mvariable name 'cd' is too short, expected at least 3 characters [readability-identifier-length][0m
  639 |                 int cd = app->net_client->get_countdown();[0m
      | [0;1;32m                    ^
[0m[1m/home/fors/proj/tetris/src/main.cpp:640:29: [0m[0;1;35mwarning: [0m[1mdo not call c-style vararg functions [cppcoreguidelines-pro-type-vararg][0m
  640 |                 if (cd > 0) RenderCenteredText(app->renderer.get(), board_center_x, board_center_y, overlay_scale, "Match starts in: %d", cd);[0m
      | [0;1;32m                            ^
[0m[1m/home/fors/proj/tetris/src/main.cpp:641:22: [0m[0;1;35mwarning: [0m[1mdo not call c-style vararg functions [cppcoreguidelines-pro-type-vararg][0m
  641 |                 else RenderCenteredText(app->renderer.get(), board_center_x, board_center_y, overlay_scale, "Waiting for opponent...");[0m
      | [0;1;32m                     ^
[0m[1m/home/fors/proj/tetris/src/main.cpp:645:61: [0m[0;1;35mwarning: [0m[1m255 is a magic number; consider replacing it with a named constant [cppcoreguidelines-avoid-magic-numbers][0m
  645 |                 SDL_SetRenderDrawColor(app->renderer.get(), 255, 165, 0, 255);[0m
      | [0;1;32m                                                            ^
[0m[1m/home/fors/proj/tetris/src/main.cpp:645:66: [0m[0;1;35mwarning: [0m[1m165 is a magic number; consider replacing it with a named constant [cppcoreguidelines-avoid-magic-numbers][0m
  645 |                 SDL_SetRenderDrawColor(app->renderer.get(), 255, 165, 0, 255);[0m
      | [0;1;32m                                                                 ^
[0m[1m/home/fors/proj/tetris/src/main.cpp:645:74: [0m[0;1;35mwarning: [0m[1m255 is a magic number; consider replacing it with a named constant [cppcoreguidelines-avoid-magic-numbers][0m
  645 |                 SDL_SetRenderDrawColor(app->renderer.get(), 255, 165, 0, 255);[0m
      | [0;1;32m                                                                         ^
[0m[1m/home/fors/proj/tetris/src/main.cpp:646:17: [0m[0;1;35mwarning: [0m[1mdo not call c-style vararg functions [cppcoreguidelines-pro-type-vararg][0m
  646 |                 RenderCenteredText(app->renderer.get(), board_center_x, board_center_y + 25.0f * overlay_scale, overlay_scale, "Weak Connection!");[0m
      | [0;1;32m                ^
[0m[1m/home/fors/proj/tetris/src/main.cpp:646:90: [0m[0;1;35mwarning: [0m[1m25.0f is a magic number; consider replacing it with a named constant [cppcoreguidelines-avoid-magic-numbers][0m
  646 |                 RenderCenteredText(app->renderer.get(), board_center_x, board_center_y + 25.0f * overlay_scale, overlay_scale, "Weak Connection!");[0m
      | [0;1;32m                                                                                         ^
[0m[1m/home/fors/proj/tetris/src/main.cpp:646:90: [0m[0;1;35mwarning: [0m[1mfloating point literal has suffix 'f', which is not uppercase [readability-uppercase-literal-suffix][0m
  646 |                 RenderCenteredText(app->renderer.get(), board_center_x, board_center_y + 25.0f * overlay_scale, overlay_scale, "Weak Connection!");[0m
      | [0;1;32m                                                                                         ^   ~
[0m      | [0;32m                                                                                             F
[0m[1m/home/fors/proj/tetris/src/main.cpp:649:64: [0m[0;1;35mwarning: [0m[1m255 is a magic number; consider replacing it with a named constant [cppcoreguidelines-avoid-magic-numbers][0m
  649 |                 SDL_SetRenderDrawColor(app->renderer.get(), 0, 255, 255, 255);[0m
      | [0;1;32m                                                               ^
[0m[1m/home/fors/proj/tetris/src/main.cpp:649:69: [0m[0;1;35mwarning: [0m[1m255 is a magic number; consider replacing it with a named constant [cppcoreguidelines-avoid-magic-numbers][0m
  649 |                 SDL_SetRenderDrawColor(app->renderer.get(), 0, 255, 255, 255);[0m
      | [0;1;32m                                                                    ^
[0m[1m/home/fors/proj/tetris/src/main.cpp:649:74: [0m[0;1;35mwarning: [0m[1m255 is a magic number; consider replacing it with a named constant [cppcoreguidelines-avoid-magic-numbers][0m
  649 |                 SDL_SetRenderDrawColor(app->renderer.get(), 0, 255, 255, 255);[0m
      | [0;1;32m                                                                         ^
[0m[1m/home/fors/proj/tetris/src/main.cpp:650:17: [0m[0;1;35mwarning: [0m[1mdo not call c-style vararg functions [cppcoreguidelines-pro-type-vararg][0m
  650 |                 RenderCenteredText(app->renderer.get(), board_center_x, board_center_y + 50.0f * overlay_scale, overlay_scale, "POWER ACTIVE - FROZEN!");[0m
      | [0;1;32m                ^
[0m[1m/home/fors/proj/tetris/src/main.cpp:650:90: [0m[0;1;35mwarning: [0m[1m50.0f is a magic number; consider replacing it with a named constant [cppcoreguidelines-avoid-magic-numbers][0m
  650 |                 RenderCenteredText(app->renderer.get(), board_center_x, board_center_y + 50.0f * overlay_scale, overlay_scale, "POWER ACTIVE - FROZEN!");[0m
      | [0;1;32m                                                                                         ^
[0m[1m/home/fors/proj/tetris/src/main.cpp:650:90: [0m[0;1;35mwarning: [0m[1mfloating point literal has suffix 'f', which is not uppercase [readability-uppercase-literal-suffix][0m
  650 |                 RenderCenteredText(app->renderer.get(), board_center_x, board_center_y + 50.0f * overlay_scale, overlay_scale, "POWER ACTIVE - FROZEN!");[0m
      | [0;1;32m                                                                                         ^   ~
[0m      | [0;32m                                                                                             F
[0m[1m/home/fors/proj/tetris/src/main.cpp:661:5: [0m[0;1;35mwarning: [0m[1mdeleting a pointer through a type that is not marked 'gsl::owner<>'; consider using a smart pointer instead [cppcoreguidelines-owning-memory][0m
  661 |     delete app;[0m
      | [0;1;32m    ^      ~~~
[0m[1m/home/fors/proj/tetris/src/main.cpp:660:5: [0m[0;1;36mnote: [0mvariable declared here[0m
  660 |     auto* app = static_cast<AppContext*>(appstate);[0m
      | [0;1;32m    ^~~~~~~~~~~~~~~~~~~~~~~~~~~~~~~~~~~~~~~~~~~~~~
[0m[1m/home/fors/proj/tetris/src/network.hpp:50:5: [0m[0;1;35mwarning: [0m[1mdo not declare C-style arrays, use std::array<> instead [cppcoreguidelines-avoid-c-arrays,modernize-avoid-c-arrays][0m
   50 |     uint8_t grid[100]; // 10x20 grid, 4 bits per cell = 100 bytes[0m
      | [0;1;32m    ^
[0m[1m/home/fors/proj/tetris/src/network.hpp:50:18: [0m[0;1;35mwarning: [0m[1m100 is a magic number; consider replacing it with a named constant [cppcoreguidelines-avoid-magic-numbers][0m
   50 |     uint8_t grid[100]; // 10x20 grid, 4 bits per cell = 100 bytes[0m
      | [0;1;32m                 ^
[0m[1m/home/fors/proj/tetris/src/network.hpp:65:39: [0m[0;1;35mwarning: [0m[1m6 is a magic number; consider replacing it with a named constant [cppcoreguidelines-avoid-magic-numbers][0m
   65 | static_assert(sizeof(PacketHeader) == 6, "PacketHeader size mismatch");[0m
      | [0;1;32m                                      ^
[0m[1m/home/fors/proj/tetris/src/network.hpp:66:40: [0m[0;1;35mwarning: [0m[1m8 is a magic number; consider replacing it with a named constant [cppcoreguidelines-avoid-magic-numbers][0m
   66 | static_assert(sizeof(CommandPacket) == 8, "CommandPacket size mismatch");[0m
      | [0;1;32m                                       ^
[0m[1m/home/fors/proj/tetris/src/network.hpp:67:42: [0m[0;1;35mwarning: [0m[1m112 is a magic number; consider replacing it with a named constant [cppcoreguidelines-avoid-magic-numbers][0m
   67 | static_assert(sizeof(GameStatePacket) == 112, "GameStatePacket size mismatch");[0m
      | [0;1;32m                                         ^
[0m[1m/home/fors/proj/tetris/src/network.hpp:83:7: [0m[0;1;35mwarning: [0m[1mclass 'NetworkClient' defines a destructor but does not define a copy constructor, a copy assignment operator, a move constructor or a move assignment operator [cppcoreguidelines-special-member-functions][0m
   83 | class NetworkClient {[0m
      | [0;1;32m      ^
[0m[1m/home/fors/proj/tetris/src/network.hpp:93:53: [0m[0;1;35mwarning: [0m[1mparameter name 'x' is too short, expected at least 3 characters [readability-identifier-length][0m
   93 |     void send_state(int8_t type, int8_t rot, int8_t x, int8_t y, uint16_t crystal_mask, const uint8_t* grid_data);[0m
      | [0;1;32m                                                    ^
[0m[1m/home/fors/proj/tetris/src/network.hpp:93:63: [0m[0;1;35mwarning: [0m[1mparameter name 'y' is too short, expected at least 3 characters [readability-identifier-length][0m
   93 |     void send_state(int8_t type, int8_t rot, int8_t x, int8_t y, uint16_t crystal_mask, const uint8_t* grid_data);[0m
      | [0;1;32m                                                              ^
[0m[1m/home/fors/proj/tetris/src/network.hpp:97:5: [0m[0;1;35mwarning: [0m[1mfunction 'is_connected' should be marked [[nodiscard]] [modernize-use-nodiscard][0m
   97 |     bool is_connected() const { return connected; }[0m
      | [0;1;32m    ^
[0m      | [0;32m    [[nodiscard]] 
[0m[1m/home/fors/proj/tetris/src/network.hpp:98:5: [0m[0;1;35mwarning: [0m[1mfunction 'is_opponent_ready' should be marked [[nodiscard]] [modernize-use-nodiscard][0m
   98 |     bool is_opponent_ready() const { return opponent_ready; }[0m
      | [0;1;32m    ^
[0m      | [0;32m    [[nodiscard]] 
[0m[1m/home/fors/proj/tetris/src/network.hpp:99:5: [0m[0;1;35mwarning: [0m[1mfunction 'is_seed_ready' should be marked [[nodiscard]] [modernize-use-nodiscard][0m
   99 |     bool is_seed_ready() const { return seed_ready; }[0m
      | [0;1;32m    ^
[0m      | [0;32m    [[nodiscard]] 
[0m[1m/home/fors/proj/tetris/src/network.hpp:100:5: [0m[0;1;35mwarning: [0m[1mfunction 'is_game_over' should be marked [[nodiscard]] [modernize-use-nodiscard][0m
  100 |     bool is_game_over() const { return remote_game_over; }[0m
      | [0;1;32m    ^
[0m      | [0;32m    [[nodiscard]] 
[0m[1m/home/fors/proj/tetris/src/network.hpp:101:5: [0m[0;1;35mwarning: [0m[1mfunction 'am_i_winner' should be marked [[nodiscard]] [modernize-use-nodiscard][0m
  101 |     bool am_i_winner() const { return remote_game_over && loser_id != my_id; }[0m
      | [0;1;32m    ^
[0m      | [0;32m    [[nodiscard]] 
[0m[1m/home/fors/proj/tetris/src/network.hpp:102:5: [0m[0;1;35mwarning: [0m[1mfunction 'has_weak_connection' should be marked [[nodiscard]] [modernize-use-nodiscard][0m
  102 |     bool has_weak_connection() const { return weak_conn; }[0m
      | [0;1;32m    ^
[0m      | [0;32m    [[nodiscard]] 
[0m[1m/home/fors/proj/tetris/src/network.hpp:103:5: [0m[0;1;35mwarning: [0m[1mfunction 'get_countdown' should be marked [[nodiscard]] [modernize-use-nodiscard][0m
  103 |     int get_countdown() const { return countdown_val; }[0m
      | [0;1;32m    ^
[0m      | [0;32m    [[nodiscard]] 
[0m[1m/home/fors/proj/tetris/src/network.hpp:104:5: [0m[0;1;35mwarning: [0m[1mfunction 'get_global_next_index' should be marked [[nodiscard]] [modernize-use-nodiscard][0m
  104 |     int get_global_next_index() const { return global_next_index; }[0m
      | [0;1;32m    ^
[0m      | [0;32m    [[nodiscard]] 
[0m[1m/home/fors/proj/tetris/src/network.hpp:105:5: [0m[0;1;35mwarning: [0m[1mfunction 'get_my_id' should be marked [[nodiscard]] [modernize-use-nodiscard][0m
  105 |     uint8_t get_my_id() const { return my_id; }[0m
      | [0;1;32m    ^
[0m      | [0;32m    [[nodiscard]] 
[0m[1m/home/fors/proj/tetris/src/network.hpp:108:13: [0m[0;1;35mwarning: [0m[1mvariable name 'g' is too short, expected at least 3 characters [readability-identifier-length][0m
  108 |         int g = pending_garbage;[0m
      | [0;1;32m            ^
[0m[1m/home/fors/proj/tetris/src/network.hpp:119:5: [0m[0;1;35mwarning: [0m[1mfunction 'get_power_defs' should be marked [[nodiscard]] [modernize-use-nodiscard][0m
  119 |     const std::vector<PowerDef>& get_power_defs() const { return power_defs; }[0m
      | [0;1;32m    ^
[0m      | [0;32m    [[nodiscard]] 
[0m[1m/home/fors/proj/tetris/src/network.hpp:121:5: [0m[0;1;35mwarning: [0m[1mfunction 'get_seed' should be marked [[nodiscard]] [modernize-use-nodiscard][0m
  121 |     uint32_t get_seed() const { return seed; }[0m
      | [0;1;32m    ^
[0m      | [0;32m    [[nodiscard]] 
[0m[1m/home/fors/proj/tetris/src/network.hpp:128:5: [0m[0;1;35mwarning: [0m[1mfunction 'get_opponent_state' should be marked [[nodiscard]] [modernize-use-nodiscard][0m
  128 |     const GameStatePacket& get_opponent_state() const { return opponent_state; }[0m
      | [0;1;32m    ^
[0m      | [0;32m    [[nodiscard]] 
[0m[1m/home/fors/proj/tetris/src/network.hpp:149:5: [0m[0;1;35mwarning: [0m[1mdo not declare C-style arrays, use std::array<> instead [cppcoreguidelines-avoid-c-arrays,modernize-avoid-c-arrays][0m
  149 |     uint8_t recv_buf[4096];[0m
      | [0;1;32m    ^
[0m[1m/home/fors/proj/tetris/src/network.hpp:149:22: [0m[0;1;35mwarning: [0m[1m4096 is a magic number; consider replacing it with a named constant [cppcoreguidelines-avoid-magic-numbers][0m
  149 |     uint8_t recv_buf[4096];[0m
      | [0;1;32m                     ^
[0m[1m/home/fors/proj/tetris/src/tetris_core.hpp:19:5: [0m[0;1;35mwarning: [0m[1mdo not declare C-style arrays, use std::array<> instead [cppcoreguidelines-avoid-c-arrays,modernize-avoid-c-arrays][0m
   19 |     int shape[4][4];[0m
      | [0;1;32m    ^
[0m[1m/home/fors/proj/tetris/src/tetris_core.hpp:30:7: [0m[0;1;35mwarning: [0m[1mdo not declare C-style arrays, use std::array<> instead [cppcoreguidelines-avoid-c-arrays,modernize-avoid-c-arrays][0m
   30 | const TetrominoDef TETROMINO_DEFS[8] = {[0m
      | [0;1;32m      ^
[0m[1m/home/fors/proj/tetris/src/tetris_core.hpp:50:22: [0m[0;1;35mwarning: [0m[1mpass by value and use std::move [modernize-pass-by-value][0m
   12 |     SharedPieceQueue(std::shared_ptr<NetworkClient> n) : piece_dist(0, 6), crystal_dist(0, 4), net(n) {}[0m
      | [0;1;32m                     ^                                                                              
[0m      | [0;32m                                                                                                   std::move( )
[0m[1m/home/fors/proj/tetris/src/tetris_core.hpp:50:72: [0m[0;1;35mwarning: [0m[1m6 is a magic number; consider replacing it with a named constant [cppcoreguidelines-avoid-magic-numbers][0m
   50 |     SharedPieceQueue(std::shared_ptr<NetworkClient> n) : piece_dist(0, 6), crystal_dist(0, 4), net(n) {}[0m
      | [0;1;32m                                                                       ^
[0m[1m/home/fors/proj/tetris/src/tetris_core.hpp:62:17: [0m[0;1;35mwarning: [0m[1mvariable name 't' is too short, expected at least 3 characters [readability-identifier-length][0m
   62 |             int t = piece_dist(rng);[0m
      | [0;1;32m                ^
[0m[1m/home/fors/proj/tetris/src/tetris_core.hpp:63:13: [0m[0;1;35mwarning: [0m[1mmultiple declarations in a single statement reduces readability [readability-isolate-declaration][0m
   63 |             int cry_r = -1, cry_c = -1;[0m
      | [0;1;32m            ^~~~~~~~~~~~~~~~~~~~~~~~~~~
[0m[1m/home/fors/proj/tetris/src/tetris_core.hpp:67:26: [0m[0;1;35mwarning: [0m[1mloop variable name 'r' is too short, expected at least 2 characters [readability-identifier-length][0m
   67 |                 for (int r = 0; r < 4; r++)[0m
      | [0;1;32m                         ^
[0m[1m/home/fors/proj/tetris/src/tetris_core.hpp:68:30: [0m[0;1;35mwarning: [0m[1mloop variable name 'c' is too short, expected at least 2 characters [readability-identifier-length][0m
   68 |                     for (int c = 0; c < 4; c++)[0m
      | [0;1;32m                             ^
[0m[1m/home/fors/proj/tetris/src/tetris_core.hpp:69:29: [0m[0;1;35mwarning: [0m[1mdo not use array subscript when the index is not an integer constant expression [cppcoreguidelines-pro-bounds-constant-array-index][0m
   69 |                         if (TETROMINO_DEFS[t + 1].shape[r][c])[0m
      | [0;1;32m                            ^
[0m[1m/home/fors/proj/tetris/src/tetris_core.hpp:69:29: [0m[0;1;35mwarning: [0m[1mimplicit conversion 'int' -> 'bool' [readability-implicit-bool-conversion][0m
   69 |                         if (TETROMINO_DEFS[t + 1].shape[r][c])[0m
      | [0;1;32m                            ^                                
[0m      | [0;32m                                                              != 0
[0m[1m/home/fors/proj/tetris/src/tetris_core.hpp:70:36: [0m[0;1;35mwarning: [0m[1muse emplace_back instead of push_back [modernize-use-emplace][0m
   70 |                             blocks.push_back({r, c});[0m
      | [0;1;32m                                   ^~~~~~~~~~~    ~
[0m      | [0;32m                                   emplace_back(
[0m[1m/home/fors/proj/tetris/src/tetris_core.hpp:74:26: [0m[0;1;35mwarning: [0m[1mvariable name 'p' is too short, expected at least 3 characters [readability-identifier-length][0m
   74 |                     auto p = blocks[b_dist(rng)];[0m
      | [0;1;32m                         ^
[0m[1m/home/fors/proj/tetris/src/tetris_core.hpp:94:5: [0m[0;1;35mwarning: [0m[1mdo not declare C-style arrays, use std::array<> instead [cppcoreguidelines-avoid-c-arrays,modernize-avoid-c-arrays][0m
   94 |     int shape[4][4] = {{0}};[0m
      | [0;1;32m    ^
[0m[1m/home/fors/proj/tetris/src/tetris_core.hpp:95:5: [0m[0;1;35mwarning: [0m[1mdo not declare C-style arrays, use std::array<> instead [cppcoreguidelines-avoid-c-arrays,modernize-avoid-c-arrays][0m
   95 |     bool has_crystal[4][4] = {{false}};[0m
      | [0;1;32m    ^
[0m[1m/home/fors/proj/tetris/src/tetris_core.hpp:116:35: [0m[0;1;35mwarning: [0m[1m500 is a magic number; consider replacing it with a named constant [cppcoreguidelines-avoid-magic-numbers][0m
  116 |     uint64_t current_lock_delay = 500;[0m
      | [0;1;32m                                  ^
[0m[1m/home/fors/proj/tetris/src/tetris_core.hpp:121:5: [0m[0;1;35mwarning: [0m[1muse '= default' to define a trivial default constructor [modernize-use-equals-default][0m
  121 |     TetrisBoard() {}[0m
      | [0;1;32m    ^             ~~
[0m      | [0;32m                  = default;
[0m[1m/home/fors/proj/tetris/src/tetris_core.hpp:123:61: [0m[0;1;35mwarning: [0m[1mparameter name 'q' is too short, expected at least 3 characters [readability-identifier-length][0m
  123 |     void set_shared_queue(std::shared_ptr<SharedPieceQueue> q, bool active = true) {[0m
      | [0;1;32m                                                            ^
[0m[1m/home/fors/proj/tetris/src/tetris_core.hpp:138:9: [0m[0;1;35mwarning: [0m[1mdo not call c-style vararg functions [cppcoreguidelines-pro-type-vararg][0m
  138 |         SDL_Log("[GAME] Requesting new piece from server...");[0m
      | [0;1;32m        ^
[0m[1m/home/fors/proj/tetris/src/tetris_core.hpp:142:29: [0m[0;1;35mwarning: [0m[1m100 is a magic number; consider replacing it with a named constant [cppcoreguidelines-avoid-magic-numbers][0m
  142 |         std::memset(out, 0, 100);[0m
      | [0;1;32m                            ^
[0m[1m/home/fors/proj/tetris/src/tetris_core.hpp:143:18: [0m[0;1;35mwarning: [0m[1mloop variable name 'y' is too short, expected at least 2 characters [readability-identifier-length][0m
  143 |         for (int y = 0; y < HEIGHT; ++y) {[0m
      | [0;1;32m                 ^
[0m[1m/home/fors/proj/tetris/src/tetris_core.hpp:144:22: [0m[0;1;35mwarning: [0m[1mloop variable name 'x' is too short, expected at least 2 characters [readability-identifier-length][0m
  144 |             for (int x = 0; x < WIDTH; ++x) {[0m
      | [0;1;32m                     ^
[0m[1m/home/fors/proj/tetris/src/tetris_core.hpp:146:40: [0m[0;1;35mwarning: [0m[1mdo not use array subscript when the index is not an integer constant expression [cppcoreguidelines-pro-bounds-constant-array-index][0m
  146 |                 uint8_t val = (uint8_t)grid[y][x].color & 0x07;[0m
      | [0;1;32m                                       ^
[0m[1m/home/fors/proj/tetris/src/tetris_core.hpp:146:59: [0m[0;1;35mwarning: [0m[1m0x07 is a magic number; consider replacing it with a named constant [cppcoreguidelines-avoid-magic-numbers][0m
  146 |                 uint8_t val = (uint8_t)grid[y][x].color & 0x07;[0m
      | [0;1;32m                                                          ^
[0m[1m/home/fors/proj/tetris/src/tetris_core.hpp:147:21: [0m[0;1;35mwarning: [0m[1mdo not use array subscript when the index is not an integer constant expression [cppcoreguidelines-pro-bounds-constant-array-index][0m
  147 |                 if (grid[y][x].has_crystal)[0m
      | [0;1;32m                    ^
[0m[1m/home/fors/proj/tetris/src/tetris_core.hpp:148:28: [0m[0;1;35mwarning: [0m[1m0x08 is a magic number; consider replacing it with a named constant [cppcoreguidelines-avoid-magic-numbers][0m
  148 |                     val |= 0x08;[0m
      | [0;1;32m                           ^
[0m[1m/home/fors/proj/tetris/src/tetris_core.hpp:150:21: [0m[0;1;35mwarning: [0m[1mdo not use pointer arithmetic [cppcoreguidelines-pro-bounds-pointer-arithmetic][0m
  150 |                     out[idx / 2] |= val;[0m
      | [0;1;32m                    ^
[0m[1m/home/fors/proj/tetris/src/tetris_core.hpp:152:21: [0m[0;1;35mwarning: [0m[1mdo not use pointer arithmetic [cppcoreguidelines-pro-bounds-pointer-arithmetic][0m
  152 |                     out[idx / 2] |= (val << 4);[0m
      | [0;1;32m                    ^
[0m[1m/home/fors/proj/tetris/src/tetris_core.hpp:158:37: [0m[0;1;35mwarning: [0m[1mparameter name 'in' is too short, expected at least 3 characters [readability-identifier-length][0m
  158 |     void unpack_grid(const uint8_t* in) {[0m
      | [0;1;32m                                    ^
[0m[1m/home/fors/proj/tetris/src/tetris_core.hpp:159:18: [0m[0;1;35mwarning: [0m[1mloop variable name 'y' is too short, expected at least 2 characters [readability-identifier-length][0m
  159 |         for (int y = 0; y < HEIGHT; ++y) {[0m
      | [0;1;32m                 ^
[0m[1m/home/fors/proj/tetris/src/tetris_core.hpp:160:22: [0m[0;1;35mwarning: [0m[1mloop variable name 'x' is too short, expected at least 2 characters [readability-identifier-length][0m
  160 |             for (int x = 0; x < WIDTH; ++x) {[0m
      | [0;1;32m                     ^
[0m[1m/home/fors/proj/tetris/src/tetris_core.hpp:162:25: [0m[0;1;35mwarning: [0m[1mvariable 'val' is not initialized [cppcoreguidelines-init-variables][0m
  162 |                 uint8_t val;[0m
      | [0;1;32m                        ^  
[0m      | [0;32m                            = 0
[0m[1m/home/fors/proj/tetris/src/tetris_core.hpp:164:27: [0m[0;1;35mwarning: [0m[1mdo not use pointer arithmetic [cppcoreguidelines-pro-bounds-pointer-arithmetic][0m
  164 |                     val = in[idx / 2] & 0x0F;[0m
      | [0;1;32m                          ^
[0m[1m/home/fors/proj/tetris/src/tetris_core.hpp:164:41: [0m[0;1;35mwarning: [0m[1m0x0F is a magic number; consider replacing it with a named constant [cppcoreguidelines-avoid-magic-numbers][0m
  164 |                     val = in[idx / 2] & 0x0F;[0m
      | [0;1;32m                                        ^
[0m[1m/home/fors/proj/tetris/src/tetris_core.hpp:166:28: [0m[0;1;35mwarning: [0m[1mdo not use pointer arithmetic [cppcoreguidelines-pro-bounds-pointer-arithmetic][0m
  166 |                     val = (in[idx / 2] >> 4) & 0x0F;[0m
      | [0;1;32m                           ^
[0m[1m/home/fors/proj/tetris/src/tetris_core.hpp:166:48: [0m[0;1;35mwarning: [0m[1m0x0F is a magic number; consider replacing it with a named constant [cppcoreguidelines-avoid-magic-numbers][0m
  166 |                     val = (in[idx / 2] >> 4) & 0x0F;[0m
      | [0;1;32m                                               ^
[0m[1m/home/fors/proj/tetris/src/tetris_core.hpp:168:17: [0m[0;1;35mwarning: [0m[1mdo not use array subscript when the index is not an integer constant expression [cppcoreguidelines-pro-bounds-constant-array-index][0m
  168 |                 grid[y][x].color = val & 0x07;[0m
      | [0;1;32m                ^
[0m[1m/home/fors/proj/tetris/src/tetris_core.hpp:168:42: [0m[0;1;35mwarning: [0m[1m0x07 is a magic number; consider replacing it with a named constant [cppcoreguidelines-avoid-magic-numbers][0m
  168 |                 grid[y][x].color = val & 0x07;[0m
      | [0;1;32m                                         ^
[0m[1m/home/fors/proj/tetris/src/tetris_core.hpp:169:17: [0m[0;1;35mwarning: [0m[1mdo not use array subscript when the index is not an integer constant expression [cppcoreguidelines-pro-bounds-constant-array-index][0m
  169 |                 grid[y][x].has_crystal = (val & 0x08) != 0;[0m
      | [0;1;32m                ^
[0m[1m/home/fors/proj/tetris/src/tetris_core.hpp:169:49: [0m[0;1;35mwarning: [0m[1m0x08 is a magic number; consider replacing it with a named constant [cppcoreguidelines-avoid-magic-numbers][0m
  169 |                 grid[y][x].has_crystal = (val & 0x08) != 0;[0m
      | [0;1;32m                                                ^
[0m[1m/home/fors/proj/tetris/src/tetris_core.hpp:176:18: [0m[0;1;35mwarning: [0m[1mloop variable name 'r' is too short, expected at least 2 characters [readability-identifier-length][0m
  176 |         for (int r = 0; r < 4; ++r) {[0m
      | [0;1;32m                 ^
[0m[1m/home/fors/proj/tetris/src/tetris_core.hpp:177:22: [0m[0;1;35mwarning: [0m[1mloop variable name 'c' is too short, expected at least 2 characters [readability-identifier-length][0m
  177 |             for (int c = 0; c < 4; ++c) {[0m
      | [0;1;32m                     ^
[0m[1m/home/fors/proj/tetris/src/tetris_core.hpp:178:21: [0m[0;1;35mwarning: [0m[1mdo not use array subscript when the index is not an integer constant expression [cppcoreguidelines-pro-bounds-constant-array-index][0m
  178 |                 if (current_piece.has_crystal[r][c]) {[0m
      | [0;1;32m                    ^
[0m[1m/home/fors/proj/tetris/src/tetris_core.hpp:187:18: [0m[0;1;35mwarning: [0m[1mloop variable name 'r' is too short, expected at least 2 characters [readability-identifier-length][0m
  187 |         for (int r = 0; r < 4; ++r) {[0m
      | [0;1;32m                 ^
[0m[1m/home/fors/proj/tetris/src/tetris_core.hpp:188:22: [0m[0;1;35mwarning: [0m[1mloop variable name 'c' is too short, expected at least 2 characters [readability-identifier-length][0m
  188 |             for (int c = 0; c < 4; ++c) {[0m
      | [0;1;32m                     ^
[0m[1m/home/fors/proj/tetris/src/tetris_core.hpp:189:17: [0m[0;1;35mwarning: [0m[1mdo not use array subscript when the index is not an integer constant expression [cppcoreguidelines-pro-bounds-constant-array-index][0m
  189 |                 current_piece.has_crystal[r][c] = (mask & (1 << (r * 4 + c))) != 0;[0m
      | [0;1;32m                ^
[0m[1m/home/fors/proj/tetris/src/tetris_core.hpp:209:34: [0m[0;1;35mwarning: [0m[1m'signed char' to 'int' conversion; consider casting to 'unsigned char' first. [bugprone-signed-char-misuse][0m
  209 |             current_piece.type = opp.piece_type;[0m
      | [0;1;32m                                 ^
[0m[1m/home/fors/proj/tetris/src/tetris_core.hpp:210:38: [0m[0;1;35mwarning: [0m[1m'signed char' to 'int' conversion; consider casting to 'unsigned char' first. [bugprone-signed-char-misuse][0m
  210 |             current_piece.rotation = opp.piece_rot;[0m
      | [0;1;32m                                     ^
[0m[1m/home/fors/proj/tetris/src/tetris_core.hpp:211:31: [0m[0;1;35mwarning: [0m[1m'signed char' to 'int' conversion; consider casting to 'unsigned char' first. [bugprone-signed-char-misuse][0m
  211 |             current_piece.x = opp.piece_x;[0m
      | [0;1;32m                              ^
[0m[1m/home/fors/proj/tetris/src/tetris_core.hpp:212:31: [0m[0;1;35mwarning: [0m[1m'signed char' to 'int' conversion; consider casting to 'unsigned char' first. [bugprone-signed-char-misuse][0m
  212 |             current_piece.y = opp.piece_y;[0m
      | [0;1;32m                              ^
[0m[1m/home/fors/proj/tetris/src/tetris_core.hpp:215:25: [0m[0;1;35mwarning: [0m[1mdo not implicitly decay an array into a pointer; consider using gsl::array_view or an explicit cast instead [cppcoreguidelines-pro-bounds-array-to-pointer-decay][0m
  215 |             unpack_grid(opp.grid);[0m
      | [0;1;32m                        ^
[0m[1m/home/fors/proj/tetris/src/tetris_core.hpp:237:31: [0m[0;1;35mwarning: [0m[1m50 is a magic number; consider replacing it with a named constant [cppcoreguidelines-avoid-magic-numbers][0m
  237 |         if (now - last_sync > 50) { // 20Hz update rate[0m
      | [0;1;32m                              ^
[0m[1m/home/fors/proj/tetris/src/tetris_core.hpp:238:13: [0m[0;1;35mwarning: [0m[1mdo not declare C-style arrays, use std::array<> instead [cppcoreguidelines-avoid-c-arrays,modernize-avoid-c-arrays][0m
  238 |             uint8_t packed[100];[0m
      | [0;1;32m            ^
[0m[1m/home/fors/proj/tetris/src/tetris_core.hpp:238:28: [0m[0;1;35mwarning: [0m[1m100 is a magic number; consider replacing it with a named constant [cppcoreguidelines-avoid-magic-numbers][0m
  238 |             uint8_t packed[100];[0m
      | [0;1;32m                           ^
[0m[1m/home/fors/proj/tetris/src/tetris_core.hpp:239:23: [0m[0;1;35mwarning: [0m[1mdo not implicitly decay an array into a pointer; consider using gsl::array_view or an explicit cast instead [cppcoreguidelines-pro-bounds-array-to-pointer-decay][0m
  239 |             pack_grid(packed);[0m
      | [0;1;32m                      ^
[0m[1m/home/fors/proj/tetris/src/tetris_core.hpp:240:43: [0m[0;1;35mwarning: [0m[1mnarrowing conversion from 'int' to signed type 'int8_t' (aka 'signed char') is implementation-defined [bugprone-narrowing-conversions,cppcoreguidelines-narrowing-conversions][0m
  240 |             shared_queue->net->send_state(current_piece.type, current_piece.rotation, current_piece.x, current_piece.y, get_crystal_mask(),[0m
      | [0;1;32m                                          ^
[0m[1m/home/fors/proj/tetris/src/tetris_core.hpp:240:63: [0m[0;1;35mwarning: [0m[1mnarrowing conversion from 'int' to signed type 'int8_t' (aka 'signed char') is implementation-defined [bugprone-narrowing-conversions,cppcoreguidelines-narrowing-conversions][0m
  240 |             shared_queue->net->send_state(current_piece.type, current_piece.rotation, current_piece.x, current_piece.y, get_crystal_mask(),[0m
      | [0;1;32m                                                              ^
[0m[1m/home/fors/proj/tetris/src/tetris_core.hpp:240:87: [0m[0;1;35mwarning: [0m[1mnarrowing conversion from 'int' to signed type 'int8_t' (aka 'signed char') is implementation-defined [bugprone-narrowing-conversions,cppcoreguidelines-narrowing-conversions][0m
  240 |             shared_queue->net->send_state(current_piece.type, current_piece.rotation, current_piece.x, current_piece.y, get_crystal_mask(),[0m
      | [0;1;32m                                                                                      ^
[0m[1m/home/fors/proj/tetris/src/tetris_core.hpp:240:104: [0m[0;1;35mwarning: [0m[1mnarrowing conversion from 'int' to signed type 'int8_t' (aka 'signed char') is implementation-defined [bugprone-narrowing-conversions,cppcoreguidelines-narrowing-conversions][0m
  240 |             shared_queue->net->send_state(current_piece.type, current_piece.rotation, current_piece.x, current_piece.y, get_crystal_mask(),[0m
      | [0;1;32m                                                                                                       ^
[0m[1m/home/fors/proj/tetris/src/tetris_core.hpp:241:43: [0m[0;1;35mwarning: [0m[1mdo not implicitly decay an array into a pointer; consider using gsl::array_view or an explicit cast instead [cppcoreguidelines-pro-bounds-array-to-pointer-decay][0m
  241 |                                           packed);[0m
      | [0;1;32m                                          ^
[0m[1m/home/fors/proj/tetris/src/tetris_core.hpp:247:61: [0m[0;1;35mwarning: [0m[1m7 is a magic number; consider replacing it with a named constant [cppcoreguidelines-avoid-magic-numbers][0m
  247 |         if (current_piece.type <= 0 || current_piece.type > 7) {[0m
      | [0;1;32m                                                            ^
[0m[1m/home/fors/proj/tetris/src/tetris_core.hpp:254:27: [0m[0;1;35mwarning: [0m[1mdo not use array subscript when the index is not an integer constant expression [cppcoreguidelines-pro-bounds-constant-array-index][0m
  254 |         const auto& def = TETROMINO_DEFS[current_piece.type];[0m
      | [0;1;32m                          ^
[0m[1m/home/fors/proj/tetris/src/tetris_core.hpp:255:13: [0m[0;1;35mwarning: [0m[1mvariable name 'N' is too short, expected at least 3 characters [readability-identifier-length][0m
  255 |         int N = def.size;[0m
      | [0;1;32m            ^
[0m[1m/home/fors/proj/tetris/src/tetris_core.hpp:256:9: [0m[0;1;35mwarning: [0m[1mdo not declare C-style arrays, use std::array<> instead [cppcoreguidelines-avoid-c-arrays,modernize-avoid-c-arrays][0m
  256 |         int old_shape[4][4];[0m
      | [0;1;32m        ^
[0m[1m/home/fors/proj/tetris/src/tetris_core.hpp:259:25: [0m[0;1;35mwarning: [0m[1mdo not implicitly decay an array into a pointer; consider using gsl::array_view or an explicit cast instead [cppcoreguidelines-pro-bounds-array-to-pointer-decay][0m
  259 |             std::copy_n(def.shape[i], 4, old_shape[i]);[0m
      | [0;1;32m                        ^
[0m[1m/home/fors/proj/tetris/src/tetris_core.hpp:259:25: [0m[0;1;35mwarning: [0m[1mdo not use array subscript when the index is not an integer constant expression [cppcoreguidelines-pro-bounds-constant-array-index][0m
[1m/home/fors/proj/tetris/src/tetris_core.hpp:259:42: [0m[0;1;35mwarning: [0m[1mdo not implicitly decay an array into a pointer; consider using gsl::array_view or an explicit cast instead [cppcoreguidelines-pro-bounds-array-to-pointer-decay][0m
  259 |             std::copy_n(def.shape[i], 4, old_shape[i]);[0m
      | [0;1;32m                                         ^
[0m[1m/home/fors/proj/tetris/src/tetris_core.hpp:259:42: [0m[0;1;35mwarning: [0m[1mdo not use array subscript when the index is not an integer constant expression [cppcoreguidelines-pro-bounds-constant-array-index][0m
[1m/home/fors/proj/tetris/src/tetris_core.hpp:262:13: [0m[0;1;35mwarning: [0m[1mdo not declare C-style arrays, use std::array<> instead [cppcoreguidelines-avoid-c-arrays,modernize-avoid-c-arrays][0m
  262 |             int new_shape[4][4] = {0};[0m
      | [0;1;32m            ^
[0m[1m/home/fors/proj/tetris/src/tetris_core.hpp:263:22: [0m[0;1;35mwarning: [0m[1mloop variable name 'r' is too short, expected at least 2 characters [readability-identifier-length][0m
  263 |             for (int r = 0; r < N; r++)[0m
      | [0;1;32m                     ^
[0m[1m/home/fors/proj/tetris/src/tetris_core.hpp:264:26: [0m[0;1;35mwarning: [0m[1mloop variable name 'c' is too short, expected at least 2 characters [readability-identifier-length][0m
  264 |                 for (int c = 0; c < N; c++)[0m
      | [0;1;32m                         ^
[0m[1m/home/fors/proj/tetris/src/tetris_core.hpp:265:21: [0m[0;1;35mwarning: [0m[1mdo not use array subscript when the index is not an integer constant expression [cppcoreguidelines-pro-bounds-constant-array-index][0m
  265 |                     new_shape[c][N - 1 - r] = old_shape[r][c];[0m
      | [0;1;32m                    ^
[0m[1m/home/fors/proj/tetris/src/tetris_core.hpp:265:47: [0m[0;1;35mwarning: [0m[1mdo not use array subscript when the index is not an integer constant expression [cppcoreguidelines-pro-bounds-constant-array-index][0m
  265 |                     new_shape[c][N - 1 - r] = old_shape[r][c];[0m
      | [0;1;32m                                              ^
[0m[1m/home/fors/proj/tetris/src/tetris_core.hpp:268:29: [0m[0;1;35mwarning: [0m[1mdo not implicitly decay an array into a pointer; consider using gsl::array_view or an explicit cast instead [cppcoreguidelines-pro-bounds-array-to-pointer-decay][0m
  268 |                 std::copy_n(new_shape[i], 4, old_shape[i]);[0m
      | [0;1;32m                            ^
[0m[1m/home/fors/proj/tetris/src/tetris_core.hpp:268:29: [0m[0;1;35mwarning: [0m[1mdo not use array subscript when the index is not an integer constant expression [cppcoreguidelines-pro-bounds-constant-array-index][0m
[1m/home/fors/proj/tetris/src/tetris_core.hpp:268:46: [0m[0;1;35mwarning: [0m[1mdo not implicitly decay an array into a pointer; consider using gsl::array_view or an explicit cast instead [cppcoreguidelines-pro-bounds-array-to-pointer-decay][0m
  268 |                 std::copy_n(new_shape[i], 4, old_shape[i]);[0m
      | [0;1;32m                                             ^
[0m[1m/home/fors/proj/tetris/src/tetris_core.hpp:268:46: [0m[0;1;35mwarning: [0m[1mdo not use array subscript when the index is not an integer constant expression [cppcoreguidelines-pro-bounds-constant-array-index][0m
[1m/home/fors/proj/tetris/src/tetris_core.hpp:271:25: [0m[0;1;35mwarning: [0m[1mdo not implicitly decay an array into a pointer; consider using gsl::array_view or an explicit cast instead [cppcoreguidelines-pro-bounds-array-to-pointer-decay][0m
  271 |             std::copy_n(old_shape[i], 4, current_piece.shape[i]);[0m
      | [0;1;32m                        ^
[0m[1m/home/fors/proj/tetris/src/tetris_core.hpp:271:25: [0m[0;1;35mwarning: [0m[1mdo not use array subscript when the index is not an integer constant expression [cppcoreguidelines-pro-bounds-constant-array-index][0m
[1m/home/fors/proj/tetris/src/tetris_core.hpp:271:42: [0m[0;1;35mwarning: [0m[1mdo not implicitly decay an array into a pointer; consider using gsl::array_view or an explicit cast instead [cppcoreguidelines-pro-bounds-array-to-pointer-decay][0m
  271 |             std::copy_n(old_shape[i], 4, current_piece.shape[i]);[0m
      | [0;1;32m                                         ^
[0m[1m/home/fors/proj/tetris/src/tetris_core.hpp:271:42: [0m[0;1;35mwarning: [0m[1mdo not use array subscript when the index is not an integer constant expression [cppcoreguidelines-pro-bounds-constant-array-index][0m
[1m/home/fors/proj/tetris/src/tetris_core.hpp:275:61: [0m[0;1;35mwarning: [0m[1m7 is a magic number; consider replacing it with a named constant [cppcoreguidelines-avoid-magic-numbers][0m
  275 |         if (current_piece.type <= 0 || current_piece.type > 7)[0m
      | [0;1;32m                                                            ^
[0m[1m/home/fors/proj/tetris/src/tetris_core.hpp:277:27: [0m[0;1;35mwarning: [0m[1mdo not use array subscript when the index is not an integer constant expression [cppcoreguidelines-pro-bounds-constant-array-index][0m
  277 |         const auto& def = TETROMINO_DEFS[current_piece.type];[0m
      | [0;1;32m                          ^
[0m[1m/home/fors/proj/tetris/src/tetris_core.hpp:278:13: [0m[0;1;35mwarning: [0m[1mvariable name 'N' is too short, expected at least 3 characters [readability-identifier-length][0m
  278 |         int N = def.size;[0m
      | [0;1;32m            ^
[0m[1m/home/fors/proj/tetris/src/tetris_core.hpp:285:9: [0m[0;1;35mwarning: [0m[1mdo not declare C-style arrays, use std::array<> instead [cppcoreguidelines-avoid-c-arrays,modernize-avoid-c-arrays][0m
  285 |         int work_shape[4][4];[0m
      | [0;1;32m        ^
[0m[1m/home/fors/proj/tetris/src/tetris_core.hpp:286:9: [0m[0;1;35mwarning: [0m[1mdo not declare C-style arrays, use std::array<> instead [cppcoreguidelines-avoid-c-arrays,modernize-avoid-c-arrays][0m
  286 |         bool work_crystal[4][4];[0m
      | [0;1;32m        ^
[0m[1m/home/fors/proj/tetris/src/tetris_core.hpp:289:25: [0m[0;1;35mwarning: [0m[1mdo not implicitly decay an array into a pointer; consider using gsl::array_view or an explicit cast instead [cppcoreguidelines-pro-bounds-array-to-pointer-decay][0m
  289 |             std::copy_n(def.shape[i], 4, work_shape[i]);[0m
      | [0;1;32m                        ^
[0m[1m/home/fors/proj/tetris/src/tetris_core.hpp:289:25: [0m[0;1;35mwarning: [0m[1mdo not use array subscript when the index is not an integer constant expression [cppcoreguidelines-pro-bounds-constant-array-index][0m
[1m/home/fors/proj/tetris/src/tetris_core.hpp:289:42: [0m[0;1;35mwarning: [0m[1mdo not implicitly decay an array into a pointer; consider using gsl::array_view or an explicit cast instead [cppcoreguidelines-pro-bounds-array-to-pointer-decay][0m
  289 |             std::copy_n(def.shape[i], 4, work_shape[i]);[0m
      | [0;1;32m                                         ^
[0m[1m/home/fors/proj/tetris/src/tetris_core.hpp:289:42: [0m[0;1;35mwarning: [0m[1mdo not use array subscript when the index is not an integer constant expression [cppcoreguidelines-pro-bounds-constant-array-index][0m
[1m/home/fors/proj/tetris/src/tetris_core.hpp:290:25: [0m[0;1;35mwarning: [0m[1mdo not implicitly decay an array into a pointer; consider using gsl::array_view or an explicit cast instead [cppcoreguidelines-pro-bounds-array-to-pointer-decay][0m
  290 |             std::fill_n(work_crystal[i], 4, false);[0m
      | [0;1;32m                        ^
[0m[1m/home/fors/proj/tetris/src/tetris_core.hpp:290:25: [0m[0;1;35mwarning: [0m[1mdo not use array subscript when the index is not an integer constant expression [cppcoreguidelines-pro-bounds-constant-array-index][0m
[1m/home/fors/proj/tetris/src/tetris_core.hpp:294:13: [0m[0;1;35mwarning: [0m[1mdo not use array subscript when the index is not an integer constant expression [cppcoreguidelines-pro-bounds-constant-array-index][0m
  294 |             work_crystal[info.crystal_r][info.crystal_c] = true;[0m
      | [0;1;32m            ^
[0m[1m/home/fors/proj/tetris/src/tetris_core.hpp:298:13: [0m[0;1;35mwarning: [0m[1mdo not declare C-style arrays, use std::array<> instead [cppcoreguidelines-avoid-c-arrays,modernize-avoid-c-arrays][0m
  298 |             int next_shape[4][4] = {0};[0m
      | [0;1;32m            ^
[0m[1m/home/fors/proj/tetris/src/tetris_core.hpp:299:13: [0m[0;1;35mwarning: [0m[1mdo not declare C-style arrays, use std::array<> instead [cppcoreguidelines-avoid-c-arrays,modernize-avoid-c-arrays][0m
  299 |             bool next_crystal[4][4] = {false};[0m
      | [0;1;32m            ^
[0m[1m/home/fors/proj/tetris/src/tetris_core.hpp:300:22: [0m[0;1;35mwarning: [0m[1mloop variable name 'r' is too short, expected at least 2 characters [readability-identifier-length][0m
  300 |             for (int r = 0; r < N; r++) {[0m
      | [0;1;32m                     ^
[0m[1m/home/fors/proj/tetris/src/tetris_core.hpp:301:26: [0m[0;1;35mwarning: [0m[1mloop variable name 'c' is too short, expected at least 2 characters [readability-identifier-length][0m
  301 |                 for (int c = 0; c < N; c++) {[0m
      | [0;1;32m                         ^
[0m[1m/home/fors/proj/tetris/src/tetris_core.hpp:302:21: [0m[0;1;35mwarning: [0m[1mdo not use array subscript when the index is not an integer constant expression [cppcoreguidelines-pro-bounds-constant-array-index][0m
  302 |                     next_shape[c][N - 1 - r] = work_shape[r][c];[0m
      | [0;1;32m                    ^
[0m[1m/home/fors/proj/tetris/src/tetris_core.hpp:302:48: [0m[0;1;35mwarning: [0m[1mdo not use array subscript when the index is not an integer constant expression [cppcoreguidelines-pro-bounds-constant-array-index][0m
  302 |                     next_shape[c][N - 1 - r] = work_shape[r][c];[0m
      | [0;1;32m                                               ^
[0m[1m/home/fors/proj/tetris/src/tetris_core.hpp:303:21: [0m[0;1;35mwarning: [0m[1mdo not use array subscript when the index is not an integer constant expression [cppcoreguidelines-pro-bounds-constant-array-index][0m
  303 |                     next_crystal[c][N - 1 - r] = work_crystal[r][c];[0m
      | [0;1;32m                    ^
[0m[1m/home/fors/proj/tetris/src/tetris_core.hpp:303:50: [0m[0;1;35mwarning: [0m[1mdo not use array subscript when the index is not an integer constant expression [cppcoreguidelines-pro-bounds-constant-array-index][0m
  303 |                     next_crystal[c][N - 1 - r] = work_crystal[r][c];[0m
      | [0;1;32m                                                 ^
[0m[1m/home/fors/proj/tetris/src/tetris_core.hpp:307:29: [0m[0;1;35mwarning: [0m[1mdo not implicitly decay an array into a pointer; consider using gsl::array_view or an explicit cast instead [cppcoreguidelines-pro-bounds-array-to-pointer-decay][0m
  307 |                 std::copy_n(next_shape[i], 4, work_shape[i]);[0m
      | [0;1;32m                            ^
[0m[1m/home/fors/proj/tetris/src/tetris_core.hpp:307:29: [0m[0;1;35mwarning: [0m[1mdo not use array subscript when the index is not an integer constant expression [cppcoreguidelines-pro-bounds-constant-array-index][0m
[1m/home/fors/proj/tetris/src/tetris_core.hpp:307:47: [0m[0;1;35mwarning: [0m[1mdo not implicitly decay an array into a pointer; consider using gsl::array_view or an explicit cast instead [cppcoreguidelines-pro-bounds-array-to-pointer-decay][0m
  307 |                 std::copy_n(next_shape[i], 4, work_shape[i]);[0m
      | [0;1;32m                                              ^
[0m[1m/home/fors/proj/tetris/src/tetris_core.hpp:307:47: [0m[0;1;35mwarning: [0m[1mdo not use array subscript when the index is not an integer constant expression [cppcoreguidelines-pro-bounds-constant-array-index][0m
[1m/home/fors/proj/tetris/src/tetris_core.hpp:308:29: [0m[0;1;35mwarning: [0m[1mdo not implicitly decay an array into a pointer; consider using gsl::array_view or an explicit cast instead [cppcoreguidelines-pro-bounds-array-to-pointer-decay][0m
  308 |                 std::copy_n(next_crystal[i], 4, work_crystal[i]);[0m
      | [0;1;32m                            ^
[0m[1m/home/fors/proj/tetris/src/tetris_core.hpp:308:29: [0m[0;1;35mwarning: [0m[1mdo not use array subscript when the index is not an integer constant expression [cppcoreguidelines-pro-bounds-constant-array-index][0m
[1m/home/fors/proj/tetris/src/tetris_core.hpp:308:49: [0m[0;1;35mwarning: [0m[1mdo not implicitly decay an array into a pointer; consider using gsl::array_view or an explicit cast instead [cppcoreguidelines-pro-bounds-array-to-pointer-decay][0m
  308 |                 std::copy_n(next_crystal[i], 4, work_crystal[i]);[0m
      | [0;1;32m                                                ^
[0m[1m/home/fors/proj/tetris/src/tetris_core.hpp:308:49: [0m[0;1;35mwarning: [0m[1mdo not use array subscript when the index is not an integer constant expression [cppcoreguidelines-pro-bounds-constant-array-index][0m
[1m/home/fors/proj/tetris/src/tetris_core.hpp:313:25: [0m[0;1;35mwarning: [0m[1mdo not implicitly decay an array into a pointer; consider using gsl::array_view or an explicit cast instead [cppcoreguidelines-pro-bounds-array-to-pointer-decay][0m
  313 |             std::copy_n(work_shape[i], 4, current_piece.shape[i]);[0m
      | [0;1;32m                        ^
[0m[1m/home/fors/proj/tetris/src/tetris_core.hpp:313:25: [0m[0;1;35mwarning: [0m[1mdo not use array subscript when the index is not an integer constant expression [cppcoreguidelines-pro-bounds-constant-array-index][0m
[1m/home/fors/proj/tetris/src/tetris_core.hpp:313:43: [0m[0;1;35mwarning: [0m[1mdo not implicitly decay an array into a pointer; consider using gsl::array_view or an explicit cast instead [cppcoreguidelines-pro-bounds-array-to-pointer-decay][0m
  313 |             std::copy_n(work_shape[i], 4, current_piece.shape[i]);[0m
      | [0;1;32m                                          ^
[0m[1m/home/fors/proj/tetris/src/tetris_core.hpp:313:43: [0m[0;1;35mwarning: [0m[1mdo not use array subscript when the index is not an integer constant expression [cppcoreguidelines-pro-bounds-constant-array-index][0m
[1m/home/fors/proj/tetris/src/tetris_core.hpp:314:25: [0m[0;1;35mwarning: [0m[1mdo not implicitly decay an array into a pointer; consider using gsl::array_view or an explicit cast instead [cppcoreguidelines-pro-bounds-array-to-pointer-decay][0m
  314 |             std::copy_n(work_crystal[i], 4, current_piece.has_crystal[i]);[0m
      | [0;1;32m                        ^
[0m[1m/home/fors/proj/tetris/src/tetris_core.hpp:314:25: [0m[0;1;35mwarning: [0m[1mdo not use array subscript when the index is not an integer constant expression [cppcoreguidelines-pro-bounds-constant-array-index][0m
[1m/home/fors/proj/tetris/src/tetris_core.hpp:314:45: [0m[0;1;35mwarning: [0m[1mdo not implicitly decay an array into a pointer; consider using gsl::array_view or an explicit cast instead [cppcoreguidelines-pro-bounds-array-to-pointer-decay][0m
  314 |             std::copy_n(work_crystal[i], 4, current_piece.has_crystal[i]);[0m
      | [0;1;32m                                            ^
[0m[1m/home/fors/proj/tetris/src/tetris_core.hpp:314:45: [0m[0;1;35mwarning: [0m[1mdo not use array subscript when the index is not an integer constant expression [cppcoreguidelines-pro-bounds-constant-array-index][0m
[1m/home/fors/proj/tetris/src/tetris_core.hpp:324:30: [0m[0;1;35mwarning: [0m[1m500 is a magic number; consider replacing it with a named constant [cppcoreguidelines-avoid-magic-numbers][0m
  324 |         current_lock_delay = 500;[0m
      | [0;1;32m                             ^
[0m[1m/home/fors/proj/tetris/src/tetris_core.hpp:368:19: [0m[0;1;35mwarning: [0m[1mparameter name 'dx' is too short, expected at least 3 characters [readability-identifier-length][0m
  368 |     void move(int dx) {[0m
      | [0;1;32m                  ^
[0m[1m/home/fors/proj/tetris/src/tetris_core.hpp:430:26: [0m[0;1;35mwarning: [0m[1mloop variable name 'y' is too short, expected at least 2 characters [readability-identifier-length][0m
  430 |                 for (int y = HEIGHT - 1; y > 0; --y) {[0m
      | [0;1;32m                         ^
[0m[1m/home/fors/proj/tetris/src/tetris_core.hpp:431:21: [0m[0;1;35mwarning: [0m[1mdo not use array subscript when the index is not an integer constant expression [cppcoreguidelines-pro-bounds-constant-array-index][0m
  431 |                     grid[y] = grid[y - 1];[0m
      | [0;1;32m                    ^
[0m[1m/home/fors/proj/tetris/src/tetris_core.hpp:431:31: [0m[0;1;35mwarning: [0m[1mdo not use array subscript when the index is not an integer constant expression [cppcoreguidelines-pro-bounds-constant-array-index][0m
  431 |                     grid[y] = grid[y - 1];[0m
      | [0;1;32m                              ^
[0m[1m/home/fors/proj/tetris/src/tetris_core.hpp:433:26: [0m[0;1;35mwarning: [0m[1mloop variable name 'x' is too short, expected at least 2 characters [readability-identifier-length][0m
  433 |                 for (int x = 0; x < WIDTH; ++x) {[0m
      | [0;1;32m                         ^
[0m[1m/home/fors/proj/tetris/src/tetris_core.hpp:434:21: [0m[0;1;35mwarning: [0m[1mdo not use array subscript when the index is not an integer constant expression [cppcoreguidelines-pro-bounds-constant-array-index][0m
  434 |                     grid[0][x].color = 0;[0m
      | [0;1;32m                    ^
[0m[1m/home/fors/proj/tetris/src/tetris_core.hpp:435:21: [0m[0;1;35mwarning: [0m[1mdo not use array subscript when the index is not an integer constant expression [cppcoreguidelines-pro-bounds-constant-array-index][0m
  435 |                     grid[0][x].has_crystal = false;[0m
      | [0;1;32m                    ^
[0m[1m/home/fors/proj/tetris/src/tetris_core.hpp:442:26: [0m[0;1;35mwarning: [0m[1mloop variable name 'y' is too short, expected at least 2 characters [readability-identifier-length][0m
  442 |                 for (int y = 0; y < HEIGHT - 1; ++y) {[0m
      | [0;1;32m                         ^
[0m[1m/home/fors/proj/tetris/src/tetris_core.hpp:443:21: [0m[0;1;35mwarning: [0m[1mdo not use array subscript when the index is not an integer constant expression [cppcoreguidelines-pro-bounds-constant-array-index][0m
  443 |                     grid[y] = grid[y + 1];[0m
      | [0;1;32m                    ^
[0m[1m/home/fors/proj/tetris/src/tetris_core.hpp:443:31: [0m[0;1;35mwarning: [0m[1mdo not use array subscript when the index is not an integer constant expression [cppcoreguidelines-pro-bounds-constant-array-index][0m
  443 |                     grid[y] = grid[y + 1];[0m
      | [0;1;32m                              ^
[0m[1m/home/fors/proj/tetris/src/tetris_core.hpp:447:26: [0m[0;1;35mwarning: [0m[1mloop variable name 'x' is too short, expected at least 2 characters [readability-identifier-length][0m
  447 |                 for (int x = 0; x < WIDTH; ++x) {[0m
      | [0;1;32m                         ^
[0m[1m/home/fors/proj/tetris/src/tetris_core.hpp:448:21: [0m[0;1;35mwarning: [0m[1mdo not use array subscript when the index is not an integer constant expression [cppcoreguidelines-pro-bounds-constant-array-index][0m
  448 |                     grid[HEIGHT - 1][x].color = (x == hole_x) ? 0 : 7;[0m
      | [0;1;32m                    ^
[0m[1m/home/fors/proj/tetris/src/tetris_core.hpp:448:69: [0m[0;1;35mwarning: [0m[1m7 is a magic number; consider replacing it with a named constant [cppcoreguidelines-avoid-magic-numbers][0m
  448 |                     grid[HEIGHT - 1][x].color = (x == hole_x) ? 0 : 7;[0m
      | [0;1;32m                                                                    ^
[0m[1m/home/fors/proj/tetris/src/tetris_core.hpp:449:21: [0m[0;1;35mwarning: [0m[1mdo not use array subscript when the index is not an integer constant expression [cppcoreguidelines-pro-bounds-constant-array-index][0m
  449 |                     grid[HEIGHT - 1][x].has_crystal = false;[0m
      | [0;1;32m                    ^
[0m[1m/home/fors/proj/tetris/src/tetris_core.hpp:465:18: [0m[0;1;35mwarning: [0m[1mloop variable name 'r' is too short, expected at least 2 characters [readability-identifier-length][0m
  465 |         for (int r = 0; r < 4; r++) {[0m
      | [0;1;32m                 ^
[0m[1m/home/fors/proj/tetris/src/tetris_core.hpp:466:22: [0m[0;1;35mwarning: [0m[1mloop variable name 'c' is too short, expected at least 2 characters [readability-identifier-length][0m
  466 |             for (int c = 0; c < 4; c++) {[0m
      | [0;1;32m                     ^
[0m[1m/home/fors/proj/tetris/src/tetris_core.hpp:467:21: [0m[0;1;35mwarning: [0m[1mdo not use array subscript when the index is not an integer constant expression [cppcoreguidelines-pro-bounds-constant-array-index][0m
  467 |                 if (current_piece.shape[r][c]) {[0m
      | [0;1;32m                    ^
[0m[1m/home/fors/proj/tetris/src/tetris_core.hpp:467:21: [0m[0;1;35mwarning: [0m[1mimplicit conversion 'int' -> 'bool' [readability-implicit-bool-conversion][0m
  467 |                 if (current_piece.shape[r][c]) {[0m
      | [0;1;32m                    ^                        
[0m      | [0;32m                                              != 0
[0m[1m/home/fors/proj/tetris/src/tetris_core.hpp:468:25: [0m[0;1;35mwarning: [0m[1mvariable name 'nx' is too short, expected at least 3 characters [readability-identifier-length][0m
  468 |                     int nx = current_piece.x + c;[0m
      | [0;1;32m                        ^
[0m[1m/home/fors/proj/tetris/src/tetris_core.hpp:469:25: [0m[0;1;35mwarning: [0m[1mvariable name 'ny' is too short, expected at least 3 characters [readability-identifier-length][0m
  469 |                     int ny = current_piece.y + r;[0m
      | [0;1;32m                        ^
[0m[1m/home/fors/proj/tetris/src/tetris_core.hpp:472:36: [0m[0;1;35mwarning: [0m[1mdo not use array subscript when the index is not an integer constant expression [cppcoreguidelines-pro-bounds-constant-array-index][0m
  472 |                     if (ny >= 0 && grid[ny][nx].color != 0)[0m
      | [0;1;32m                                   ^
[0m[1m/home/fors/proj/tetris/src/tetris_core.hpp:481:18: [0m[0;1;35mwarning: [0m[1mloop variable name 'r' is too short, expected at least 2 characters [readability-identifier-length][0m
  481 |         for (int r = 0; r < 4; r++) {[0m
      | [0;1;32m                 ^
[0m[1m/home/fors/proj/tetris/src/tetris_core.hpp:482:22: [0m[0;1;35mwarning: [0m[1mloop variable name 'c' is too short, expected at least 2 characters [readability-identifier-length][0m
  482 |             for (int c = 0; c < 4; c++) {[0m
      | [0;1;32m                     ^
[0m[1m/home/fors/proj/tetris/src/tetris_core.hpp:483:21: [0m[0;1;35mwarning: [0m[1mdo not use array subscript when the index is not an integer constant expression [cppcoreguidelines-pro-bounds-constant-array-index][0m
  483 |                 if (current_piece.shape[r][c]) {[0m
      | [0;1;32m                    ^
[0m[1m/home/fors/proj/tetris/src/tetris_core.hpp:483:21: [0m[0;1;35mwarning: [0m[1mimplicit conversion 'int' -> 'bool' [readability-implicit-bool-conversion][0m
  483 |                 if (current_piece.shape[r][c]) {[0m
      | [0;1;32m                    ^                        
[0m      | [0;32m                                              != 0
[0m[1m/home/fors/proj/tetris/src/tetris_core.hpp:484:25: [0m[0;1;35mwarning: [0m[1mvariable name 'nx' is too short, expected at least 3 characters [readability-identifier-length][0m
  484 |                     int nx = current_piece.x + c;[0m
      | [0;1;32m                        ^
[0m[1m/home/fors/proj/tetris/src/tetris_core.hpp:485:25: [0m[0;1;35mwarning: [0m[1mvariable name 'ny' is too short, expected at least 3 characters [readability-identifier-length][0m
  485 |                     int ny = current_piece.y + r;[0m
      | [0;1;32m                        ^
[0m[1m/home/fors/proj/tetris/src/tetris_core.hpp:487:25: [0m[0;1;35mwarning: [0m[1mdo not use array subscript when the index is not an integer constant expression [cppcoreguidelines-pro-bounds-constant-array-index][0m
  487 |                         grid[ny][nx].color = current_piece.type;[0m
      | [0;1;32m                        ^
[0m[1m/home/fors/proj/tetris/src/tetris_core.hpp:488:29: [0m[0;1;35mwarning: [0m[1mdo not use array subscript when the index is not an integer constant expression [cppcoreguidelines-pro-bounds-constant-array-index][0m
  488 |                         if (current_piece.has_crystal[r][c]) {[0m
      | [0;1;32m                            ^
[0m[1m/home/fors/proj/tetris/src/tetris_core.hpp:489:29: [0m[0;1;35mwarning: [0m[1mdo not use array subscript when the index is not an integer constant expression [cppcoreguidelines-pro-bounds-constant-array-index][0m
  489 |                             grid[ny][nx].has_crystal = true;[0m
      | [0;1;32m                            ^
[0m[1m/home/fors/proj/tetris/src/tetris_core.hpp:499:18: [0m[0;1;35mwarning: [0m[1mloop variable name 'y' is too short, expected at least 2 characters [readability-identifier-length][0m
  499 |         for (int y = HEIGHT - 1; y >= 0; y--) {[0m
      | [0;1;32m                 ^
[0m[1m/home/fors/proj/tetris/src/tetris_core.hpp:501:22: [0m[0;1;35mwarning: [0m[1mloop variable name 'x' is too short, expected at least 2 characters [readability-identifier-length][0m
  501 |             for (int x = 0; x < WIDTH; x++)[0m
      | [0;1;32m                     ^
[0m[1m/home/fors/proj/tetris/src/tetris_core.hpp:502:21: [0m[0;1;35mwarning: [0m[1mdo not use array subscript when the index is not an integer constant expression [cppcoreguidelines-pro-bounds-constant-array-index][0m
  502 |                 if (grid[y][x].color == 0)[0m
      | [0;1;32m                    ^
[0m[1m/home/fors/proj/tetris/src/tetris_core.hpp:506:26: [0m[0;1;35mwarning: [0m[1mloop variable name 'x' is too short, expected at least 2 characters [readability-identifier-length][0m
  506 |                 for (int x = 0; x < WIDTH; x++) {[0m
      | [0;1;32m                         ^
[0m[1m/home/fors/proj/tetris/src/tetris_core.hpp:507:25: [0m[0;1;35mwarning: [0m[1mdo not use array subscript when the index is not an integer constant expression [cppcoreguidelines-pro-bounds-constant-array-index][0m
  507 |                     if (grid[y][x].has_crystal) {[0m
      | [0;1;32m                        ^
[0m[1m/home/fors/proj/tetris/src/tetris_core.hpp:514:21: [0m[0;1;35mwarning: [0m[1mdo not use array subscript when the index is not an integer constant expression [cppcoreguidelines-pro-bounds-constant-array-index][0m
  514 |                     grid[yy] = grid[yy - 1];[0m
      | [0;1;32m                    ^
[0m[1m/home/fors/proj/tetris/src/tetris_core.hpp:514:32: [0m[0;1;35mwarning: [0m[1mdo not use array subscript when the index is not an integer constant expression [cppcoreguidelines-pro-bounds-constant-array-index][0m
  514 |                     grid[yy] = grid[yy - 1];[0m
      | [0;1;32m                               ^
[0m[1m/home/fors/proj/tetris/src/tetris_core.hpp:515:26: [0m[0;1;35mwarning: [0m[1mloop variable name 'x' is too short, expected at least 2 characters [readability-identifier-length][0m
  515 |                 for (int x = 0; x < WIDTH; x++) {[0m
      | [0;1;32m                         ^
[0m[1m/home/fors/proj/tetris/src/tetris_core.hpp:516:21: [0m[0;1;35mwarning: [0m[1mdo not use array subscript when the index is not an integer constant expression [cppcoreguidelines-pro-bounds-constant-array-index][0m
  516 |                     grid[0][x].color = 0;[0m
      | [0;1;32m                    ^
[0m[1m/home/fors/proj/tetris/src/tetris_core.hpp:517:21: [0m[0;1;35mwarning: [0m[1mdo not use array subscript when the index is not an integer constant expression [cppcoreguidelines-pro-bounds-constant-array-index][0m
  517 |                     grid[0][x].has_crystal = false;[0m
      | [0;1;32m                    ^
[0m[100%] Linking CXX executable Tetris1
[100%] Built target Tetris1
